Component: ARM Compiler 5.06 update 6 (build 750) Tool: armlink [4d35ed]

==============================================================================

Section Cross References

    main.o(i.main) refers to boards.o(i.bsp_board_init) for bsp_board_init
    main.o(i.main) refers to nrf_log_frontend.o(i.nrf_log_init) for nrf_log_init
    main.o(i.main) refers to app_error.o(i.app_error_handler_bare) for app_error_handler_bare
    main.o(i.main) refers to nrf_log_default_backends.o(i.nrf_log_default_backends_init) for nrf_log_default_backends_init
    main.o(i.main) refers to nrf_drv_spi.o(i.nrf_drv_spi_init) for nrf_drv_spi_init
    main.o(i.main) refers to nrf_log_frontend.o(i.nrf_log_frontend_std_0) for nrf_log_frontend_std_0
    main.o(i.main) refers to nrfx_spim.o(i.nrfx_spim_xfer) for nrfx_spim_xfer
    main.o(i.main) refers to nrf_log_frontend.o(i.nrf_log_frontend_dequeue) for nrf_log_frontend_dequeue
    main.o(i.main) refers to boards.o(i.bsp_board_led_invert) for bsp_board_led_invert
    main.o(i.main) refers to main.o(.constdata) for .constdata
    main.o(i.main) refers to main.o(i.spi_event_handler) for spi_event_handler
    main.o(i.main) refers to nrf_log_frontend.o(log_const_data) for m_nrf_log_app_logs_data_const
    main.o(i.main) refers to main.o(.data) for .data
    main.o(i.spi_event_handler) refers to nrf_log_frontend.o(i.nrf_log_frontend_std_0) for nrf_log_frontend_std_0
    main.o(i.spi_event_handler) refers to strlen.o(.text) for strlen
    main.o(i.spi_event_handler) refers to nrf_log_frontend.o(i.nrf_log_frontend_hexdump) for nrf_log_frontend_hexdump
    main.o(i.spi_event_handler) refers to main.o(.data) for .data
    main.o(i.spi_event_handler) refers to nrf_log_frontend.o(log_const_data) for m_nrf_log_app_logs_data_const
    boards.o(i.bsp_board_button_idx_to_pin) refers to boards.o(.constdata) for .constdata
    boards.o(i.bsp_board_button_state_get) refers to boards.o(.constdata) for .constdata
    boards.o(i.bsp_board_init) refers to boards.o(i.nrf_gpio_cfg) for nrf_gpio_cfg
    boards.o(i.bsp_board_init) refers to boards.o(i.bsp_board_leds_off) for bsp_board_leds_off
    boards.o(i.bsp_board_init) refers to boards.o(.constdata) for .constdata
    boards.o(i.bsp_board_led_idx_to_pin) refers to boards.o(.constdata) for .constdata
    boards.o(i.bsp_board_led_invert) refers to boards.o(.constdata) for .constdata
    boards.o(i.bsp_board_led_off) refers to boards.o(i.nrf_gpio_pin_write) for nrf_gpio_pin_write
    boards.o(i.bsp_board_led_off) refers to boards.o(.constdata) for .constdata
    boards.o(i.bsp_board_led_on) refers to boards.o(i.nrf_gpio_pin_write) for nrf_gpio_pin_write
    boards.o(i.bsp_board_led_on) refers to boards.o(.constdata) for .constdata
    boards.o(i.bsp_board_led_state_get) refers to boards.o(.constdata) for .constdata
    boards.o(i.bsp_board_leds_off) refers to boards.o(i.bsp_board_led_off) for bsp_board_led_off
    boards.o(i.bsp_board_leds_on) refers to boards.o(i.bsp_board_led_on) for bsp_board_led_on
    boards.o(i.bsp_board_pin_to_button_idx) refers to boards.o(.constdata) for .constdata
    boards.o(i.bsp_board_pin_to_led_idx) refers to boards.o(.constdata) for .constdata
    bsp.o(i.alert_timer_handler) refers to boards.o(i.bsp_board_led_invert) for bsp_board_led_invert
    bsp.o(i.bsp_button_event_handler) refers to boards.o(i.bsp_board_pin_to_button_idx) for bsp_board_pin_to_button_idx
    bsp.o(i.bsp_button_event_handler) refers to app_timer2.o(i.app_timer_start) for app_timer_start
    bsp.o(i.bsp_button_event_handler) refers to app_timer2.o(i.app_timer_stop) for app_timer_stop
    bsp.o(i.bsp_button_event_handler) refers to bsp.o(.constdata) for .constdata
    bsp.o(i.bsp_button_event_handler) refers to bsp.o(.data) for .data
    bsp.o(i.bsp_button_event_handler) refers to bsp.o(.bss) for .bss
    bsp.o(i.bsp_button_is_pressed) refers to boards.o(i.bsp_board_button_state_get) for bsp_board_button_state_get
    bsp.o(i.bsp_buttons_disable) refers to app_button.o(i.app_button_disable) for app_button_disable
    bsp.o(i.bsp_buttons_enable) refers to app_button.o(i.app_button_enable) for app_button_enable
    bsp.o(i.bsp_event_to_button_action_assign) refers to bsp.o(.bss) for .bss
    bsp.o(i.bsp_indication_set) refers to bsp.o(i.bsp_led_indication) for bsp_led_indication
    bsp.o(i.bsp_indication_set) refers to bsp.o(.data) for .data
    bsp.o(i.bsp_init) refers to bsp.o(i.bsp_event_to_button_action_assign) for bsp_event_to_button_action_assign
    bsp.o(i.bsp_init) refers to app_button.o(i.app_button_init) for app_button_init
    bsp.o(i.bsp_init) refers to app_button.o(i.app_button_enable) for app_button_enable
    bsp.o(i.bsp_init) refers to app_timer2.o(i.app_timer_create) for app_timer_create
    bsp.o(i.bsp_init) refers to boards.o(i.bsp_board_init) for bsp_board_init
    bsp.o(i.bsp_init) refers to bsp.o(.data) for .data
    bsp.o(i.bsp_init) refers to bsp.o(.constdata) for .constdata
[...]
    ..\..\..\..\..\..\components\libraries\log\src\nrf_log_default_backends.c 0x00000000   Number         0  nrf_log_default_backends.o ABSOLUTE
    ..\..\..\..\..\..\components\libraries\log\src\nrf_log_frontend.c 0x00000000   Number         0  nrf_log_frontend.o ABSOLUTE
    ..\..\..\..\..\..\components\libraries\log\src\nrf_log_str_formatter.c 0x00000000   Number         0  nrf_log_str_formatter.o ABSOLUTE
    ..\..\..\..\..\..\components\libraries\memobj\nrf_memobj.c 0x00000000   Number         0  nrf_memobj.o ABSOLUTE
    ..\..\..\..\..\..\components\libraries\ringbuf\nrf_ringbuf.c 0x00000000   Number         0  nrf_ringbuf.o ABSOLUTE
    ..\..\..\..\..\..\components\libraries\scheduler\app_scheduler.c 0x00000000   Number         0  app_scheduler.o ABSOLUTE
    ..\..\..\..\..\..\components\libraries\sortlist\nrf_sortlist.c 0x00000000   Number         0  nrf_sortlist.o ABSOLUTE
    ..\..\..\..\..\..\components\libraries\strerror\nrf_strerror.c 0x00000000   Number         0  nrf_strerror.o ABSOLUTE
    ..\..\..\..\..\..\components\libraries\timer\app_timer2.c 0x00000000   Number         0  app_timer2.o ABSOLUTE
    ..\..\..\..\..\..\components\libraries\timer\drv_rtc.c 0x00000000   Number         0  drv_rtc.o ABSOLUTE
    ..\..\..\..\..\..\components\libraries\util\app_error.c 0x00000000   Number         0  app_error.o ABSOLUTE
    ..\..\..\..\..\..\components\libraries\util\app_error_handler_keil.c 0x00000000   Number         0  app_error_handler_keil.o ABSOLUTE
    ..\..\..\..\..\..\components\libraries\util\app_error_weak.c 0x00000000   Number         0  app_error_weak.o ABSOLUTE
    ..\..\..\..\..\..\components\libraries\util\app_util_platform.c 0x00000000   Number         0  app_util_platform.o ABSOLUTE
    ..\..\..\..\..\..\components\libraries\util\nrf_assert.c 0x00000000   Number         0  nrf_assert.o ABSOLUTE
    ..\..\..\..\..\..\external\fprintf\nrf_fprintf.c 0x00000000   Number         0  nrf_fprintf.o ABSOLUTE
    ..\..\..\..\..\..\external\fprintf\nrf_fprintf_format.c 0x00000000   Number         0  nrf_fprintf_format.o ABSOLUTE
    ..\..\..\..\..\..\external\segger_rtt\SEGGER_RTT.c 0x00000000   Number         0  segger_rtt.o ABSOLUTE
    ..\..\..\..\..\..\external\segger_rtt\SEGGER_RTT_Syscalls_KEIL.c 0x00000000   Number         0  segger_rtt_syscalls_keil.o ABSOLUTE
    ..\..\..\..\..\..\external\segger_rtt\SEGGER_RTT_printf.c 0x00000000   Number         0  segger_rtt_printf.o ABSOLUTE
    ..\..\..\..\..\..\integration\nrfx\legacy\nrf_drv_spi.c 0x00000000   Number         0  nrf_drv_spi.o ABSOLUTE
    ..\..\..\..\..\..\integration\nrfx\legacy\nrf_drv_uart.c 0x00000000   Number         0  nrf_drv_uart.o ABSOLUTE
    ..\..\..\..\..\..\modules\nrfx\drivers\src\nrfx_gpiote.c 0x00000000   Number         0  nrfx_gpiote.o ABSOLUTE
    ..\..\..\..\..\..\modules\nrfx\drivers\src\nrfx_spi.c 0x00000000   Number         0  nrfx_spi.o ABSOLUTE
    ..\..\..\..\..\..\modules\nrfx\drivers\src\nrfx_spim.c 0x00000000   Number         0  nrfx_spim.o ABSOLUTE
    ..\..\..\..\..\..\modules\nrfx\drivers\src\nrfx_uart.c 0x00000000   Number         0  nrfx_uart.o ABSOLUTE
    ..\..\..\..\..\..\modules\nrfx\drivers\src\nrfx_uarte.c 0x00000000   Number         0  nrfx_uarte.o ABSOLUTE
    ..\..\..\..\..\..\modules\nrfx\drivers\src\prs\nrfx_prs.c 0x00000000   Number         0  nrfx_prs.o ABSOLUTE
    ..\..\..\..\..\..\modules\nrfx\soc\nrfx_atomic.c 0x00000000   Number         0  nrfx_atomic.o ABSOLUTE
    ..\..\..\main.c                          0x00000000   Number         0  main.o ABSOLUTE
    ..\\..\\..\\..\\..\\..\\components\\boards\\boards.c 0x00000000   Number         0  boards.o ABSOLUTE
    ..\\..\\..\\..\\..\\..\\components\\libraries\\atomic\\nrf_atomic.c 0x00000000   Number         0  nrf_atomic.o ABSOLUTE
    ..\\..\\..\\..\\..\\..\\components\\libraries\\atomic_fifo\\nrf_atfifo.c 0x00000000   Number         0  nrf_atfifo.o ABSOLUTE
    ..\\..\\..\\..\\..\\..\\components\\libraries\\balloc\\nrf_balloc.c 0x00000000   Number         0  nrf_balloc.o ABSOLUTE
    ..\\..\\..\\..\\..\\..\\components\\libraries\\bsp\\bsp.c 0x00000000   Number         0  bsp.o ABSOLUTE
    ..\\..\\..\\..\\..\\..\\components\\libraries\\button\\app_button.c 0x00000000   Number         0  app_button.o ABSOLUTE
    ..\\..\\..\\..\\..\\..\\components\\libraries\\log\\src\\nrf_log_backend_rtt.c 0x00000000   Number         0  nrf_log_backend_rtt.o ABSOLUTE
    ..\\..\\..\\..\\..\\..\\components\\libraries\\log\\src\\nrf_log_backend_serial.c 0x00000000   Number         0  nrf_log_backend_serial.o ABSOLUTE
    ..\\..\\..\\..\\..\\..\\components\\libraries\\log\\src\\nrf_log_backend_uart.c 0x00000000   Number         0  nrf_log_backend_uart.o ABSOLUTE
    ..\\..\\..\\..\\..\\..\\components\\libraries\\log\\src\\nrf_log_default_backends.c 0x00000000   Number         0  nrf_log_default_backends.o ABSOLUTE
    ..\\..\\..\\..\\..\\..\\components\\libraries\\log\\src\\nrf_log_frontend.c 0x00000000   Number         0  nrf_log_frontend.o ABSOLUTE
    ..\\..\\..\\..\\..\\..\\components\\libraries\\log\\src\\nrf_log_str_formatter.c 0x00000000   Number         0  nrf_log_str_formatter.o ABSOLUTE
    ..\\..\\..\\..\\..\\..\\components\\libraries\\memobj\\nrf_memobj.c 0x00000000   Number         0  nrf_memobj.o ABSOLUTE
    ..\\..\\..\\..\\..\\..\\components\\libraries\\ringbuf\\nrf_ringbuf.c 0x00000000   Number         0  nrf_ringbuf.o ABSOLUTE
    ..\\..\\..\\..\\..\\..\\components\\libraries\\scheduler\\app_scheduler.c 0x00000000   Number         0  app_scheduler.o ABSOLUTE
    ..\\..\\..\\..\\..\\..\\components\\libraries\\sortlist\\nrf_sortlist.c 0x00000000   Number         0  nrf_sortlist.o ABSOLUTE
    ..\\..\\..\\..\\..\\..\\components\\libraries\\strerror\\nrf_strerror.c 0x00000000   Number         0  nrf_strerror.o ABSOLUTE
    ..\\..\\..\\..\\..\\..\\components\\libraries\\timer\\app_timer2.c 0x00000000   Number         0  app_timer2.o ABSOLUTE
    ..\\..\\..\\..\\..\\..\\components\\libraries\\timer\\drv_rtc.c 0x00000000   Number         0  drv_rtc.o ABSOLUTE
    ..\\..\\..\\..\\..\\..\\components\\libraries\\util\\app_error.c 0x00000000   Number         0  app_error.o ABSOLUTE
    ..\\..\\..\\..\\..\\..\\components\\libraries\\util\\app_error_handler_keil.c 0x00000000   Number         0  app_error_handler_keil.o ABSOLUTE
    ..\\..\\..\\..\\..\\..\\components\\libraries\\util\\app_error_weak.c 0x00000000   Number         0  app_error_weak.o ABSOLUTE
    ..\\..\\..\\..\\..\\..\\components\\libraries\\util\\app_util_platform.c 0x00000000   Number         0  app_util_platform.o ABSOLUTE
    ..\\..\\..\\..\\..\\..\\components\\libraries\\util\\nrf_assert.c 0x00000000   Number         0  nrf_assert.o ABSOLUTE
    ..\\..\\..\\..\\..\\..\\external\\fprintf\\nrf_fprintf.c 0x00000000   Number         0  nrf_fprintf.o ABSOLUTE
    ..\\..\\..\\..\\..\\..\\external\\fprintf\\nrf_fprintf_format.c 0x00000000   Number         0  nrf_fprintf_format.o ABSOLUTE
    ..\\..\\..\\..\\..\\..\\external\\segger_rtt\\SEGGER_RTT.c 0x00000000   Number         0  segger_rtt.o ABSOLUTE
    ..\\..\\..\\..\\..\\..\\external\\segger_rtt\\SEGGER_RTT_Syscalls_KEIL.c 0x00000000   Number         0  segger_rtt_syscalls_keil.o ABSOLUTE
    ..\\..\\..\\..\\..\\..\\external\\segger_rtt\\SEGGER_RTT_printf.c 0x00000000   Number         0  segger_rtt_printf.o ABSOLUTE
    ..\\..\\..\\..\\..\\..\\integration\\nrfx\\legacy\\nrf_drv_spi.c 0x00000000   Number         0  nrf_drv_spi.o ABSOLUTE
    ..\\..\\..\\..\\..\\..\\integration\\nrfx\\legacy\\nrf_drv_uart.c 0x00000000   Number         0  nrf_drv_uart.o ABSOLUTE
    ..\\..\\..\\..\\..\\..\\modules\\nrfx\\drivers\\src\\nrfx_gpiote.c 0x00000000   Number         0  nrfx_gpiote.o ABSOLUTE
    ..\\..\\..\\..\\..\\..\\modules\\nrfx\\drivers\\src\\nrfx_spi.c 0x00000000   Number         0  nrfx_spi.o ABSOLUTE
    ..\\..\\..\\..\\..\\..\\modules\\nrfx\\drivers\\src\\nrfx_spim.c 0x00000000   Number         0  nrfx_spim.o ABSOLUTE
    ..\\..\\..\\..\\..\\..\\modules\\nrfx\\drivers\\src\\nrfx_uart.c 0x00000000   Number         0  nrfx_uart.o ABSOLUTE
    ..\\..\\..\\..\\..\\..\\modules\\nrfx\\drivers\\src\\nrfx_uarte.c 0x00000000   Number         0  nrfx_uarte.o ABSOLUTE
    ..\\..\\..\\..\\..\\..\\modules\\nrfx\\drivers\\src\\prs\\nrfx_prs.c 0x00000000   Number         0  nrfx_prs.o ABSOLUTE
    ..\\..\\..\\..\\..\\..\\modules\\nrfx\\soc\\nrfx_atomic.c 0x00000000   Number         0  nrfx_atomic.o ABSOLUTE
    ..\\..\\..\\main.c                       0x00000000   Number         0  main.o ABSOLUTE
    RTE\Device\nRF52832_xxAA\arm_startup_nrf52.s 0x00000000   Number         0  arm_startup_nrf52.o ABSOLUTE
    RTE\Device\nRF52832_xxAA\system_nrf52.c  0x00000000   Number         0  system_nrf52.o ABSOLUTE
    RTE\\Device\\nRF52832_xxAA\\system_nrf52.c 0x00000000   Number         0  system_nrf52.o ABSOLUTE
    dc.s                                     0x00000000   Number         0  dc.o ABSOLUTE
    handlers.s                               0x00000000   Number         0  handlers.o ABSOLUTE
    init.s                                   0x00000000   Number         0  init.o ABSOLUTE
    .ARM.Collect$$$$00000000                 0x00000200   Section        0  entry.o(.ARM.Collect$$$$00000000)
    .ARM.Collect$$$$00000001                 0x00000200   Section        4  entry2.o(.ARM.Collect$$$$00000001)
    .ARM.Collect$$$$00000004                 0x00000204   Section        4  entry5.o(.ARM.Collect$$$$00000004)
    .ARM.Collect$$$$00000008                 0x00000208   Section        0  entry7b.o(.ARM.Collect$$$$00000008)
    .ARM.Collect$$$$0000000A                 0x00000208   Section        0  entry8b.o(.ARM.Collect$$$$0000000A)
    .ARM.Collect$$$$0000000B                 0x00000208   Section        8  entry9a.o(.ARM.Collect$$$$0000000B)
    .ARM.Collect$$$$0000000D                 0x00000210   Section        0  entry10a.o(.ARM.Collect$$$$0000000D)
    .ARM.Collect$$$$0000000F                 0x00000210   Section        0  entry11a.o(.ARM.Collect$$$$0000000F)
    .ARM.Collect$$$$00002712                 0x00000210   Section        4  entry2.o(.ARM.Collect$$$$00002712)
    __lit__00000000                          0x00000210   Data           4  entry2.o(.ARM.Collect$$$$00002712)
    .emb_text                                0x00000214   Section      226  nrf_atomic.o(.emb_text)
    $v0                                      0x00000214   Number         0  nrf_atomic.o(.emb_text)
    .text                                    0x000002f8   Section       36  arm_startup_nrf52.o(.text)
    $v0                                      0x000002f8   Number         0  arm_startup_nrf52.o(.text)
    .text                                    0x0000031c   Section        0  ctype_o.o(.text)
    .text                                    0x00000324   Section        0  memcpya.o(.text)
    .text                                    0x00000348   Section        0  memseta.o(.text)
    .text                                    0x0000036c   Section        0  strlen.o(.text)
    .text                                    0x0000037c   Section       36  init.o(.text)
    i.GPIOTE_IRQHandler                      0x000003a0   Section        0  nrfx_gpiote.o(i.GPIOTE_IRQHandler)
    i.RTC1_IRQHandler                        0x00000460   Section        0  drv_rtc.o(i.RTC1_IRQHandler)
    i.SPIM0_SPIS0_TWIM0_TWIS0_SPI0_TWI0_IRQHandler 0x00000470   Section        0  nrfx_spim.o(i.SPIM0_SPIS0_TWIM0_TWIS0_SPI0_TWI0_IRQHandler)
    i.SystemInit                             0x000004c4   Section        0  system_nrf52.o(i.SystemInit)
    i.UARTE0_UART0_IRQHandler                0x0000085c   Section        0  nrfx_prs.o(i.UARTE0_UART0_IRQHandler)
    i.__scatterload_copy                     0x00000868   Section       14  handlers.o(i.__scatterload_copy)
    i.__scatterload_null                     0x00000876   Section        2  handlers.o(i.__scatterload_null)
    i.__scatterload_zeroinit                 0x00000878   Section       14  handlers.o(i.__scatterload_zeroinit)
    i.app_error_fault_handler                0x00000888   Section        0  app_error_weak.o(i.app_error_fault_handler)
    i.app_error_handler_bare                 0x0000090c   Section        0  app_error.o(i.app_error_handler_bare)
    i.app_util_critical_region_enter         0x00000922   Section        0  app_util_platform.o(i.app_util_critical_region_enter)
    i.app_util_critical_region_exit          0x00000926   Section        0  app_util_platform.o(i.app_util_critical_region_exit)
    i.app_util_disable_irq                   0x0000092c   Section        0  app_util_platform.o(i.app_util_disable_irq)
    i.app_util_enable_irq                    0x0000093c   Section        0  app_util_platform.o(i.app_util_enable_irq)
    i.apply_config                           0x00000950   Section        0  nrfx_uart.o(i.apply_config)
    apply_config                             0x00000951   Thumb Code   136  nrfx_uart.o(i.apply_config)
    i.apply_config                           0x000009d8   Section        0  nrfx_uarte.o(i.apply_config)
    apply_config                             0x000009d9   Thumb Code   136  nrfx_uarte.o(i.apply_config)
    i.bsp_board_init                         0x00000a60   Section        0  boards.o(i.bsp_board_init)
    i.bsp_board_led_invert                   0x00000ab4   Section        0  boards.o(i.bsp_board_led_invert)
    i.bsp_board_led_off                      0x00000ad8   Section        0  boards.o(i.bsp_board_led_off)
    i.bsp_board_leds_off                     0x00000ae8   Section        0  boards.o(i.bsp_board_leds_off)
    i.buf_prealloc                           0x00000afc   Section        0  nrf_log_frontend.o(i.buf_prealloc)
    buf_prealloc                             0x00000afd   Thumb Code   132  nrf_log_frontend.o(i.buf_prealloc)
    i.buffer_add                             0x00000b88   Section        0  nrf_fprintf_format.o(i.buffer_add)
    buffer_add                               0x00000b89   Thumb Code    46  nrf_fprintf_format.o(i.buffer_add)
    i.buffer_is_empty                        0x00000bb8   Section        0  nrf_log_frontend.o(i.buffer_is_empty)
    i.channel_port_get                       0x00000bd0   Section        0  nrfx_gpiote.o(i.channel_port_get)
    channel_port_get                         0x00000bd1   Thumb Code    10  nrfx_gpiote.o(i.channel_port_get)
    i.dropped_sat16_get                      0x00000be0   Section        0  nrf_log_frontend.o(i.dropped_sat16_get)
    dropped_sat16_get                        0x00000be1   Thumb Code    16  nrf_log_frontend.o(i.dropped_sat16_get)
    i.int_print                              0x00000bf4   Section        0  nrf_fprintf_format.o(i.int_print)
    int_print                                0x00000bf5   Thumb Code   166  nrf_fprintf_format.o(i.int_print)
    i.interrupts_enable                      0x00000c9c   Section        0  nrfx_uarte.o(i.interrupts_enable)
    interrupts_enable                        0x00000c9d   Thumb Code   132  nrfx_uarte.o(i.interrupts_enable)
    i.invalid_packets_omit                   0x00000d24   Section        0  nrf_log_frontend.o(i.invalid_packets_omit)
    invalid_packets_omit                     0x00000d25   Thumb Code    52  nrf_log_frontend.o(i.invalid_packets_omit)
    i.log_skip                               0x00000d58   Section        0  nrf_log_frontend.o(i.log_skip)
    log_skip                                 0x00000d59   Thumb Code   150  nrf_log_frontend.o(i.log_skip)
    i.main                                   0x00000dfc   Section        0  main.o(i.main)
    i.memobj_op                              0x00000ef8   Section        0  nrf_memobj.o(i.memobj_op)
    memobj_op                                0x00000ef9   Thumb Code   126  nrf_memobj.o(i.memobj_op)
    i.module_idx_get                         0x00000f78   Section        0  nrf_log_frontend.o(i.module_idx_get)
    module_idx_get                           0x00000f79   Thumb Code    42  nrf_log_frontend.o(i.module_idx_get)
    i.nrf_atomic_flag_clear_fetch            0x00000fa8   Section        0  nrf_atomic.o(i.nrf_atomic_flag_clear_fetch)
    i.nrf_atomic_flag_set                    0x00000fae   Section        0  nrf_atomic.o(i.nrf_atomic_flag_set)
    i.nrf_atomic_u32_add                     0x00000fb4   Section        0  nrf_atomic.o(i.nrf_atomic_u32_add)
    i.nrf_atomic_u32_fetch_and               0x00000fc0   Section        0  nrf_atomic.o(i.nrf_atomic_u32_fetch_and)
    i.nrf_atomic_u32_fetch_store             0x00000fca   Section        0  nrf_atomic.o(i.nrf_atomic_u32_fetch_store)
    i.nrf_atomic_u32_or                      0x00000fd4   Section        0  nrf_atomic.o(i.nrf_atomic_u32_or)
    i.nrf_atomic_u32_sub                     0x00000fe0   Section        0  nrf_atomic.o(i.nrf_atomic_u32_sub)
    i.nrf_balloc_alloc                       0x00000fec   Section        0  nrf_balloc.o(i.nrf_balloc_alloc)
    i.nrf_balloc_free                        0x0000102a   Section        0  nrf_balloc.o(i.nrf_balloc_free)
    i.nrf_balloc_init                        0x00001054   Section        0  nrf_balloc.o(i.nrf_balloc_init)
    i.nrf_bitmask_bit_is_set                 0x00001084   Section        0  nrfx_gpiote.o(i.nrf_bitmask_bit_is_set)
    nrf_bitmask_bit_is_set                   0x00001085   Thumb Code    16  nrfx_gpiote.o(i.nrf_bitmask_bit_is_set)
    i.nrf_drv_spi_init                       0x00001094   Section        0  nrf_drv_spi.o(i.nrf_drv_spi_init)
    i.nrf_drv_uart_init                      0x00001104   Section        0  nrf_drv_uart.o(i.nrf_drv_uart_init)
    i.nrf_fprintf                            0x0000116c   Section        0  nrf_fprintf.o(i.nrf_fprintf)
    i.nrf_fprintf_buffer_flush               0x00001186   Section        0  nrf_fprintf.o(i.nrf_fprintf_buffer_flush)
    i.nrf_fprintf_fmt                        0x0000119e   Section        0  nrf_fprintf_format.o(i.nrf_fprintf_fmt)
    i.nrf_gpio_cfg                           0x00001378   Section        0  boards.o(i.nrf_gpio_cfg)
    nrf_gpio_cfg                             0x00001379   Thumb Code    36  boards.o(i.nrf_gpio_cfg)
    i.nrf_gpio_cfg                           0x0000139c   Section        0  nrfx_spim.o(i.nrf_gpio_cfg)
    nrf_gpio_cfg                             0x0000139d   Thumb Code    36  nrfx_spim.o(i.nrf_gpio_cfg)
    i.nrf_gpio_cfg                           0x000013c0   Section        0  nrfx_uart.o(i.nrf_gpio_cfg)
    nrf_gpio_cfg                             0x000013c1   Thumb Code    36  nrfx_uart.o(i.nrf_gpio_cfg)
    i.nrf_gpio_cfg                           0x000013e4   Section        0  nrfx_uarte.o(i.nrf_gpio_cfg)
    nrf_gpio_cfg                             0x000013e5   Thumb Code    36  nrfx_uarte.o(i.nrf_gpio_cfg)
    i.nrf_gpio_cfg_default                   0x00001408   Section        0  nrfx_uart.o(i.nrf_gpio_cfg_default)
    nrf_gpio_cfg_default                     0x00001409   Thumb Code    18  nrfx_uart.o(i.nrf_gpio_cfg_default)
    i.nrf_gpio_cfg_default                   0x0000141a   Section        0  nrfx_uarte.o(i.nrf_gpio_cfg_default)
    nrf_gpio_cfg_default                     0x0000141b   Thumb Code    18  nrfx_uarte.o(i.nrf_gpio_cfg_default)
    i.nrf_gpio_cfg_input                     0x0000142c   Section        0  nrfx_uart.o(i.nrf_gpio_cfg_input)
    nrf_gpio_cfg_input                       0x0000142d   Thumb Code    18  nrfx_uart.o(i.nrf_gpio_cfg_input)
    i.nrf_gpio_cfg_input                     0x0000143e   Section        0  nrfx_uarte.o(i.nrf_gpio_cfg_input)
    nrf_gpio_cfg_input                       0x0000143f   Thumb Code    18  nrfx_uarte.o(i.nrf_gpio_cfg_input)
    i.nrf_gpio_cfg_output                    0x00001450   Section        0  nrfx_spim.o(i.nrf_gpio_cfg_output)
    nrf_gpio_cfg_output                      0x00001451   Thumb Code    20  nrfx_spim.o(i.nrf_gpio_cfg_output)
    i.nrf_gpio_cfg_output                    0x00001464   Section        0  nrfx_uart.o(i.nrf_gpio_cfg_output)
    nrf_gpio_cfg_output                      0x00001465   Thumb Code    20  nrfx_uart.o(i.nrf_gpio_cfg_output)
    i.nrf_gpio_cfg_output                    0x00001478   Section        0  nrfx_uarte.o(i.nrf_gpio_cfg_output)
    nrf_gpio_cfg_output                      0x00001479   Thumb Code    20  nrfx_uarte.o(i.nrf_gpio_cfg_output)
    i.nrf_gpio_cfg_sense_set                 0x0000148c   Section        0  nrfx_gpiote.o(i.nrf_gpio_cfg_sense_set)
    nrf_gpio_cfg_sense_set                   0x0000148d   Thumb Code    34  nrfx_gpiote.o(i.nrf_gpio_cfg_sense_set)
    i.nrf_gpio_latches_read_and_clear        0x000014b0   Section        0  nrfx_gpiote.o(i.nrf_gpio_latches_read_and_clear)
    nrf_gpio_latches_read_and_clear          0x000014b1   Thumb Code    38  nrfx_gpiote.o(i.nrf_gpio_latches_read_and_clear)
    i.nrf_gpio_pin_clear                     0x000014dc   Section        0  nrfx_spim.o(i.nrf_gpio_pin_clear)
    nrf_gpio_pin_clear                       0x000014dd   Thumb Code    14  nrfx_spim.o(i.nrf_gpio_pin_clear)
    i.nrf_gpio_pin_set                       0x000014ea   Section        0  nrfx_spim.o(i.nrf_gpio_pin_set)
    nrf_gpio_pin_set                         0x000014eb   Thumb Code    14  nrfx_spim.o(i.nrf_gpio_pin_set)
    i.nrf_gpio_pin_write                     0x000014f8   Section        0  boards.o(i.nrf_gpio_pin_write)
    nrf_gpio_pin_write                       0x000014f9   Thumb Code    22  boards.o(i.nrf_gpio_pin_write)
    i.nrf_gpiote_event_clear                 0x00001510   Section        0  nrfx_gpiote.o(i.nrf_gpiote_event_clear)
    nrf_gpiote_event_clear                   0x00001511   Thumb Code    16  nrfx_gpiote.o(i.nrf_gpiote_event_clear)
    i.nrf_gpiote_event_is_set                0x00001524   Section        0  nrfx_gpiote.o(i.nrf_gpiote_event_is_set)
    nrf_gpiote_event_is_set                  0x00001525   Thumb Code    12  nrfx_gpiote.o(i.nrf_gpiote_event_is_set)
    i.nrf_log_backend_add                    0x00001534   Section        0  nrf_log_frontend.o(i.nrf_log_backend_add)
    i.nrf_log_backend_serial_put             0x00001590   Section        0  nrf_log_backend_serial.o(i.nrf_log_backend_serial_put)
    i.nrf_log_backend_uart_flush             0x00001658   Section        0  nrf_log_backend_uart.o(i.nrf_log_backend_uart_flush)
    nrf_log_backend_uart_flush               0x00001659   Thumb Code     2  nrf_log_backend_uart.o(i.nrf_log_backend_uart_flush)
    i.nrf_log_backend_uart_init              0x0000165a   Section        0  nrf_log_backend_uart.o(i.nrf_log_backend_uart_init)
    i.nrf_log_backend_uart_panic_set         0x00001660   Section        0  nrf_log_backend_uart.o(i.nrf_log_backend_uart_panic_set)
    nrf_log_backend_uart_panic_set           0x00001661   Thumb Code    36  nrf_log_backend_uart.o(i.nrf_log_backend_uart_panic_set)
    i.nrf_log_backend_uart_put               0x0000168c   Section        0  nrf_log_backend_uart.o(i.nrf_log_backend_uart_put)
    nrf_log_backend_uart_put                 0x0000168d   Thumb Code    16  nrf_log_backend_uart.o(i.nrf_log_backend_uart_put)
    i.nrf_log_color_id_get                   0x000016a4   Section        0  nrf_log_frontend.o(i.nrf_log_color_id_get)
    i.nrf_log_default_backends_init          0x000016d4   Section        0  nrf_log_default_backends.o(i.nrf_log_default_backends_init)
    i.nrf_log_frontend_dequeue               0x000016f0   Section        0  nrf_log_frontend.o(i.nrf_log_frontend_dequeue)
    i.nrf_log_frontend_hexdump               0x00001924   Section        0  nrf_log_frontend.o(i.nrf_log_frontend_hexdump)
    i.nrf_log_frontend_std_0                 0x000019cc   Section        0  nrf_log_frontend.o(i.nrf_log_frontend_std_0)
    i.nrf_log_hexdump_entry_process          0x000019d4   Section        0  nrf_log_str_formatter.o(i.nrf_log_hexdump_entry_process)
    i.nrf_log_init                           0x00001a84   Section        0  nrf_log_frontend.o(i.nrf_log_init)
    i.nrf_log_module_cnt_get                 0x00001aac   Section        0  nrf_log_frontend.o(i.nrf_log_module_cnt_get)
    i.nrf_log_module_name_get                0x00001ac0   Section        0  nrf_log_frontend.o(i.nrf_log_module_name_get)
    i.nrf_log_panic                          0x00001adc   Section        0  nrf_log_frontend.o(i.nrf_log_panic)
    i.nrf_log_std_entry_process              0x00001b04   Section        0  nrf_log_str_formatter.o(i.nrf_log_std_entry_process)
    i.nrf_memobj_alloc                       0x00001bba   Section        0  nrf_memobj.o(i.nrf_memobj_alloc)
    i.nrf_memobj_free                        0x00001c1a   Section        0  nrf_memobj.o(i.nrf_memobj_free)
    i.nrf_memobj_get                         0x00001c4c   Section        0  nrf_memobj.o(i.nrf_memobj_get)
    i.nrf_memobj_pool_init                   0x00001c54   Section        0  nrf_memobj.o(i.nrf_memobj_pool_init)
    i.nrf_memobj_put                         0x00001c58   Section        0  nrf_memobj.o(i.nrf_memobj_put)
    i.nrf_memobj_read                        0x00001c76   Section        0  nrf_memobj.o(i.nrf_memobj_read)
    i.nrf_memobj_write                       0x00001c86   Section        0  nrf_memobj.o(i.nrf_memobj_write)
    i.nrf_ringbuf_init                       0x00001c96   Section        0  nrf_ringbuf.o(i.nrf_ringbuf_init)
    i.nrf_spim_event_check                   0x00001cb2   Section        0  nrfx_spim.o(i.nrf_spim_event_check)
    nrf_spim_event_check                     0x00001cb3   Thumb Code    10  nrfx_spim.o(i.nrf_spim_event_check)
    i.nrf_uart_event_check                   0x00001cbc   Section        0  nrfx_uart.o(i.nrf_uart_event_check)
    nrf_uart_event_check                     0x00001cbd   Thumb Code    10  nrfx_uart.o(i.nrf_uart_event_check)
    i.nrf_uart_event_clear                   0x00001cc6   Section        0  nrfx_uart.o(i.nrf_uart_event_clear)
    nrf_uart_event_clear                     0x00001cc7   Thumb Code    12  nrfx_uart.o(i.nrf_uart_event_clear)
    i.nrf_uart_int_enable_check              0x00001cd2   Section        0  nrfx_uart.o(i.nrf_uart_int_enable_check)
    nrf_uart_int_enable_check                0x00001cd3   Thumb Code    12  nrfx_uart.o(i.nrf_uart_int_enable_check)
    i.nrf_uarte_event_check                  0x00001cde   Section        0  nrfx_uarte.o(i.nrf_uarte_event_check)
    nrf_uarte_event_check                    0x00001cdf   Thumb Code    10  nrfx_uarte.o(i.nrf_uarte_event_check)
    i.nrf_uarte_event_clear                  0x00001ce8   Section        0  nrfx_uarte.o(i.nrf_uarte_event_clear)
    nrf_uarte_event_clear                    0x00001ce9   Thumb Code    12  nrfx_uarte.o(i.nrf_uarte_event_clear)
    i.nrfx_is_in_ram                         0x00001cf4   Section        0  nrfx_spim.o(i.nrfx_is_in_ram)
    nrfx_is_in_ram                           0x00001cf5   Thumb Code    16  nrfx_spim.o(i.nrfx_is_in_ram)
    i.nrfx_is_in_ram                         0x00001d04   Section        0  nrfx_uarte.o(i.nrfx_is_in_ram)
    nrfx_is_in_ram                           0x00001d05   Thumb Code    16  nrfx_uarte.o(i.nrfx_is_in_ram)
    i.nrfx_prs_acquire                       0x00001d14   Section        0  nrfx_prs.o(i.nrfx_prs_acquire)
    i.nrfx_prs_release                       0x00001d44   Section        0  nrfx_prs.o(i.nrfx_prs_release)
    i.nrfx_spim_init                         0x00001d58   Section        0  nrfx_spim.o(i.nrfx_spim_init)
    i.nrfx_spim_xfer                         0x00001ec4   Section        0  nrfx_spim.o(i.nrfx_spim_xfer)
    i.nrfx_uart_0_irq_handler                0x00001f28   Section        0  nrfx_uart.o(i.nrfx_uart_0_irq_handler)
    i.nrfx_uart_init                         0x00001f38   Section        0  nrfx_uart.o(i.nrfx_uart_init)
    i.nrfx_uart_tx                           0x0000200c   Section        0  nrfx_uart.o(i.nrfx_uart_tx)
    i.nrfx_uart_tx_in_progress               0x000020b4   Section        0  nrfx_uart.o(i.nrfx_uart_tx_in_progress)
    i.nrfx_uart_uninit                       0x000020d4   Section        0  nrfx_uart.o(i.nrfx_uart_uninit)
    i.nrfx_uarte_0_irq_handler               0x00002194   Section        0  nrfx_uarte.o(i.nrfx_uarte_0_irq_handler)
    i.nrfx_uarte_init                        0x000021a4   Section        0  nrfx_uarte.o(i.nrfx_uarte_init)
    i.nrfx_uarte_tx                          0x00002210   Section        0  nrfx_uarte.o(i.nrfx_uarte_tx)
    i.nrfx_uarte_tx_in_progress              0x000022bc   Section        0  nrfx_uarte.o(i.nrfx_uarte_tx_in_progress)
    i.nrfx_uarte_uninit                      0x000022d8   Section        0  nrfx_uarte.o(i.nrfx_uarte_uninit)
    i.port_event_handle                      0x000023e0   Section        0  nrfx_gpiote.o(i.port_event_handle)
    port_event_handle                        0x000023e1   Thumb Code   176  nrfx_gpiote.o(i.port_event_handle)
    i.port_handler_polarity_get              0x00002494   Section        0  nrfx_gpiote.o(i.port_handler_polarity_get)
    port_handler_polarity_get                0x00002495   Thumb Code    12  nrfx_gpiote.o(i.port_handler_polarity_get)
    i.postfix_process                        0x000024a4   Section        0  nrf_log_str_formatter.o(i.postfix_process)
    postfix_process                          0x000024a5   Thumb Code    48  nrf_log_str_formatter.o(i.postfix_process)
    i.prefix_process                         0x000024e0   Section        0  nrf_log_str_formatter.o(i.prefix_process)
    prefix_process                           0x000024e1   Thumb Code    90  nrf_log_str_formatter.o(i.prefix_process)
    i.prs_box_get                            0x00002578   Section        0  nrfx_prs.o(i.prs_box_get)
    prs_box_get                              0x00002579   Thumb Code    14  nrfx_prs.o(i.prs_box_get)
    i.rx_byte                                0x00002590   Section        0  nrfx_uart.o(i.rx_byte)
    rx_byte                                  0x00002591   Thumb Code    50  nrfx_uart.o(i.rx_byte)
    i.rx_done_event                          0x000025c2   Section        0  nrfx_uart.o(i.rx_done_event)
    rx_done_event                            0x000025c3   Thumb Code    22  nrfx_uart.o(i.rx_done_event)
    i.rx_done_event                          0x000025d8   Section        0  nrfx_uarte.o(i.rx_done_event)
    rx_done_event                            0x000025d9   Thumb Code    22  nrfx_uarte.o(i.rx_done_event)
    i.serial_tx                              0x000025f0   Section        0  nrf_log_backend_uart.o(i.serial_tx)
    serial_tx                                0x000025f1   Thumb Code    54  nrf_log_backend_uart.o(i.serial_tx)
    i.spi_event_handler                      0x00002630   Section        0  main.o(i.spi_event_handler)
    i.spim_evt_handler                       0x000026a8   Section        0  nrf_drv_spi.o(i.spim_evt_handler)
    spim_evt_handler                         0x000026a9   Thumb Code    52  nrf_drv_spi.o(i.spim_evt_handler)
    i.spim_xfer                              0x000026e0   Section        0  nrfx_spim.o(i.spim_xfer)
    spim_xfer                                0x000026e1   Thumb Code   188  nrfx_spim.o(i.spim_xfer)
    i.std_n                                  0x0000279c   Section        0  nrf_log_frontend.o(i.std_n)
    std_n                                    0x0000279d   Thumb Code   140  nrf_log_frontend.o(i.std_n)
    i.tx_byte                                0x00002830   Section        0  nrfx_uart.o(i.tx_byte)
    tx_byte                                  0x00002831   Thumb Code    32  nrfx_uart.o(i.tx_byte)
    i.tx_done_event                          0x00002850   Section        0  nrfx_uart.o(i.tx_done_event)
    tx_done_event                            0x00002851   Thumb Code    26  nrfx_uart.o(i.tx_done_event)
    i.tx_done_event                          0x0000286a   Section        0  nrfx_uarte.o(i.tx_done_event)
    tx_done_event                            0x0000286b   Thumb Code    26  nrfx_uarte.o(i.tx_done_event)
    i.uart_evt_handler                       0x00002884   Section        0  nrf_drv_uart.o(i.uart_evt_handler)
    uart_evt_handler                         0x00002885   Thumb Code    42  nrf_drv_uart.o(i.uart_evt_handler)
    i.uart_evt_handler                       0x000028b4   Section        0  nrf_log_backend_uart.o(i.uart_evt_handler)
    uart_evt_handler                         0x000028b5   Thumb Code     8  nrf_log_backend_uart.o(i.uart_evt_handler)
    i.uart_init                              0x000028c0   Section        0  nrf_log_backend_uart.o(i.uart_init)
    uart_init                                0x000028c1   Thumb Code    66  nrf_log_backend_uart.o(i.uart_init)
    i.uart_irq_handler                       0x00002910   Section        0  nrfx_uart.o(i.uart_irq_handler)
    uart_irq_handler                         0x00002911   Thumb Code   298  nrfx_uart.o(i.uart_irq_handler)
    i.uarte_evt_handler                      0x00002a3c   Section        0  nrf_drv_uart.o(i.uarte_evt_handler)
    uarte_evt_handler                        0x00002a3d   Thumb Code    42  nrf_drv_uart.o(i.uarte_evt_handler)
    i.uarte_irq_handler                      0x00002a6c   Section        0  nrfx_uarte.o(i.uarte_irq_handler)
    uarte_irq_handler                        0x00002a6d   Thumb Code   274  nrfx_uarte.o(i.uarte_irq_handler)
    i.unsigned_print                         0x00002b80   Section        0  nrf_fprintf_format.o(i.unsigned_print)
    unsigned_print                           0x00002b81   Thumb Code   176  nrf_fprintf_format.o(i.unsigned_print)
    .constdata                               0x00002c40   Section       40  main.o(.constdata)
    delay_machine_code                       0x00002c40   Data           6  main.o(.constdata)
    spi                                      0x00002c48   Data          16  main.o(.constdata)
    .constdata                               0x00002c68   Section        8  boards.o(.constdata)
    m_board_led_list                         0x00002c68   Data           4  boards.o(.constdata)
    m_board_btn_list                         0x00002c6c   Data           4  boards.o(.constdata)
    .constdata                               0x00002c70   Section       16  nrf_drv_spi.o(.constdata)
    .constdata                               0x00002c80   Section        4  nrfx_gpiote.o(.constdata)
    .constdata                               0x00002c84   Section        4  nrfx_spim.o(.constdata)
    irq_handlers                             0x00002c84   Data           4  nrfx_spim.o(.constdata)
    .constdata                               0x00002c88   Section        4  nrfx_uart.o(.constdata)
    irq_handlers                             0x00002c88   Data           4  nrfx_uart.o(.constdata)
    .constdata                               0x00002c8c   Section        4  nrfx_uarte.o(.constdata)
    irq_handlers                             0x00002c8c   Data           4  nrfx_uarte.o(.constdata)
    .constdata                               0x00002c90   Section       16  nrf_fprintf_format.o(.constdata)
    _aV2C                                    0x00002c90   Data          16  nrf_fprintf_format.o(.constdata)
    .constdata                               0x00002ca0   Section       12  nrf_log_backend_uart.o(.constdata)
    .constdata                               0x00002cac   Section       32  nrf_log_backend_uart.o(.constdata)
    .constdata                               0x00002ccc   Section       12  nrf_log_frontend.o(.constdata)
    m_log_push_ringbuf                       0x00002ccc   Data          12  nrf_log_frontend.o(.constdata)
    .constdata                               0x00002cd8   Section      129  ctype_o.o(.constdata)
    .constdata                               0x00002d5c   Section        4  ctype_o.o(.constdata)
    table                                    0x00002d5c   Data           4  ctype_o.o(.constdata)
    .conststring                             0x00002d60   Section      102  nrf_log_str_formatter.o(.conststring)
    .conststrlit                             0x00002dc8   Section        7  nrfx_gpiote.o(.conststrlit)
    .conststrlit                             0x00002dd0   Section        4  nrfx_prs.o(.conststrlit)
    .conststrlit                             0x00002dd4   Section        5  nrfx_spim.o(.conststrlit)
    .conststrlit                             0x00002ddc   Section        5  nrfx_uart.o(.conststrlit)
    .conststrlit                             0x00002de4   Section        6  nrfx_uarte.o(.conststrlit)
    .conststrlit                             0x00002dec   Section       11  app_button.o(.conststrlit)
    .conststrlit                             0x00002df8   Section       10  app_timer2.o(.conststrlit)
    .conststrlit                             0x00002e04   Section        9  nrf_sortlist.o(.conststrlit)
    .conststrlit                             0x00002e10   Section       17  nrf_log_default_backends.o(.conststrlit)
    .conststrlit                             0x00002e24   Section        4  nrf_log_frontend.o(.conststrlit)
    log_backends                             0x00002e48   Section       16  nrf_log_default_backends.o(log_backends)
    __tagsym$$used                           0x00002e48   Number         0  nrf_log_default_backends.o(log_backends)
    uart_log_backend                         0x00002e48   Data          16  nrf_log_default_backends.o(log_backends)
    log_const_data                           0x00002e58   Section        8  nrfx_gpiote.o(log_const_data)
    __tagsym$$used                           0x00002e58   Number         0  nrfx_gpiote.o(log_const_data)
    log_const_data                           0x00002e60   Section        8  nrfx_prs.o(log_const_data)
    __tagsym$$used                           0x00002e60   Number         0  nrfx_prs.o(log_const_data)
    log_const_data                           0x00002e68   Section        8  nrfx_spim.o(log_const_data)
    __tagsym$$used                           0x00002e68   Number         0  nrfx_spim.o(log_const_data)
    log_const_data                           0x00002e70   Section        8  nrfx_uart.o(log_const_data)
    __tagsym$$used                           0x00002e70   Number         0  nrfx_uart.o(log_const_data)
    log_const_data                           0x00002e78   Section        8  nrfx_uarte.o(log_const_data)
    __tagsym$$used                           0x00002e78   Number         0  nrfx_uarte.o(log_const_data)
    log_const_data                           0x00002e80   Section        8  app_button.o(log_const_data)
    __tagsym$$used                           0x00002e80   Number         0  app_button.o(log_const_data)
    log_const_data                           0x00002e88   Section        8  app_timer2.o(log_const_data)
    __tagsym$$used                           0x00002e88   Number         0  app_timer2.o(log_const_data)
    log_const_data                           0x00002e90   Section        8  nrf_sortlist.o(log_const_data)
    __tagsym$$used                           0x00002e90   Number         0  nrf_sortlist.o(log_const_data)
    log_const_data                           0x00002e98   Section        8  nrf_log_frontend.o(log_const_data)
    __tagsym$$used                           0x00002e98   Number         0  nrf_log_frontend.o(log_const_data)
    nrf_balloc                               0x00002ea0   Section       20  nrf_log_frontend.o(nrf_balloc)
    __tagsym$$used                           0x00002ea0   Number         0  nrf_log_frontend.o(nrf_balloc)
    .data                                    0x20000000   Section       16  main.o(.data)
    spi_xfer_done                            0x20000000   Data           1  main.o(.data)
    m_tx_buf                                 0x20000001   Data           7  main.o(.data)
    m_rx_buf                                 0x20000008   Data           8  main.o(.data)
    .data                                    0x20000010   Section       12  nrf_drv_uart.o(.data)
    m_handlers                               0x20000014   Data           4  nrf_drv_uart.o(.data)
    m_contexts                               0x20000018   Data           4  nrf_drv_uart.o(.data)
    .data                                    0x2000001c   Section        8  nrfx_prs.o(.data)
    m_prs_box_4                              0x2000001c   Data           8  nrfx_prs.o(.data)
    .data                                    0x20000024   Section        4  app_util_platform.o(.data)
    m_in_critical_region                     0x20000024   Data           4  app_util_platform.o(.data)
    .data                                    0x20000028   Section       12  drv_rtc.o(.data)
    m_handlers                               0x20000028   Data           4  drv_rtc.o(.data)
    m_cb                                     0x2000002c   Data           8  drv_rtc.o(.data)
    .data                                    0x20000034   Section       24  nrf_log_backend_uart.o(.data)
    m_xfer_done                              0x20000034   Data           1  nrf_log_backend_uart.o(.data)
    m_async_mode                             0x20000035   Data           1  nrf_log_backend_uart.o(.data)
    .data                                    0x2000004c   Section        8  nrf_log_default_backends.o(.data)
    log_backend_cb_uart_log_backend          0x2000004c   Data           8  nrf_log_default_backends.o(.data)
    .data                                    0x20000054   Section        4  nrf_log_frontend.o(.data)
    m_buffer_mask                            0x20000054   Data           4  nrf_log_frontend.o(.data)
    .data                                    0x20000058   Section        8  nrf_log_frontend.o(.data)
    log_mempool_nrf_balloc_pool_stack        0x20000058   Data           8  nrf_log_frontend.o(.data)
    .data                                    0x20000060   Section        8  nrf_log_frontend.o(.data)
    log_mempool_nrf_balloc_cb                0x20000060   Data           8  nrf_log_frontend.o(.data)
    .data                                    0x20000068   Section       64  nrf_log_str_formatter.o(.data)
    m_freq                                   0x20000068   Data           4  nrf_log_str_formatter.o(.data)
    m_timestamp_div                          0x2000006c   Data           4  nrf_log_str_formatter.o(.data)
    severity_names                           0x20000070   Data          20  nrf_log_str_formatter.o(.data)
    m_colors                                 0x20000084   Data          36  nrf_log_str_formatter.o(.data)
    .data                                    0x200000a8   Section        4  system_nrf52.o(.data)
    __tagsym$$used                           0x200000a8   Number         0  system_nrf52.o(.data)
    .bss                                     0x200000ac   Section       24  nrf_drv_spi.o(.bss)
    m_handlers                               0x200000ac   Data          12  nrf_drv_spi.o(.bss)
    m_contexts                               0x200000b8   Data          12  nrf_drv_spi.o(.bss)
    .bss                                     0x200000c4   Section       92  nrfx_gpiote.o(.bss)
    m_cb                                     0x200000c4   Data          92  nrfx_gpiote.o(.bss)
    .bss                                     0x20000120   Section       36  nrfx_spim.o(.bss)
    m_cb                                     0x20000120   Data          36  nrfx_spim.o(.bss)
    .bss                                     0x20000144   Section       44  nrfx_uart.o(.bss)
    m_cb                                     0x20000144   Data          44  nrfx_uart.o(.bss)
    .bss                                     0x20000170   Section       36  nrfx_uarte.o(.bss)
    m_cb                                     0x20000170   Data          36  nrfx_uarte.o(.bss)
    .bss                                     0x20000194   Section       64  nrf_log_backend_uart.o(.bss)
    m_string_buff                            0x20000194   Data          64  nrf_log_backend_uart.o(.bss)
    .bss                                     0x200001d4   Section      192  nrf_log_frontend.o(.bss)
    log_mempool_nrf_balloc_pool_mem          0x200001d4   Data         192  nrf_log_frontend.o(.bss)
    .bss                                     0x20000294   Section      128  nrf_log_frontend.o(.bss)
    m_log_push_ringbuf_buf                   0x20000294   Data         128  nrf_log_frontend.o(.bss)
    .bss                                     0x20000314   Section       24  nrf_log_frontend.o(.bss)
    m_log_push_ringbuf_cb                    0x20000314   Data          24  nrf_log_frontend.o(.bss)
    .bss                                     0x2000032c   Section     1056  nrf_log_frontend.o(.bss)
    m_log_data                               0x2000032c   Data        1056  nrf_log_frontend.o(.bss)
    STACK                                    0x20000750   Section     8192  arm_startup_nrf52.o(STACK)

    Global Symbols

    Symbol Name                              Value     Ov Type        Size  Object(Section)

    BuildAttributes$$THM_ISAv4$E$P$D$K$B$S$7EM$VFPi3$EXTD16$VFPS$VFMA$PE$A:L22UL41UL21$X:L11$S22US41US21$IEEE1$IW$USESV6$~STKCKD$USESV7$~SHL$OSPACE$EBA8$MICROLIB$REQ8$EABIv2 0x00000000   Number         0  anon$$obj.o ABSOLUTE
    __ARM_use_no_argv                        0x00000000   Number         0  main.o ABSOLUTE
    __Vectors                                0x00000000   Data           4  arm_startup_nrf52.o(RESET)
    __use_no_errno                           0x00000000   Number         0  useno.o ABSOLUTE
    __use_no_exception_handling              0x00000000   Number         0  useno.o ABSOLUTE
    __use_no_fp                              0x00000000   Number         0  useno.o ABSOLUTE
    __use_no_heap                            0x00000000   Number         0  useno.o ABSOLUTE
    __use_no_heap_region                     0x00000000   Number         0  useno.o ABSOLUTE
    __use_no_semihosting                     0x00000000   Number         0  useno.o ABSOLUTE
    __use_no_semihosting_swi                 0x00000000   Number         0  useno.o ABSOLUTE
    __use_no_signal_handling                 0x00000000   Number         0  useno.o ABSOLUTE
    __cpp_initialize__aeabi_                  - Undefined Weak Reference
    __cxa_finalize                            - Undefined Weak Reference
    __decompress                              - Undefined Weak Reference
    _clock_init                               - Undefined Weak Reference
    _microlib_exit                            - Undefined Weak Reference
    log_dynamic_data$$Base                    - Undefined Reference
    __Vectors_End                            0x00000200   Data           0  arm_startup_nrf52.o(RESET)
    __Vectors_Size                           0x00000200   Number         0  arm_startup_nrf52.o ABSOLUTE
    __main                                   0x00000201   Thumb Code     0  entry.o(.ARM.Collect$$$$00000000)
    _main_stk                                0x00000201   Thumb Code     0  entry2.o(.ARM.Collect$$$$00000001)
    _main_scatterload                        0x00000205   Thumb Code     0  entry5.o(.ARM.Collect$$$$00000004)
    __main_after_scatterload                 0x00000209   Thumb Code     0  entry5.o(.ARM.Collect$$$$00000004)
    _main_clock                              0x00000209   Thumb Code     0  entry7b.o(.ARM.Collect$$$$00000008)
    _main_cpp_init                           0x00000209   Thumb Code     0  entry8b.o(.ARM.Collect$$$$0000000A)
    _main_init                               0x00000209   Thumb Code     0  entry9a.o(.ARM.Collect$$$$0000000B)
    __rt_final_cpp                           0x00000211   Thumb Code     0  entry10a.o(.ARM.Collect$$$$0000000D)
    __rt_final_exit                          0x00000211   Thumb Code     0  entry11a.o(.ARM.Collect$$$$0000000F)
    __asm___12_nrf_atomic_c_85ca2469__nrf_atomic_internal_mov 0x00000215   Thumb Code    24  nrf_atomic.o(.emb_text)
    __asm___12_nrf_atomic_c_85ca2469__nrf_atomic_internal_orr 0x0000022d   Thumb Code    26  nrf_atomic.o(.emb_text)
    __asm___12_nrf_atomic_c_85ca2469__nrf_atomic_internal_and 0x00000247   Thumb Code    26  nrf_atomic.o(.emb_text)
    __asm___12_nrf_atomic_c_85ca2469__nrf_atomic_internal_eor 0x00000261   Thumb Code    26  nrf_atomic.o(.emb_text)
    __asm___12_nrf_atomic_c_85ca2469__nrf_atomic_internal_add 0x0000027b   Thumb Code    26  nrf_atomic.o(.emb_text)
    __asm___12_nrf_atomic_c_85ca2469__nrf_atomic_internal_sub 0x00000295   Thumb Code    26  nrf_atomic.o(.emb_text)
    __asm___12_nrf_atomic_c_85ca2469__nrf_atomic_internal_cmp_exch 0x000002af   Thumb Code    42  nrf_atomic.o(.emb_text)
    __asm___12_nrf_atomic_c_85ca2469__nrf_atomic_internal_sub_hs 0x000002d9   Thumb Code    30  nrf_atomic.o(.emb_text)
    Reset_Handler                            0x000002f9   Thumb Code     8  arm_startup_nrf52.o(.text)
    NMI_Handler                              0x00000301   Thumb Code     2  arm_startup_nrf52.o(.text)
    HardFault_Handler                        0x00000303   Thumb Code     2  arm_startup_nrf52.o(.text)
    MemoryManagement_Handler                 0x00000305   Thumb Code     2  arm_startup_nrf52.o(.text)
    BusFault_Handler                         0x00000307   Thumb Code     2  arm_startup_nrf52.o(.text)
    UsageFault_Handler                       0x00000309   Thumb Code     2  arm_startup_nrf52.o(.text)
    SVC_Handler                              0x0000030b   Thumb Code     2  arm_startup_nrf52.o(.text)
    DebugMon_Handler                         0x0000030d   Thumb Code     2  arm_startup_nrf52.o(.text)
    PendSV_Handler                           0x0000030f   Thumb Code     2  arm_startup_nrf52.o(.text)
    SysTick_Handler                          0x00000311   Thumb Code     2  arm_startup_nrf52.o(.text)
    CCM_AAR_IRQHandler                       0x00000313   Thumb Code     0  arm_startup_nrf52.o(.text)
    COMP_LPCOMP_IRQHandler                   0x00000313   Thumb Code     0  arm_startup_nrf52.o(.text)
    ECB_IRQHandler                           0x00000313   Thumb Code     0  arm_startup_nrf52.o(.text)
    FPU_IRQHandler                           0x00000313   Thumb Code     0  arm_startup_nrf52.o(.text)
    I2S_IRQHandler                           0x00000313   Thumb Code     0  arm_startup_nrf52.o(.text)
    MWU_IRQHandler                           0x00000313   Thumb Code     0  arm_startup_nrf52.o(.text)
    NFCT_IRQHandler                          0x00000313   Thumb Code     0  arm_startup_nrf52.o(.text)
    PDM_IRQHandler                           0x00000313   Thumb Code     0  arm_startup_nrf52.o(.text)
    POWER_CLOCK_IRQHandler                   0x00000313   Thumb Code     0  arm_startup_nrf52.o(.text)
    PWM0_IRQHandler                          0x00000313   Thumb Code     0  arm_startup_nrf52.o(.text)
    PWM1_IRQHandler                          0x00000313   Thumb Code     0  arm_startup_nrf52.o(.text)
    PWM2_IRQHandler                          0x00000313   Thumb Code     0  arm_startup_nrf52.o(.text)
    QDEC_IRQHandler                          0x00000313   Thumb Code     0  arm_startup_nrf52.o(.text)
    RADIO_IRQHandler                         0x00000313   Thumb Code     0  arm_startup_nrf52.o(.text)
    RNG_IRQHandler                           0x00000313   Thumb Code     0  arm_startup_nrf52.o(.text)
    RTC0_IRQHandler                          0x00000313   Thumb Code     0  arm_startup_nrf52.o(.text)
    RTC2_IRQHandler                          0x00000313   Thumb Code     0  arm_startup_nrf52.o(.text)
    SAADC_IRQHandler                         0x00000313   Thumb Code     0  arm_startup_nrf52.o(.text)
    SPIM1_SPIS1_TWIM1_TWIS1_SPI1_TWI1_IRQHandler 0x00000313   Thumb Code     0  arm_startup_nrf52.o(.text)
    SPIM2_SPIS2_SPI2_IRQHandler              0x00000313   Thumb Code     0  arm_startup_nrf52.o(.text)
    SWI0_EGU0_IRQHandler                     0x00000313   Thumb Code     0  arm_startup_nrf52.o(.text)
    SWI1_EGU1_IRQHandler                     0x00000313   Thumb Code     0  arm_startup_nrf52.o(.text)
    SWI2_EGU2_IRQHandler                     0x00000313   Thumb Code     0  arm_startup_nrf52.o(.text)
    SWI3_EGU3_IRQHandler                     0x00000313   Thumb Code     0  arm_startup_nrf52.o(.text)
    SWI4_EGU4_IRQHandler                     0x00000313   Thumb Code     0  arm_startup_nrf52.o(.text)
    SWI5_EGU5_IRQHandler                     0x00000313   Thumb Code     0  arm_startup_nrf52.o(.text)
    TEMP_IRQHandler                          0x00000313   Thumb Code     0  arm_startup_nrf52.o(.text)
    TIMER0_IRQHandler                        0x00000313   Thumb Code     0  arm_startup_nrf52.o(.text)
    TIMER1_IRQHandler                        0x00000313   Thumb Code     0  arm_startup_nrf52.o(.text)
    TIMER2_IRQHandler                        0x00000313   Thumb Code     0  arm_startup_nrf52.o(.text)
    TIMER3_IRQHandler                        0x00000313   Thumb Code     0  arm_startup_nrf52.o(.text)
    TIMER4_IRQHandler                        0x00000313   Thumb Code     0  arm_startup_nrf52.o(.text)
    WDT_IRQHandler                           0x00000313   Thumb Code     0  arm_startup_nrf52.o(.text)
    __rt_ctype_table                         0x0000031d   Thumb Code     4  ctype_o.o(.text)
    __aeabi_memcpy                           0x00000325   Thumb Code    36  memcpya.o(.text)
    __aeabi_memcpy4                          0x00000325   Thumb Code     0  memcpya.o(.text)
    __aeabi_memcpy8                          0x00000325   Thumb Code     0  memcpya.o(.text)
    __aeabi_memset                           0x00000349   Thumb Code    14  memseta.o(.text)
    __aeabi_memset4                          0x00000349   Thumb Code     0  memseta.o(.text)
    __aeabi_memset8                          0x00000349   Thumb Code     0  memseta.o(.text)
    __aeabi_memclr                           0x00000357   Thumb Code     4  memseta.o(.text)
    __aeabi_memclr4                          0x00000357   Thumb Code     0  memseta.o(.text)
    __aeabi_memclr8                          0x00000357   Thumb Code     0  memseta.o(.text)
    _memset$wrapper                          0x0000035b   Thumb Code    18  memseta.o(.text)
    strlen                                   0x0000036d   Thumb Code    14  strlen.o(.text)
    __scatterload                            0x0000037d   Thumb Code    28  init.o(.text)
    __scatterload_rt2                        0x0000037d   Thumb Code     0  init.o(.text)
    GPIOTE_IRQHandler                        0x000003a1   Thumb Code   184  nrfx_gpiote.o(i.GPIOTE_IRQHandler)
    RTC1_IRQHandler                          0x00000461   Thumb Code    12  drv_rtc.o(i.RTC1_IRQHandler)
    SPIM0_SPIS0_TWIM0_TWIS0_SPI0_TWI0_IRQHandler 0x00000471   Thumb Code    76  nrfx_spim.o(i.SPIM0_SPIS0_TWIM0_TWIS0_SPI0_TWI0_IRQHandler)
    SystemInit                               0x000004c5   Thumb Code   848  system_nrf52.o(i.SystemInit)
    UARTE0_UART0_IRQHandler                  0x0000085d   Thumb Code     6  nrfx_prs.o(i.UARTE0_UART0_IRQHandler)
    __scatterload_copy                       0x00000869   Thumb Code    14  handlers.o(i.__scatterload_copy)
    __scatterload_null                       0x00000877   Thumb Code     2  handlers.o(i.__scatterload_null)
    __scatterload_zeroinit                   0x00000879   Thumb Code    14  handlers.o(i.__scatterload_zeroinit)
    app_error_fault_handler                  0x00000889   Thumb Code    86  app_error_weak.o(i.app_error_fault_handler)
    app_error_handler_bare                   0x0000090d   Thumb Code    22  app_error.o(i.app_error_handler_bare)
    app_util_critical_region_enter           0x00000923   Thumb Code     4  app_util_platform.o(i.app_util_critical_region_enter)
    app_util_critical_region_exit            0x00000927   Thumb Code     4  app_util_platform.o(i.app_util_critical_region_exit)
    app_util_disable_irq                     0x0000092d   Thumb Code    12  app_util_platform.o(i.app_util_disable_irq)
    app_util_enable_irq                      0x0000093d   Thumb Code    14  app_util_platform.o(i.app_util_enable_irq)
    bsp_board_init                           0x00000a61   Thumb Code    80  boards.o(i.bsp_board_init)
    bsp_board_led_invert                     0x00000ab5   Thumb Code    32  boards.o(i.bsp_board_led_invert)
    bsp_board_led_off                        0x00000ad9   Thumb Code    10  boards.o(i.bsp_board_led_off)
    bsp_board_leds_off                       0x00000ae9   Thumb Code    18  boards.o(i.bsp_board_leds_off)
    buffer_is_empty                          0x00000bb9   Thumb Code    18  nrf_log_frontend.o(i.buffer_is_empty)
    main                                     0x00000dfd   Thumb Code   206  main.o(i.main)
    nrf_atomic_flag_clear_fetch              0x00000fa9   Thumb Code     6  nrf_atomic.o(i.nrf_atomic_flag_clear_fetch)
    nrf_atomic_flag_set                      0x00000faf   Thumb Code     6  nrf_atomic.o(i.nrf_atomic_flag_set)
    nrf_atomic_u32_add                       0x00000fb5   Thumb Code    12  nrf_atomic.o(i.nrf_atomic_u32_add)
    nrf_atomic_u32_fetch_and                 0x00000fc1   Thumb Code    10  nrf_atomic.o(i.nrf_atomic_u32_fetch_and)
    nrf_atomic_u32_fetch_store               0x00000fcb   Thumb Code    10  nrf_atomic.o(i.nrf_atomic_u32_fetch_store)
    nrf_atomic_u32_or                        0x00000fd5   Thumb Code    12  nrf_atomic.o(i.nrf_atomic_u32_or)
    nrf_atomic_u32_sub                       0x00000fe1   Thumb Code    12  nrf_atomic.o(i.nrf_atomic_u32_sub)
    nrf_balloc_alloc                         0x00000fed   Thumb Code    62  nrf_balloc.o(i.nrf_balloc_alloc)
    nrf_balloc_free                          0x0000102b   Thumb Code    42  nrf_balloc.o(i.nrf_balloc_free)
    nrf_balloc_init                          0x00001055   Thumb Code    48  nrf_balloc.o(i.nrf_balloc_init)
    nrf_drv_spi_init                         0x00001095   Thumb Code    98  nrf_drv_spi.o(i.nrf_drv_spi_init)
    nrf_drv_uart_init                        0x00001105   Thumb Code    90  nrf_drv_uart.o(i.nrf_drv_uart_init)
    nrf_fprintf                              0x0000116d   Thumb Code    26  nrf_fprintf.o(i.nrf_fprintf)
    nrf_fprintf_buffer_flush                 0x00001187   Thumb Code    24  nrf_fprintf.o(i.nrf_fprintf_buffer_flush)
    nrf_fprintf_fmt                          0x0000119f   Thumb Code   474  nrf_fprintf_format.o(i.nrf_fprintf_fmt)
    nrf_log_backend_add                      0x00001535   Thumb Code    86  nrf_log_frontend.o(i.nrf_log_backend_add)
    nrf_log_backend_serial_put               0x00001591   Thumb Code   200  nrf_log_backend_serial.o(i.nrf_log_backend_serial_put)
    nrf_log_backend_uart_init                0x0000165b   Thumb Code     6  nrf_log_backend_uart.o(i.nrf_log_backend_uart_init)
    nrf_log_color_id_get                     0x000016a5   Thumb Code    42  nrf_log_frontend.o(i.nrf_log_color_id_get)
    nrf_log_default_backends_init            0x000016d5   Thumb Code    24  nrf_log_default_backends.o(i.nrf_log_default_backends_init)
    nrf_log_frontend_dequeue                 0x000016f1   Thumb Code   522  nrf_log_frontend.o(i.nrf_log_frontend_dequeue)
    nrf_log_frontend_hexdump                 0x00001925   Thumb Code   160  nrf_log_frontend.o(i.nrf_log_frontend_hexdump)
    nrf_log_frontend_std_0                   0x000019cd   Thumb Code     8  nrf_log_frontend.o(i.nrf_log_frontend_std_0)
    nrf_log_hexdump_entry_process            0x000019d5   Thumb Code   150  nrf_log_str_formatter.o(i.nrf_log_hexdump_entry_process)
    nrf_log_init                             0x00001a85   Thumb Code    28  nrf_log_frontend.o(i.nrf_log_init)
    nrf_log_module_cnt_get                   0x00001aad   Thumb Code    10  nrf_log_frontend.o(i.nrf_log_module_cnt_get)
    nrf_log_module_name_get                  0x00001ac1   Thumb Code    24  nrf_log_frontend.o(i.nrf_log_module_name_get)
    nrf_log_panic                            0x00001add   Thumb Code    36  nrf_log_frontend.o(i.nrf_log_panic)
    nrf_log_std_entry_process                0x00001b05   Thumb Code   182  nrf_log_str_formatter.o(i.nrf_log_std_entry_process)
    nrf_memobj_alloc                         0x00001bbb   Thumb Code    96  nrf_memobj.o(i.nrf_memobj_alloc)
    nrf_memobj_free                          0x00001c1b   Thumb Code    50  nrf_memobj.o(i.nrf_memobj_free)
    nrf_memobj_get                           0x00001c4d   Thumb Code     8  nrf_memobj.o(i.nrf_memobj_get)
    nrf_memobj_pool_init                     0x00001c55   Thumb Code     4  nrf_memobj.o(i.nrf_memobj_pool_init)
    nrf_memobj_put                           0x00001c59   Thumb Code    30  nrf_memobj.o(i.nrf_memobj_put)
    nrf_memobj_read                          0x00001c77   Thumb Code    16  nrf_memobj.o(i.nrf_memobj_read)
    nrf_memobj_write                         0x00001c87   Thumb Code    16  nrf_memobj.o(i.nrf_memobj_write)
    nrf_ringbuf_init                         0x00001c97   Thumb Code    28  nrf_ringbuf.o(i.nrf_ringbuf_init)
    nrfx_prs_acquire                         0x00001d15   Thumb Code    48  nrfx_prs.o(i.nrfx_prs_acquire)
    nrfx_prs_release                         0x00001d45   Thumb Code    18  nrfx_prs.o(i.nrfx_prs_release)
    nrfx_spim_init                           0x00001d59   Thumb Code   356  nrfx_spim.o(i.nrfx_spim_init)
    nrfx_spim_xfer                           0x00001ec5   Thumb Code    94  nrfx_spim.o(i.nrfx_spim_xfer)
    nrfx_uart_0_irq_handler                  0x00001f29   Thumb Code     8  nrfx_uart.o(i.nrfx_uart_0_irq_handler)
    nrfx_uart_init                           0x00001f39   Thumb Code   200  nrfx_uart.o(i.nrfx_uart_init)
    nrfx_uart_tx                             0x0000200d   Thumb Code   162  nrfx_uart.o(i.nrfx_uart_tx)
    nrfx_uart_tx_in_progress                 0x000020b5   Thumb Code    26  nrfx_uart.o(i.nrfx_uart_tx_in_progress)
    nrfx_uart_uninit                         0x000020d5   Thumb Code   182  nrfx_uart.o(i.nrfx_uart_uninit)
    nrfx_uarte_0_irq_handler                 0x00002195   Thumb Code     8  nrfx_uarte.o(i.nrfx_uarte_0_irq_handler)
    nrfx_uarte_init                          0x000021a5   Thumb Code   100  nrfx_uarte.o(i.nrfx_uarte_init)
    nrfx_uarte_tx                            0x00002211   Thumb Code   166  nrfx_uarte.o(i.nrfx_uarte_tx)
    nrfx_uarte_tx_in_progress                0x000022bd   Thumb Code    22  nrfx_uarte.o(i.nrfx_uarte_tx_in_progress)
    nrfx_uarte_uninit                        0x000022d9   Thumb Code   254  nrfx_uarte.o(i.nrfx_uarte_uninit)
    spi_event_handler                        0x00002631   Thumb Code    74  main.o(i.spi_event_handler)
    nrf_log_backend_uart_api                 0x00002ca0   Data          12  nrf_log_backend_uart.o(.constdata)
    __ctype_table                            0x00002cd8   Data         129  ctype_o.o(.constdata)
    Region$$Table$$Base                      0x00002e28   Number         0  anon$$obj.o(Region$$Table)
    Region$$Table$$Limit                     0x00002e48   Number         0  anon$$obj.o(Region$$Table)
    log_const_data$$Base                     0x00002e58   Number         0  nrfx_gpiote.o(log_const_data)
    m_nrf_log_GPIOTE_logs_data_const         0x00002e58   Data           8  nrfx_gpiote.o(log_const_data)
    m_nrf_log_PRS_logs_data_const            0x00002e60   Data           8  nrfx_prs.o(log_const_data)
    m_nrf_log_SPIM_logs_data_const           0x00002e68   Data           8  nrfx_spim.o(log_const_data)
    m_nrf_log_UART_logs_data_const           0x00002e70   Data           8  nrfx_uart.o(log_const_data)
    m_nrf_log_UARTE_logs_data_const          0x00002e78   Data           8  nrfx_uarte.o(log_const_data)
    m_nrf_log_app_button_logs_data_const     0x00002e80   Data           8  app_button.o(log_const_data)
    m_nrf_log_app_timer_logs_data_const      0x00002e88   Data           8  app_timer2.o(log_const_data)
    m_nrf_log_sortlist_logs_data_const       0x00002e90   Data           8  nrf_sortlist.o(log_const_data)
    m_nrf_log_app_logs_data_const            0x00002e98   Data           8  nrf_log_frontend.o(log_const_data)
    log_const_data$$Limit                    0x00002ea0   Number         0  nrf_log_frontend.o(log_const_data)
    log_mempool                              0x00002ea0   Data          20  nrf_log_frontend.o(nrf_balloc)
    nrf_drv_uart_use_easy_dma                0x20000010   Data           1  nrf_drv_uart.o(.data)
    m_uart                                   0x20000038   Data          20  nrf_log_backend_uart.o(.data)
    SystemCoreClock                          0x200000a8   Data           4  system_nrf52.o(.data)
    __initial_sp                             0x20002750   Data           0  arm_startup_nrf52.o(STACK)



==============================================================================

Memory Map of the image

  Image Entry point : 0x00000201

  Load Region LR_IROM1 (Base: 0x00000000, Size: 0x00002f60, Max: 0x00080000, ABSOLUTE)

    Execution Region ER_IROM1 (Exec base: 0x00000000, Load base: 0x00000000, Size: 0x00002eb4, Max: 0x00080000, ABSOLUTE)

    Exec Addr    Load Addr    Size         Type   Attr      Idx    E Section Name        Object

    0x00000000   0x00000000   0x00000200   Data   RO         3548    RESET               arm_startup_nrf52.o
    0x00000200   0x00000200   0x00000000   Code   RO         3604  * .ARM.Collect$$$$00000000  mc_w.l(entry.o)
    0x00000200   0x00000200   0x00000004   Code   RO         3656    .ARM.Collect$$$$00000001  mc_w.l(entry2.o)
    0x00000204   0x00000204   0x00000004   Code   RO         3659    .ARM.Collect$$$$00000004  mc_w.l(entry5.o)
    0x00000208   0x00000208   0x00000000   Code   RO         3661    .ARM.Collect$$$$00000008  mc_w.l(entry7b.o)
    0x00000208   0x00000208   0x00000000   Code   RO         3663    .ARM.Collect$$$$0000000A  mc_w.l(entry8b.o)
    0x00000208   0x00000208   0x00000008   Code   RO         3664    .ARM.Collect$$$$0000000B  mc_w.l(entry9a.o)
    0x00000210   0x00000210   0x00000000   Code   RO         3666    .ARM.Collect$$$$0000000D  mc_w.l(entry10a.o)
    0x00000210   0x00000210   0x00000000   Code   RO         3668    .ARM.Collect$$$$0000000F  mc_w.l(entry11a.o)
    0x00000210   0x00000210   0x00000004   Code   RO         3657    .ARM.Collect$$$$00002712  mc_w.l(entry2.o)
    0x00000214   0x00000214   0x000000e2   Code   RO         2297    .emb_text           nrf_atomic.o
    0x000002f6   0x000002f6   0x00000002   PAD
    0x000002f8   0x000002f8   0x00000024   Code   RO         3549    .text               arm_startup_nrf52.o
    0x0000031c   0x0000031c   0x00000008   Code   RO         3616    .text               mc_w.l(ctype_o.o)
    0x00000324   0x00000324   0x00000024   Code   RO         3644    .text               mc_w.l(memcpya.o)
    0x00000348   0x00000348   0x00000024   Code   RO         3646    .text               mc_w.l(memseta.o)
    0x0000036c   0x0000036c   0x0000000e   Code   RO         3648    .text               mc_w.l(strlen.o)
    0x0000037a   0x0000037a   0x00000002   PAD
    0x0000037c   0x0000037c   0x00000024   Code   RO         3674    .text               mc_w.l(init.o)
    0x000003a0   0x000003a0   0x000000c0   Code   RO          697    i.GPIOTE_IRQHandler  nrfx_gpiote.o
    0x00000460   0x00000460   0x00000010   Code   RO         2031    i.RTC1_IRQHandler   drv_rtc.o
    0x00000470   0x00000470   0x00000054   Code   RO         1083    i.SPIM0_SPIS0_TWIM0_TWIS0_SPI0_TWI0_IRQHandler  nrfx_spim.o
    0x000004c4   0x000004c4   0x00000398   Code   RO         3557    i.SystemInit        system_nrf52.o
    0x0000085c   0x0000085c   0x0000000c   Code   RO         1011    i.UARTE0_UART0_IRQHandler  nrfx_prs.o
    0x00000868   0x00000868   0x0000000e   Code   RO         3678    i.__scatterload_copy  mc_w.l(handlers.o)
    0x00000876   0x00000876   0x00000002   Code   RO         3679    i.__scatterload_null  mc_w.l(handlers.o)
    0x00000878   0x00000878   0x0000000e   Code   RO         3680    i.__scatterload_zeroinit  mc_w.l(handlers.o)
    0x00000886   0x00000886   0x00000002   PAD
    0x00000888   0x00000888   0x00000084   Code   RO         1733    i.app_error_fault_handler  app_error_weak.o
    0x0000090c   0x0000090c   0x00000016   Code   RO         1673    i.app_error_handler_bare  app_error.o
    0x00000922   0x00000922   0x00000004   Code   RO         1969    i.app_util_critical_region_enter  app_util_platform.o
    0x00000926   0x00000926   0x00000004   Code   RO         1970    i.app_util_critical_region_exit  app_util_platform.o
    0x0000092a   0x0000092a   0x00000002   PAD
    0x0000092c   0x0000092c   0x00000010   Code   RO         1971    i.app_util_disable_irq  app_util_platform.o
    0x0000093c   0x0000093c   0x00000014   Code   RO         1972    i.app_util_enable_irq  app_util_platform.o
    0x00000950   0x00000950   0x00000088   Code   RO         1213    i.apply_config      nrfx_uart.o
    0x000009d8   0x000009d8   0x00000088   Code   RO         1395    i.apply_config      nrfx_uarte.o
    0x00000a60   0x00000a60   0x00000054   Code   RO          241    i.bsp_board_init    boards.o
    0x00000ab4   0x00000ab4   0x00000024   Code   RO          243    i.bsp_board_led_invert  boards.o
    0x00000ad8   0x00000ad8   0x00000010   Code   RO          244    i.bsp_board_led_off  boards.o
    0x00000ae8   0x00000ae8   0x00000012   Code   RO          247    i.bsp_board_leds_off  boards.o
    0x00000afa   0x00000afa   0x00000002   PAD
    0x00000afc   0x00000afc   0x0000008c   Code   RO         2949    i.buf_prealloc      nrf_log_frontend.o
    0x00000b88   0x00000b88   0x0000002e   Code   RO         2512    i.buffer_add        nrf_fprintf_format.o
    0x00000bb6   0x00000bb6   0x00000002   PAD
    0x00000bb8   0x00000bb8   0x00000018   Code   RO         2950    i.buffer_is_empty   nrf_log_frontend.o
    0x00000bd0   0x00000bd0   0x00000010   Code   RO          700    i.channel_port_get  nrfx_gpiote.o
    0x00000be0   0x00000be0   0x00000014   Code   RO         2951    i.dropped_sat16_get  nrf_log_frontend.o
    0x00000bf4   0x00000bf4   0x000000a6   Code   RO         2513    i.int_print         nrf_fprintf_format.o
    0x00000c9a   0x00000c9a   0x00000002   PAD
    0x00000c9c   0x00000c9c   0x00000088   Code   RO         1396    i.interrupts_enable  nrfx_uarte.o
    0x00000d24   0x00000d24   0x00000034   Code   RO         2952    i.invalid_packets_omit  nrf_log_frontend.o
    0x00000d58   0x00000d58   0x000000a4   Code   RO         2953    i.log_skip          nrf_log_frontend.o
    0x00000dfc   0x00000dfc   0x000000fc   Code   RO            4    i.main              main.o
    0x00000ef8   0x00000ef8   0x0000007e   Code   RO         2552    i.memobj_op         nrf_memobj.o
    0x00000f76   0x00000f76   0x00000002   PAD
    0x00000f78   0x00000f78   0x00000030   Code   RO         2954    i.module_idx_get    nrf_log_frontend.o
    0x00000fa8   0x00000fa8   0x00000006   Code   RO         2299    i.nrf_atomic_flag_clear_fetch  nrf_atomic.o
    0x00000fae   0x00000fae   0x00000006   Code   RO         2300    i.nrf_atomic_flag_set  nrf_atomic.o
    0x00000fb4   0x00000fb4   0x0000000c   Code   RO         2302    i.nrf_atomic_u32_add  nrf_atomic.o
    0x00000fc0   0x00000fc0   0x0000000a   Code   RO         2306    i.nrf_atomic_u32_fetch_and  nrf_atomic.o
    0x00000fca   0x00000fca   0x0000000a   Code   RO         2308    i.nrf_atomic_u32_fetch_store  nrf_atomic.o
    0x00000fd4   0x00000fd4   0x0000000c   Code   RO         2312    i.nrf_atomic_u32_or  nrf_atomic.o
    0x00000fe0   0x00000fe0   0x0000000c   Code   RO         2314    i.nrf_atomic_u32_sub  nrf_atomic.o
    0x00000fec   0x00000fec   0x0000003e   Code   RO         2436    i.nrf_balloc_alloc  nrf_balloc.o
    0x0000102a   0x0000102a   0x0000002a   Code   RO         2437    i.nrf_balloc_free   nrf_balloc.o
    0x00001054   0x00001054   0x00000030   Code   RO         2438    i.nrf_balloc_init   nrf_balloc.o
    0x00001084   0x00001084   0x00000010   Code   RO          701    i.nrf_bitmask_bit_is_set  nrfx_gpiote.o
    0x00001094   0x00001094   0x00000070   Code   RO          471    i.nrf_drv_spi_init  nrf_drv_spi.o
    0x00001104   0x00001104   0x00000068   Code   RO          506    i.nrf_drv_uart_init  nrf_drv_uart.o
    0x0000116c   0x0000116c   0x0000001a   Code   RO         2473    i.nrf_fprintf       nrf_fprintf.o
    0x00001186   0x00001186   0x00000018   Code   RO         2474    i.nrf_fprintf_buffer_flush  nrf_fprintf.o
    0x0000119e   0x0000119e   0x000001da   Code   RO         2514    i.nrf_fprintf_fmt   nrf_fprintf_format.o
    0x00001378   0x00001378   0x00000024   Code   RO          251    i.nrf_gpio_cfg      boards.o
    0x0000139c   0x0000139c   0x00000024   Code   RO         1084    i.nrf_gpio_cfg      nrfx_spim.o
    0x000013c0   0x000013c0   0x00000024   Code   RO         1214    i.nrf_gpio_cfg      nrfx_uart.o
    0x000013e4   0x000013e4   0x00000024   Code   RO         1397    i.nrf_gpio_cfg      nrfx_uarte.o
    0x00001408   0x00001408   0x00000012   Code   RO         1215    i.nrf_gpio_cfg_default  nrfx_uart.o
    0x0000141a   0x0000141a   0x00000012   Code   RO         1398    i.nrf_gpio_cfg_default  nrfx_uarte.o
    0x0000142c   0x0000142c   0x00000012   Code   RO         1216    i.nrf_gpio_cfg_input  nrfx_uart.o
    0x0000143e   0x0000143e   0x00000012   Code   RO         1399    i.nrf_gpio_cfg_input  nrfx_uarte.o
    0x00001450   0x00001450   0x00000014   Code   RO         1085    i.nrf_gpio_cfg_output  nrfx_spim.o
    0x00001464   0x00001464   0x00000014   Code   RO         1217    i.nrf_gpio_cfg_output  nrfx_uart.o
    0x00001478   0x00001478   0x00000014   Code   RO         1400    i.nrf_gpio_cfg_output  nrfx_uarte.o
    0x0000148c   0x0000148c   0x00000022   Code   RO          704    i.nrf_gpio_cfg_sense_set  nrfx_gpiote.o
    0x000014ae   0x000014ae   0x00000002   PAD
    0x000014b0   0x000014b0   0x0000002c   Code   RO          705    i.nrf_gpio_latches_read_and_clear  nrfx_gpiote.o
    0x000014dc   0x000014dc   0x0000000e   Code   RO         1086    i.nrf_gpio_pin_clear  nrfx_spim.o
    0x000014ea   0x000014ea   0x0000000e   Code   RO         1087    i.nrf_gpio_pin_set  nrfx_spim.o
    0x000014f8   0x000014f8   0x00000016   Code   RO          252    i.nrf_gpio_pin_write  boards.o
    0x0000150e   0x0000150e   0x00000002   PAD
    0x00001510   0x00001510   0x00000014   Code   RO          707    i.nrf_gpiote_event_clear  nrfx_gpiote.o
    0x00001524   0x00001524   0x00000010   Code   RO          708    i.nrf_gpiote_event_is_set  nrfx_gpiote.o
    0x00001534   0x00001534   0x0000005c   Code   RO         2955    i.nrf_log_backend_add  nrf_log_frontend.o
    0x00001590   0x00001590   0x000000c8   Code   RO         2800    i.nrf_log_backend_serial_put  nrf_log_backend_serial.o
    0x00001658   0x00001658   0x00000002   Code   RO         2840    i.nrf_log_backend_uart_flush  nrf_log_backend_uart.o
    0x0000165a   0x0000165a   0x00000006   Code   RO         2841    i.nrf_log_backend_uart_init  nrf_log_backend_uart.o
    0x00001660   0x00001660   0x0000002c   Code   RO         2842    i.nrf_log_backend_uart_panic_set  nrf_log_backend_uart.o
    0x0000168c   0x0000168c   0x00000018   Code   RO         2843    i.nrf_log_backend_uart_put  nrf_log_backend_uart.o
    0x000016a4   0x000016a4   0x00000030   Code   RO         2957    i.nrf_log_color_id_get  nrf_log_frontend.o
    0x000016d4   0x000016d4   0x0000001c   Code   RO         2913    i.nrf_log_default_backends_init  nrf_log_default_backends.o
    0x000016f0   0x000016f0   0x00000234   Code   RO         2958    i.nrf_log_frontend_dequeue  nrf_log_frontend.o
    0x00001924   0x00001924   0x000000a8   Code   RO         2959    i.nrf_log_frontend_hexdump  nrf_log_frontend.o
    0x000019cc   0x000019cc   0x00000008   Code   RO         2960    i.nrf_log_frontend_std_0  nrf_log_frontend.o
    0x000019d4   0x000019d4   0x000000b0   Code   RO         3136    i.nrf_log_hexdump_entry_process  nrf_log_str_formatter.o
    0x00001a84   0x00001a84   0x00000028   Code   RO         2967    i.nrf_log_init      nrf_log_frontend.o
    0x00001aac   0x00001aac   0x00000014   Code   RO         2968    i.nrf_log_module_cnt_get  nrf_log_frontend.o
    0x00001ac0   0x00001ac0   0x0000001c   Code   RO         2971    i.nrf_log_module_name_get  nrf_log_frontend.o
    0x00001adc   0x00001adc   0x00000028   Code   RO         2972    i.nrf_log_panic     nrf_log_frontend.o
    0x00001b04   0x00001b04   0x000000b6   Code   RO         3137    i.nrf_log_std_entry_process  nrf_log_str_formatter.o
    0x00001bba   0x00001bba   0x00000060   Code   RO         2553    i.nrf_memobj_alloc  nrf_memobj.o
    0x00001c1a   0x00001c1a   0x00000032   Code   RO         2554    i.nrf_memobj_free   nrf_memobj.o
    0x00001c4c   0x00001c4c   0x00000008   Code   RO         2555    i.nrf_memobj_get    nrf_memobj.o
    0x00001c54   0x00001c54   0x00000004   Code   RO         2556    i.nrf_memobj_pool_init  nrf_memobj.o
    0x00001c58   0x00001c58   0x0000001e   Code   RO         2557    i.nrf_memobj_put    nrf_memobj.o
    0x00001c76   0x00001c76   0x00000010   Code   RO         2558    i.nrf_memobj_read   nrf_memobj.o
    0x00001c86   0x00001c86   0x00000010   Code   RO         2559    i.nrf_memobj_write  nrf_memobj.o
    0x00001c96   0x00001c96   0x0000001c   Code   RO         2635    i.nrf_ringbuf_init  nrf_ringbuf.o
    0x00001cb2   0x00001cb2   0x0000000a   Code   RO         1088    i.nrf_spim_event_check  nrfx_spim.o
    0x00001cbc   0x00001cbc   0x0000000a   Code   RO         1218    i.nrf_uart_event_check  nrfx_uart.o
    0x00001cc6   0x00001cc6   0x0000000c   Code   RO         1219    i.nrf_uart_event_clear  nrfx_uart.o
    0x00001cd2   0x00001cd2   0x0000000c   Code   RO         1220    i.nrf_uart_int_enable_check  nrfx_uart.o
    0x00001cde   0x00001cde   0x0000000a   Code   RO         1401    i.nrf_uarte_event_check  nrfx_uarte.o
    0x00001ce8   0x00001ce8   0x0000000c   Code   RO         1402    i.nrf_uarte_event_clear  nrfx_uarte.o
    0x00001cf4   0x00001cf4   0x00000010   Code   RO         1089    i.nrfx_is_in_ram    nrfx_spim.o
    0x00001d04   0x00001d04   0x00000010   Code   RO         1403    i.nrfx_is_in_ram    nrfx_uarte.o
    0x00001d14   0x00001d14   0x00000030   Code   RO         1012    i.nrfx_prs_acquire  nrfx_prs.o
    0x00001d44   0x00001d44   0x00000012   Code   RO         1013    i.nrfx_prs_release  nrfx_prs.o
    0x00001d56   0x00001d56   0x00000002   PAD
    0x00001d58   0x00001d58   0x0000016c   Code   RO         1092    i.nrfx_spim_init    nrfx_spim.o
    0x00001ec4   0x00001ec4   0x00000064   Code   RO         1095    i.nrfx_spim_xfer    nrfx_spim.o
    0x00001f28   0x00001f28   0x00000010   Code   RO         1221    i.nrfx_uart_0_irq_handler  nrfx_uart.o
    0x00001f38   0x00001f38   0x000000d4   Code   RO         1223    i.nrfx_uart_init    nrfx_uart.o
    0x0000200c   0x0000200c   0x000000a8   Code   RO         1229    i.nrfx_uart_tx      nrfx_uart.o
    0x000020b4   0x000020b4   0x00000020   Code   RO         1231    i.nrfx_uart_tx_in_progress  nrfx_uart.o
    0x000020d4   0x000020d4   0x000000c0   Code   RO         1232    i.nrfx_uart_uninit  nrfx_uart.o
    0x00002194   0x00002194   0x00000010   Code   RO         1404    i.nrfx_uarte_0_irq_handler  nrfx_uarte.o
    0x000021a4   0x000021a4   0x0000006c   Code   RO         1406    i.nrfx_uarte_init   nrfx_uarte.o
    0x00002210   0x00002210   0x000000ac   Code   RO         1410    i.nrfx_uarte_tx     nrfx_uarte.o
    0x000022bc   0x000022bc   0x0000001c   Code   RO         1412    i.nrfx_uarte_tx_in_progress  nrfx_uarte.o
    0x000022d8   0x000022d8   0x00000108   Code   RO         1413    i.nrfx_uarte_uninit  nrfx_uarte.o
    0x000023e0   0x000023e0   0x000000b4   Code   RO          741    i.port_event_handle  nrfx_gpiote.o
    0x00002494   0x00002494   0x00000010   Code   RO          742    i.port_handler_polarity_get  nrfx_gpiote.o
    0x000024a4   0x000024a4   0x0000003c   Code   RO         3139    i.postfix_process   nrf_log_str_formatter.o
    0x000024e0   0x000024e0   0x00000098   Code   RO         3140    i.prefix_process    nrf_log_str_formatter.o
    0x00002578   0x00002578   0x00000018   Code   RO         1014    i.prs_box_get       nrfx_prs.o
    0x00002590   0x00002590   0x00000032   Code   RO         1233    i.rx_byte           nrfx_uart.o
    0x000025c2   0x000025c2   0x00000016   Code   RO         1234    i.rx_done_event     nrfx_uart.o
    0x000025d8   0x000025d8   0x00000016   Code   RO         1414    i.rx_done_event     nrfx_uarte.o
    0x000025ee   0x000025ee   0x00000002   PAD
    0x000025f0   0x000025f0   0x00000040   Code   RO         2844    i.serial_tx         nrf_log_backend_uart.o
    0x00002630   0x00002630   0x00000078   Code   RO            5    i.spi_event_handler  main.o
    0x000026a8   0x000026a8   0x00000038   Code   RO          472    i.spim_evt_handler  nrf_drv_spi.o
    0x000026e0   0x000026e0   0x000000bc   Code   RO         1096    i.spim_xfer         nrfx_spim.o
    0x0000279c   0x0000279c   0x00000094   Code   RO         2974    i.std_n             nrf_log_frontend.o
    0x00002830   0x00002830   0x00000020   Code   RO         1236    i.tx_byte           nrfx_uart.o
    0x00002850   0x00002850   0x0000001a   Code   RO         1237    i.tx_done_event     nrfx_uart.o
    0x0000286a   0x0000286a   0x0000001a   Code   RO         1415    i.tx_done_event     nrfx_uarte.o
    0x00002884   0x00002884   0x00000030   Code   RO          507    i.uart_evt_handler  nrf_drv_uart.o
    0x000028b4   0x000028b4   0x0000000c   Code   RO         2845    i.uart_evt_handler  nrf_log_backend_uart.o
    0x000028c0   0x000028c0   0x00000050   Code   RO         2846    i.uart_init         nrf_log_backend_uart.o
    0x00002910   0x00002910   0x0000012a   Code   RO         1238    i.uart_irq_handler  nrfx_uart.o
    0x00002a3a   0x00002a3a   0x00000002   PAD
    0x00002a3c   0x00002a3c   0x00000030   Code   RO          508    i.uarte_evt_handler  nrf_drv_uart.o
    0x00002a6c   0x00002a6c   0x00000112   Code   RO         1416    i.uarte_irq_handler  nrfx_uarte.o
    0x00002b7e   0x00002b7e   0x00000002   PAD
    0x00002b80   0x00002b80   0x000000b4   Code   RO         2515    i.unsigned_print    nrf_fprintf_format.o
    0x00002c34   0x00002c34   0x0000000c   PAD
    0x00002c40   0x00002c40   0x00000028   Data   RO            6    .constdata          main.o
    0x00002c68   0x00002c68   0x00000008   Data   RO          253    .constdata          boards.o
    0x00002c70   0x00002c70   0x00000010   Data   RO          474    .constdata          nrf_drv_spi.o
    0x00002c80   0x00002c80   0x00000004   Data   RO          744    .constdata          nrfx_gpiote.o
    0x00002c84   0x00002c84   0x00000004   Data   RO         1099    .constdata          nrfx_spim.o
    0x00002c88   0x00002c88   0x00000004   Data   RO         1241    .constdata          nrfx_uart.o
    0x00002c8c   0x00002c8c   0x00000004   Data   RO         1419    .constdata          nrfx_uarte.o
    0x00002c90   0x00002c90   0x00000010   Data   RO         2516    .constdata          nrf_fprintf_format.o
    0x00002ca0   0x00002ca0   0x0000000c   Data   RO         2848    .constdata          nrf_log_backend_uart.o
    0x00002cac   0x00002cac   0x00000020   Data   RO         2849    .constdata          nrf_log_backend_uart.o
    0x00002ccc   0x00002ccc   0x0000000c   Data   RO         2979    .constdata          nrf_log_frontend.o
    0x00002cd8   0x00002cd8   0x00000081   Data   RO         3617    .constdata          mc_w.l(ctype_o.o)
    0x00002d59   0x00002d59   0x00000003   PAD
    0x00002d5c   0x00002d5c   0x00000004   Data   RO         3618    .constdata          mc_w.l(ctype_o.o)
    0x00002d60   0x00002d60   0x00000066   Data   RO         3141    .conststring        nrf_log_str_formatter.o
    0x00002dc6   0x00002dc6   0x00000002   PAD
    0x00002dc8   0x00002dc8   0x00000007   Data   RO          748    .conststrlit        nrfx_gpiote.o
    0x00002dcf   0x00002dcf   0x00000001   PAD
    0x00002dd0   0x00002dd0   0x00000004   Data   RO         1016    .conststrlit        nrfx_prs.o
    0x00002dd4   0x00002dd4   0x00000005   Data   RO         1102    .conststrlit        nrfx_spim.o
    0x00002dd9   0x00002dd9   0x00000003   PAD
    0x00002ddc   0x00002ddc   0x00000005   Data   RO         1244    .conststrlit        nrfx_uart.o
    0x00002de1   0x00002de1   0x00000003   PAD
    0x00002de4   0x00002de4   0x00000006   Data   RO         1422    .conststrlit        nrfx_uarte.o
    0x00002dea   0x00002dea   0x00000002   PAD
    0x00002dec   0x00002dec   0x0000000b   Data   RO         1566    .conststrlit        app_button.o
    0x00002df7   0x00002df7   0x00000001   PAD
    0x00002df8   0x00002df8   0x0000000a   Data   RO         1848    .conststrlit        app_timer2.o
    0x00002e02   0x00002e02   0x00000002   PAD
    0x00002e04   0x00002e04   0x00000009   Data   RO         2698    .conststrlit        nrf_sortlist.o
    0x00002e0d   0x00002e0d   0x00000003   PAD
    0x00002e10   0x00002e10   0x00000011   Data   RO         2914    .conststrlit        nrf_log_default_backends.o
    0x00002e21   0x00002e21   0x00000003   PAD
    0x00002e24   0x00002e24   0x00000004   Data   RO         2980    .conststrlit        nrf_log_frontend.o
    0x00002e28   0x00002e28   0x00000020   Data   RO         3676    Region$$Table       anon$$obj.o
    0x00002e48   0x00002e48   0x00000010   Data   RO         2916    log_backends        nrf_log_default_backends.o
    0x00002e58   0x00002e58   0x00000008   Data   RO          749    log_const_data      nrfx_gpiote.o
    0x00002e60   0x00002e60   0x00000008   Data   RO         1018    log_const_data      nrfx_prs.o
    0x00002e68   0x00002e68   0x00000008   Data   RO         1103    log_const_data      nrfx_spim.o
    0x00002e70   0x00002e70   0x00000008   Data   RO         1245    log_const_data      nrfx_uart.o
    0x00002e78   0x00002e78   0x00000008   Data   RO         1423    log_const_data      nrfx_uarte.o
    0x00002e80   0x00002e80   0x00000008   Data   RO         1568    log_const_data      app_button.o
    0x00002e88   0x00002e88   0x00000008   Data   RO         1851    log_const_data      app_timer2.o
    0x00002e90   0x00002e90   0x00000008   Data   RO         2699    log_const_data      nrf_sortlist.o
    0x00002e98   0x00002e98   0x00000008   Data   RO         2984    log_const_data      nrf_log_frontend.o
    0x00002ea0   0x00002ea0   0x00000014   Data   RO         2985    nrf_balloc          nrf_log_frontend.o


    Execution Region RW_IRAM1 (Exec base: 0x20000000, Load base: 0x00002eb4, Size: 0x00002750, Max: 0x00010000, ABSOLUTE)

    Exec Addr    Load Addr    Size         Type   Attr      Idx    E Section Name        Object

    0x20000000   0x00002eb4   0x00000010   Data   RW            7    .data               main.o
    0x20000010   0x00002ec4   0x0000000c   Data   RW          509    .data               nrf_drv_uart.o
    0x2000001c   0x00002ed0   0x00000008   Data   RW         1017    .data               nrfx_prs.o
    0x20000024   0x00002ed8   0x00000004   Data   RW         1975    .data               app_util_platform.o
    0x20000028   0x00002edc   0x0000000c   Data   RW         2055    .data               drv_rtc.o
    0x20000034   0x00002ee8   0x00000018   Data   RW         2850    .data               nrf_log_backend_uart.o
    0x2000004c   0x00002f00   0x00000008   Data   RW         2915    .data               nrf_log_default_backends.o
    0x20000054   0x00002f08   0x00000004   Data   RW         2981    .data               nrf_log_frontend.o
    0x20000058   0x00002f0c   0x00000008   Data   RW         2982    .data               nrf_log_frontend.o
    0x20000060   0x00002f14   0x00000008   Data   RW         2983    .data               nrf_log_frontend.o
    0x20000068   0x00002f1c   0x00000040   Data   RW         3142    .data               nrf_log_str_formatter.o
    0x200000a8   0x00002f5c   0x00000004   Data   RW         3558    .data               system_nrf52.o
    0x200000ac        -       0x00000018   Zero   RW          473    .bss                nrf_drv_spi.o
    0x200000c4        -       0x0000005c   Zero   RW          743    .bss                nrfx_gpiote.o
    0x20000120        -       0x00000024   Zero   RW         1097    .bss                nrfx_spim.o
    0x20000144        -       0x0000002c   Zero   RW         1239    .bss                nrfx_uart.o
    0x20000170        -       0x00000024   Zero   RW         1417    .bss                nrfx_uarte.o
    0x20000194        -       0x00000040   Zero   RW         2847    .bss                nrf_log_backend_uart.o
    0x200001d4        -       0x000000c0   Zero   RW         2975    .bss                nrf_log_frontend.o
    0x20000294        -       0x00000080   Zero   RW         2976    .bss                nrf_log_frontend.o
    0x20000314        -       0x00000018   Zero   RW         2977    .bss                nrf_log_frontend.o
    0x2000032c        -       0x00000420   Zero   RW         2978    .bss                nrf_log_frontend.o
    0x2000074c   0x00002f60   0x00000004   PAD
    0x20000750        -       0x00002000   Zero   RW         3546    STACK               arm_startup_nrf52.o


==============================================================================

Image component sizes


      Code (inc. data)   RO Data    RW Data    ZI Data      Debug   Object Name

         0          0         19          0          0       6851   app_button.o
        22          0          0          0          0       2457   app_error.o
       132         46          0          0          0      30845   app_error_weak.o
         0          0         18          0          0       5778   app_timer2.o
        44         10          0          4          0       3156   app_util_platform.o
        36          8        512          0       8192        896   arm_startup_nrf52.o
       212         14          8          0          0       9144   boards.o
         0          0          0          0          0       3216   bsp.o
        16          4          0         12          0       4813   drv_rtc.o
       372         92         40         16          0      68108   main.o
       294          0          0          0          0       7567   nrf_atomic.o
       152          0          0          0          0       3452   nrf_balloc.o
       168         18         16          0         24       6279   nrf_drv_spi.o
       200         26          0         12          0      17516   nrf_drv_uart.o
        50          0          0          0          0       3409   nrf_fprintf.o
       866          4         16          0          0       6398   nrf_fprintf_format.o
       200          0          0          0          0      11461   nrf_log_backend_serial.o
       232         44         44         24         64      15534   nrf_log_backend_uart.o
        28          4         33          8          0       3249   nrf_log_default_backends.o
      1604        138         44         20       1400      28647   nrf_log_frontend.o
       570        108        102         64          0       5472   nrf_log_str_formatter.o
       346          0          0          0          0       9295   nrf_memobj.o
        28          0          0          0          0       2279   nrf_ringbuf.o
         0          0         17          0          0        997   nrf_sortlist.o
       534         36         19          0         92      24513   nrfx_gpiote.o
       102         16         12          8          0       4272   nrfx_prs.o
       846         22         17          0         36      56497   nrfx_spim.o
      1310         42         17          0         44      26405   nrfx_uart.o
      1312         42         18          0         36      23243   nrfx_uarte.o
       920         72          0          4          0      13351   system_nrf52.o

    ----------------------------------------------------------------------
     10632        758       1004        172       9892     405100   Object Totals
         0          0         32          0          0          0   (incl. Generated)
        36         12         20          0          4          0   (incl. Padding)

    ----------------------------------------------------------------------

      Code (inc. data)   RO Data    RW Data    ZI Data      Debug   Library Member Name

         8          4        133          0          0         68   ctype_o.o
         0          0          0          0          0          0   entry.o
         0          0          0          0          0          0   entry10a.o
         0          0          0          0          0          0   entry11a.o
         8          4          0          0          0          0   entry2.o
         4          0          0          0          0          0   entry5.o
         0          0          0          0          0          0   entry7b.o
         0          0          0          0          0          0   entry8b.o
         8          4          0          0          0          0   entry9a.o
        30          0          0          0          0          0   handlers.o
        36          8          0          0          0         68   init.o
        36          0          0          0          0         68   memcpya.o
        36          0          0          0          0        108   memseta.o
        14          0          0          0          0         68   strlen.o

    ----------------------------------------------------------------------
       184         20        136          0          0        380   Library Totals
         4          0          3          0          0          0   (incl. Padding)

    ----------------------------------------------------------------------

      Code (inc. data)   RO Data    RW Data    ZI Data      Debug   Library Name

       180         20        133          0          0        380   mc_w.l

    ----------------------------------------------------------------------
       184         20        136          0          0        380   Library Totals

    ----------------------------------------------------------------------

==============================================================================


      Code (inc. data)   RO Data    RW Data    ZI Data      Debug   

     10816        778       1140        172       9892     392832   Grand Totals
     10816        778       1140        172       9892     392832   ELF Image Totals
     10816        778       1140        172          0          0   ROM Totals

==============================================================================

    Total RO  Size (Code + RO Data)                11956 (  11.68kB)
    Total RW  Size (RW Data + ZI Data)             10064 (   9.83kB)
    Total ROM Size (Code + RO Data + RW Data)      12128 (  11.84kB)

==============================================================================

