Component: ARM Compiler 5.06 update 6 (build 750) Tool: armlink [4d35ed]

==============================================================================

Section Cross References

    main.o(i.advertising_start) refers to nrf_log_frontend.o(i.nrf_log_frontend_std_0) for nrf_log_frontend_std_0
    main.o(i.advertising_start) refers to peer_manager.o(i.pm_peers_delete) for pm_peers_delete
    main.o(i.advertising_start) refers to ble_advertising.o(i.ble_advertising_start) for ble_advertising_start
    main.o(i.advertising_start) refers to app_error.o(i.app_error_handler_bare) for app_error_handler_bare
    main.o(i.advertising_start) refers to nrf_log_frontend.o(log_const_data) for m_nrf_log_app_logs_data_const
    main.o(i.advertising_start) refers to main.o(.bss) for .bss
    main.o(i.assert_nrf_callback) refers to app_error_handler_keil.o(.emb_text) for app_error_handler
    main.o(i.ble_evt_handler) refers to nrf_log_frontend.o(i.nrf_log_frontend_std_0) for nrf_log_frontend_std_0
    main.o(i.ble_evt_handler) refers to bsp.o(i.bsp_indication_set) for bsp_indication_set
    main.o(i.ble_evt_handler) refers to app_error.o(i.app_error_handler_bare) for app_error_handler_bare
    main.o(i.ble_evt_handler) refers to nrf_ble_qwr.o(i.nrf_ble_qwr_conn_handle_assign) for nrf_ble_qwr_conn_handle_assign
    main.o(i.ble_evt_handler) refers to nrf_log_frontend.o(log_const_data) for m_nrf_log_app_logs_data_const
    main.o(i.ble_evt_handler) refers to main.o(.data) for .data
    main.o(i.ble_evt_handler) refers to main.o(.bss) for .bss
    main.o(i.bsp_event_handler) refers to main.o(i.sleep_mode_enter) for sleep_mode_enter
    main.o(i.bsp_event_handler) refers to nrf_log_frontend.o(i.nrf_log_frontend_std_0) for nrf_log_frontend_std_0
    main.o(i.bsp_event_handler) refers to app_error.o(i.app_error_handler_bare) for app_error_handler_bare
    main.o(i.bsp_event_handler) refers to ble_advertising.o(i.ble_advertising_restart_without_whitelist) for ble_advertising_restart_without_whitelist
    main.o(i.bsp_event_handler) refers to nrf_log_frontend.o(log_const_data) for m_nrf_log_app_logs_data_const
    main.o(i.bsp_event_handler) refers to main.o(.data) for .data
    main.o(i.bsp_event_handler) refers to main.o(.bss) for .bss
    main.o(i.conn_params_error_handler) refers to app_error.o(i.app_error_handler_bare) for app_error_handler_bare
    main.o(i.main) refers to nrf_log_frontend.o(i.nrf_log_init) for nrf_log_init
    main.o(i.main) refers to app_error.o(i.app_error_handler_bare) for app_error_handler_bare
    main.o(i.main) refers to nrf_log_default_backends.o(i.nrf_log_default_backends_init) for nrf_log_default_backends_init
    main.o(i.main) refers to app_timer2.o(i.app_timer_init) for app_timer_init
    main.o(i.main) refers to bsp_timer.o(i.CreateTestTimer) for CreateTestTimer
    main.o(i.main) refers to bsp.o(i.bsp_init) for bsp_init
    main.o(i.main) refers to bsp_btn_ble.o(i.bsp_btn_ble_init) for bsp_btn_ble_init
    main.o(i.main) refers to bsp_led.o(i.Board_LED0Init) for Board_LED0Init
    main.o(i.main) refers to board_spi.o(i.SPI_Init) for SPI_Init
    main.o(i.main) refers to nrf_pwr_mgmt.o(i.nrf_pwr_mgmt_init) for nrf_pwr_mgmt_init
    main.o(i.main) refers to nrf_sdh.o(i.nrf_sdh_enable_request) for nrf_sdh_enable_request
    main.o(i.main) refers to nrf_sdh_ble.o(i.nrf_sdh_ble_default_cfg_set) for nrf_sdh_ble_default_cfg_set
    main.o(i.main) refers to nrf_sdh_ble.o(i.nrf_sdh_ble_enable) for nrf_sdh_ble_enable
    main.o(i.main) refers to nrf_ble_gatt.o(i.nrf_ble_gatt_init) for nrf_ble_gatt_init
    main.o(i.main) refers to memseta.o(.text) for __aeabi_memclr4
    main.o(i.main) refers to ble_advertising.o(i.ble_advertising_init) for ble_advertising_init
    main.o(i.main) refers to ble_advertising.o(i.ble_advertising_conn_cfg_tag_set) for ble_advertising_conn_cfg_tag_set
    main.o(i.main) refers to nrf_ble_qwr.o(i.nrf_ble_qwr_init) for nrf_ble_qwr_init
    main.o(i.main) refers to ble_conn_params.o(i.ble_conn_params_init) for ble_conn_params_init
    main.o(i.main) refers to main.o(i.peer_manager_init) for peer_manager_init
    main.o(i.main) refers to nrf_log_frontend.o(i.nrf_log_frontend_std_0) for nrf_log_frontend_std_0
    main.o(i.main) refers to bsp_timer.o(i.StartTestTimer) for StartTestTimer
    main.o(i.main) refers to main.o(i.advertising_start) for advertising_start
    main.o(i.main) refers to nrf_log_frontend.o(i.nrf_log_frontend_dequeue) for nrf_log_frontend_dequeue
    main.o(i.main) refers to nrf_pwr_mgmt.o(i.nrf_pwr_mgmt_run) for nrf_pwr_mgmt_run
    main.o(i.main) refers to main.o(i.bsp_event_handler) for bsp_event_handler
    main.o(i.main) refers to main.o(.bss) for .bss
    main.o(i.main) refers to main.o(.data) for .data
    main.o(i.main) refers to main.o(i.on_adv_evt) for on_adv_evt
    main.o(i.main) refers to main.o(i.nrf_qwr_error_handler) for nrf_qwr_error_handler
    main.o(i.main) refers to main.o(i.on_conn_params_evt) for on_conn_params_evt
[...]
    0x00026208   0x00026208   0x00000000   Code   RO         7941    .ARM.Collect$$$$00000008  mc_w.l(entry7b.o)
    0x00026208   0x00026208   0x00000000   Code   RO         7943    .ARM.Collect$$$$0000000A  mc_w.l(entry8b.o)
    0x00026208   0x00026208   0x00000008   Code   RO         7944    .ARM.Collect$$$$0000000B  mc_w.l(entry9a.o)
    0x00026210   0x00026210   0x00000000   Code   RO         7946    .ARM.Collect$$$$0000000D  mc_w.l(entry10a.o)
    0x00026210   0x00026210   0x00000000   Code   RO         7948    .ARM.Collect$$$$0000000F  mc_w.l(entry11a.o)
    0x00026210   0x00026210   0x00000004   Code   RO         7937    .ARM.Collect$$$$00002712  mc_w.l(entry2.o)
    0x00026214   0x00026214   0x000000c8   Code   RO         5383    .emb_text           nrf_atfifo.o
    0x000262dc   0x000262dc   0x000000e2   Code   RO         5519    .emb_text           nrf_atomic.o
    0x000263be   0x000263be   0x00000002   PAD
    0x000263c0   0x000263c0   0x00000024   Code   RO         7538    .text               arm_startup_nrf52.o
    0x000263e4   0x000263e4   0x00000062   Code   RO         7601    .text               mc_w.l(uldiv.o)
    0x00026446   0x00026446   0x0000001e   Code   RO         7603    .text               mc_w.l(llshl.o)
    0x00026464   0x00026464   0x00000008   Code   RO         7605    .text               mc_w.l(ctype_o.o)
    0x0002646c   0x0002646c   0x00000024   Code   RO         7633    .text               mc_w.l(memcpya.o)
    0x00026490   0x00026490   0x00000024   Code   RO         7635    .text               mc_w.l(memseta.o)
    0x000264b4   0x000264b4   0x0000000e   Code   RO         7637    .text               mc_w.l(strlen.o)
    0x000264c2   0x000264c2   0x0000001a   Code   RO         7641    .text               mc_w.l(memcmp.o)
    0x000264dc   0x000264dc   0x00000020   Code   RO         7953    .text               mc_w.l(llushr.o)
    0x000264fc   0x000264fc   0x00000024   Code   RO         7969    .text               mc_w.l(init.o)
    0x00026520   0x00026520   0x00000056   Code   RO         7983    .text               mc_w.l(__dczerorl2.o)
    0x00026576   0x00026576   0x00000014   Code   RO         7356    i.Board_LED0Init    bsp_led.o
    0x0002658a   0x0002658a   0x00000002   PAD
    0x0002658c   0x0002658c   0x00000014   Code   RO         7312    i.CreateTestTimer   bsp_timer.o
    0x000265a0   0x000265a0   0x000000c0   Code   RO         3450    i.GPIOTE_IRQHandler  nrfx_gpiote.o
    0x00026660   0x00026660   0x00000058   Code   RO         3311    i.POWER_CLOCK_IRQHandler  nrfx_clock.o
    0x000266b8   0x000266b8   0x00000010   Code   RO         4847    i.RTC1_IRQHandler   drv_rtc.o
    0x000266c8   0x000266c8   0x00000054   Code   RO         4193    i.SPIM0_SPIS0_TWIM0_TWIS0_SPI0_TWI0_IRQHandler  nrfx_spim.o
    0x0002671c   0x0002671c   0x0000005c   Code   RO         7474    i.SPI_Init          board_spi.o
    0x00026778   0x00026778   0x00000038   Code   RO         7475    i.SPI_ReadWriteData  board_spi.o
    0x000267b0   0x000267b0   0x00000004   Code   RO         7102    i.SWI2_EGU2_IRQHandler  nrf_sdh.o
    0x000267b4   0x000267b4   0x00000014   Code   RO         7313    i.StartTestTimer    bsp_timer.o
    0x000267c8   0x000267c8   0x00000398   Code   RO         7546    i.SystemInit        system_nrf52.o
    0x00026b60   0x00026b60   0x0000000c   Code   RO         3755    i.UARTE0_UART0_IRQHandler  nrfx_prs.o
    0x00026b6c   0x00026b6c   0x0000000e   Code   RO         7977    i.__scatterload_copy  mc_w.l(handlers.o)
    0x00026b7a   0x00026b7a   0x00000002   Code   RO         7978    i.__scatterload_null  mc_w.l(handlers.o)
    0x00026b7c   0x00026b7c   0x0000000e   Code   RO         7979    i.__scatterload_zeroinit  mc_w.l(handlers.o)
    0x00026b8a   0x00026b8a   0x00000002   PAD
    0x00026b8c   0x00026b8c   0x00000024   Code   RO         7103    i.__sd_nvic_app_accessible_irq  nrf_sdh.o
    0x00026bb0   0x00026bb0   0x0000013c   Code   RO         2506    i._conn_secure      peer_manager_handler.o
    0x00026cec   0x00026cec   0x00000026   Code   RO         1536    i.addr_compare      id_manager.o
    0x00026d12   0x00026d12   0x0000000c   Code   RO         5771    i.addr_is_aligned32  nrf_fstorage.o
    0x00026d1e   0x00026d1e   0x00000018   Code   RO         5772    i.addr_is_within_bounds  nrf_fstorage.o
    0x00026d36   0x00026d36   0x00000010   Code   RO          877    i.adv_set_data_size_max_get  ble_advertising.o
    0x00026d46   0x00026d46   0x00000036   Code   RO          643    i.advertising_buttons_configure  bsp_btn_ble.o
    0x00026d7c   0x00026d7c   0x00000050   Code   RO            4    i.advertising_start  main.o
    0x00026dcc   0x00026dcc   0x00000052   Code   RO         1537    i.ah                id_manager.o
    0x00026e1e   0x00026e1e   0x00000006   Code   RO          526    i.alert_timer_handler  bsp.o
    0x00026e24   0x00026e24   0x0000000c   Code   RO         2650    i.allow_repairing   security_dispatcher.o
    0x00026e30   0x00026e30   0x00000024   Code   RO         4358    i.app_button_enable  app_button.o
    0x00026e54   0x00026e54   0x00000080   Code   RO         4359    i.app_button_init   app_button.o
    0x00026ed4   0x00026ed4   0x00000084   Code   RO         4516    i.app_error_fault_handler  app_error_weak.o
    0x00026f58   0x00026f58   0x00000016   Code   RO         4456    i.app_error_handler_bare  app_error.o
    0x00026f6e   0x00026f6e   0x00000002   PAD
    0x00026f70   0x00026f70   0x0000000c   Code   RO         4611    i.app_timer_cnt_get  app_timer2.o
    0x00026f7c   0x00026f7c   0x00000016   Code   RO         4612    i.app_timer_create  app_timer2.o
    0x00026f92   0x00026f92   0x00000002   PAD
    0x00026f94   0x00026f94   0x0000005c   Code   RO         4613    i.app_timer_init    app_timer2.o
    0x00026ff0   0x00026ff0   0x00000030   Code   RO         4616    i.app_timer_start   app_timer2.o
    0x00027020   0x00027020   0x0000000c   Code   RO         4617    i.app_timer_stop    app_timer2.o
    0x0002702c   0x0002702c   0x00000048   Code   RO         4752    i.app_util_critical_region_enter  app_util_platform.o
    0x00027074   0x00027074   0x00000034   Code   RO         4753    i.app_util_critical_region_exit  app_util_platform.o
    0x000270a8   0x000270a8   0x00000088   Code   RO         3809    i.apply_config      nrfx_uart.o
    0x00027130   0x00027130   0x00000088   Code   RO         3997    i.apply_config      nrfx_uarte.o
    0x000271b8   0x000271b8   0x00000004   Code   RO         1275    i.apply_pending_handle  gatt_cache_manager.o
    0x000271bc   0x000271bc   0x00000180   Code   RO         2651    i.auth_status_success_process  security_dispatcher.o
    0x0002733c   0x0002733c   0x00000182   Code   RO          771    i.ble_advdata_encode  ble_advdata.o
    0x000274be   0x000274be   0x00000020   Code   RO          773    i.ble_advdata_parse  ble_advdata.o
    0x000274de   0x000274de   0x00000046   Code   RO          774    i.ble_advdata_search  ble_advdata.o
    0x00027524   0x00027524   0x00000006   Code   RO          879    i.ble_advertising_conn_cfg_tag_set  ble_advertising.o
    0x0002752a   0x0002752a   0x000000f8   Code   RO          880    i.ble_advertising_init  ble_advertising.o
    0x00027622   0x00027622   0x0000006a   Code   RO          882    i.ble_advertising_on_ble_evt  ble_advertising.o
    0x0002768c   0x0002768c   0x0000003a   Code   RO          884    i.ble_advertising_restart_without_whitelist  ble_advertising.o
    0x000276c6   0x000276c6   0x00000230   Code   RO          885    i.ble_advertising_start  ble_advertising.o
    0x000278f6   0x000278f6   0x00000002   PAD
    0x000278f8   0x000278f8   0x00000068   Code   RO          970    i.ble_conn_params_init  ble_conn_params.o
    0x00027960   0x00027960   0x00000020   Code   RO         1046    i.ble_conn_state_encrypted  ble_conn_state.o
    0x00027980   0x00027980   0x0000002c   Code   RO         1048    i.ble_conn_state_for_each_set_user_flag  ble_conn_state.o
    0x000279ac   0x000279ac   0x00000020   Code   RO         1050    i.ble_conn_state_lesc  ble_conn_state.o
    0x000279cc   0x000279cc   0x00000020   Code   RO         1051    i.ble_conn_state_mitm_protected  ble_conn_state.o
    0x000279ec   0x000279ec   0x00000024   Code   RO         1054    i.ble_conn_state_role  ble_conn_state.o
    0x00027a10   0x00027a10   0x00000024   Code   RO         1055    i.ble_conn_state_status  ble_conn_state.o
    0x00027a34   0x00027a34   0x00000018   Code   RO         1056    i.ble_conn_state_user_flag_acquire  ble_conn_state.o
    0x00027a4c   0x00027a4c   0x00000030   Code   RO         1057    i.ble_conn_state_user_flag_get  ble_conn_state.o
    0x00027a7c   0x00027a7c   0x00000038   Code   RO         1058    i.ble_conn_state_user_flag_set  ble_conn_state.o
    0x00027ab4   0x00027ab4   0x00000014   Code   RO         1059    i.ble_conn_state_valid  ble_conn_state.o
    0x00027ac8   0x00027ac8   0x00000060   Code   RO          777    i.ble_device_addr_encode  ble_advdata.o
    0x00027b28   0x00027b28   0x000000b4   Code   RO            6    i.ble_evt_handler   main.o
    0x00027bdc   0x00027bdc   0x00000070   Code   RO          644    i.ble_evt_handler   bsp_btn_ble.o
    0x00027c4c   0x00027c4c   0x000000fc   Code   RO          972    i.ble_evt_handler   ble_conn_params.o
    0x00027d48   0x00027d48   0x00000118   Code   RO         1060    i.ble_evt_handler   ble_conn_state.o
    0x00027e60   0x00027e60   0x00000028   Code   RO         2200    i.ble_evt_handler   peer_manager.o
    0x00027e88   0x00027e88   0x00000008   Code   RO         1215    i.ble_srv_is_notification_enabled  ble_srv_common.o
    0x00027e90   0x00027e90   0x0000000c   Code   RO          413    i.bsp_board_button_idx_to_pin  boards.o
    0x00027e9c   0x00027e9c   0x00000020   Code   RO          414    i.bsp_board_button_state_get  boards.o
    0x00027ebc   0x00027ebc   0x00000054   Code   RO          415    i.bsp_board_init    boards.o
    0x00027f10   0x00027f10   0x00000024   Code   RO          417    i.bsp_board_led_invert  boards.o
    0x00027f34   0x00027f34   0x00000010   Code   RO          418    i.bsp_board_led_off  boards.o
    0x00027f44   0x00027f44   0x00000010   Code   RO          419    i.bsp_board_led_on  boards.o
    0x00027f54   0x00027f54   0x00000020   Code   RO          420    i.bsp_board_led_state_get  boards.o
    0x00027f74   0x00027f74   0x00000012   Code   RO          421    i.bsp_board_leds_off  boards.o
    0x00027f86   0x00027f86   0x00000012   Code   RO          422    i.bsp_board_leds_on  boards.o
    0x00027f98   0x00027f98   0x00000024   Code   RO          423    i.bsp_board_pin_to_button_idx  boards.o
    0x00027fbc   0x00027fbc   0x00000038   Code   RO          645    i.bsp_btn_ble_init  bsp_btn_ble.o
    0x00027ff4   0x00027ff4   0x0000001e   Code   RO          646    i.bsp_btn_ble_sleep_mode_prepare  bsp_btn_ble.o
    0x00028012   0x00028012   0x00000002   PAD
    0x00028014   0x00028014   0x00000090   Code   RO          527    i.bsp_button_event_handler  bsp.o
    0x000280a4   0x000280a4   0x0000000c   Code   RO          528    i.bsp_button_is_pressed  bsp.o
    0x000280b0   0x000280b0   0x000000c8   Code   RO            7    i.bsp_event_handler  main.o
    0x00028178   0x00028178   0x0000003c   Code   RO          531    i.bsp_event_to_button_action_assign  bsp.o
    0x000281b4   0x000281b4   0x00000018   Code   RO          532    i.bsp_indication_set  bsp.o
    0x000281cc   0x000281cc   0x00000094   Code   RO          533    i.bsp_init          bsp.o
    0x00028260   0x00028260   0x000001c8   Code   RO          534    i.bsp_led_indication  bsp.o
    0x00028428   0x00028428   0x00000006   Code   RO          536    i.bsp_wakeup_button_enable  bsp.o
    0x0002842e   0x0002842e   0x00000002   PAD
    0x00028430   0x00028430   0x00000094   Code   RO         6501    i.buf_prealloc      nrf_log_frontend.o
    0x000284c4   0x000284c4   0x0000002e   Code   RO         5731    i.buffer_add        nrf_fprintf_format.o
    0x000284f2   0x000284f2   0x00000002   PAD
    0x000284f4   0x000284f4   0x00000018   Code   RO         6502    i.buffer_is_empty   nrf_log_frontend.o
    0x0002850c   0x0002850c   0x00000028   Code   RO         4361    i.button_get        app_button.o
    0x00028534   0x00028534   0x00000008   Code   RO          537    i.button_timer_handler  bsp.o
    0x0002853c   0x0002853c   0x00000028   Code   RO         1276    i.car_update_needed  gatt_cache_manager.o
    0x00028564   0x00028564   0x00000040   Code   RO         1277    i.car_update_pending_handle  gatt_cache_manager.o
    0x000285a4   0x000285a4   0x0000001c   Code   RO         3451    i.channel_free      nrfx_gpiote.o
    0x000285c0   0x000285c0   0x00000048   Code   RO         3452    i.channel_port_alloc  nrfx_gpiote.o
    0x00028608   0x00028608   0x00000010   Code   RO         3453    i.channel_port_get  nrfx_gpiote.o
    0x00028618   0x00028618   0x0000003e   Code   RO         2110    i.claim             peer_id.o
    0x00028656   0x00028656   0x00000002   PAD
    0x00028658   0x00028658   0x00000028   Code   RO         2966    i.clock_clk_started_notify  nrf_drv_clock.o
    0x00028680   0x00028680   0x0000001c   Code   RO         2967    i.clock_irq_handler  nrf_drv_clock.o
    0x0002869c   0x0002869c   0x00000018   Code   RO         4619    i.compare_func      app_timer2.o
    0x000286b4   0x000286b4   0x0000003e   Code   RO         1061    i.conn_handle_list_get  ble_conn_state.o
    0x000286f2   0x000286f2   0x00000088   Code   RO          778    i.conn_int_encode   ble_advdata.o
    0x0002877a   0x0002877a   0x00000004   Code   RO            8    i.conn_params_error_handler  main.o
    0x0002877e   0x0002877e   0x00000002   PAD
    0x00028780   0x00028780   0x00000048   Code   RO          973    i.conn_params_negotiation  ble_conn_params.o
    0x000287c8   0x000287c8   0x00000044   Code   RO         2652    i.conn_sec_failure  security_dispatcher.o
    0x0002880c   0x0002880c   0x00000004   Code   RO         2507    i.conn_secure       peer_manager_handler.o
    0x00028810   0x00028810   0x000000c0   Code   RO         1705    i.data_length_update  nrf_ble_gatt.o
    0x000288d0   0x000288d0   0x00000030   Code   RO         1278    i.db_update_pending_handle  gatt_cache_manager.o
    0x00028900   0x00028900   0x0000008c   Code   RO         5016    i.delete_execute    fds.o
    0x0002898c   0x0002898c   0x00000048   Code   RO         4362    i.detection_delay_timeout_handler  app_button.o
    0x000289d4   0x000289d4   0x00000014   Code   RO         6503    i.dropped_sat16_get  nrf_log_frontend.o
    0x000289e8   0x000289e8   0x00000014   Code   RO         4848    i.drv_rtc_compare_disable  drv_rtc.o
    0x000289fc   0x000289fc   0x0000000e   Code   RO         4851    i.drv_rtc_compare_pending  drv_rtc.o
    0x00028a0a   0x00028a0a   0x00000050   Code   RO         4852    i.drv_rtc_compare_set  drv_rtc.o
    0x00028a5a   0x00028a5a   0x00000008   Code   RO         4853    i.drv_rtc_counter_get  drv_rtc.o
    0x00028a62   0x00028a62   0x00000002   PAD
    0x00028a64   0x00028a64   0x000000d8   Code   RO         4854    i.drv_rtc_init      drv_rtc.o
    0x00028b3c   0x00028b3c   0x0000001e   Code   RO         4855    i.drv_rtc_irq_trigger  drv_rtc.o
    0x00028b5a   0x00028b5a   0x00000008   Code   RO         4857    i.drv_rtc_overflow_enable  drv_rtc.o
    0x00028b62   0x00028b62   0x00000008   Code   RO         4858    i.drv_rtc_overflow_pending  drv_rtc.o
    0x00028b6a   0x00028b6a   0x00000008   Code   RO         4859    i.drv_rtc_start     drv_rtc.o
    0x00028b72   0x00028b72   0x00000008   Code   RO         4860    i.drv_rtc_stop      drv_rtc.o
    0x00028b7a   0x00028b7a   0x000000de   Code   RO         4865    i.drv_rtc_windowed_compare_set  drv_rtc.o
    0x00028c58   0x00028c58   0x0000000a   Code   RO         2653    i.encryption_failure  security_dispatcher.o
    0x00028c62   0x00028c62   0x00000002   PAD
    0x00028c64   0x00028c64   0x0000004c   Code   RO         5858    i.erase             nrf_fstorage_sd.o
    0x00028cb0   0x00028cb0   0x00000074   Code   RO         5017    i.event_prepare     fds.o
    0x00028d24   0x00028d24   0x00000020   Code   RO         5018    i.event_send        fds.o
    0x00028d44   0x00028d44   0x00000054   Code   RO         5859    i.event_send        nrf_fstorage_sd.o
    0x00028d98   0x00028d98   0x00000098   Code   RO         2791    i.events_send_from_err_code  security_manager.o
    0x00028e30   0x00028e30   0x00000012   Code   RO         4866    i.evt_enable        drv_rtc.o
    0x00028e42   0x00028e42   0x00000002   PAD
    0x00028e44   0x00028e44   0x000000e0   Code   RO         4363    i.evt_handle        app_button.o
    0x00028f24   0x00028f24   0x00000014   Code   RO         4867    i.evt_pending       drv_rtc.o
    0x00028f38   0x00028f38   0x0000001c   Code   RO         1279    i.evt_send          gatt_cache_manager.o
    0x00028f54   0x00028f54   0x0000001c   Code   RO         1441    i.evt_send          gatts_cache_manager.o
    0x00028f70   0x00028f70   0x0000002c   Code   RO         2201    i.evt_send          peer_manager.o
    0x00028f9c   0x00028f9c   0x0000001c   Code   RO         2654    i.evt_send          security_dispatcher.o
    0x00028fb8   0x00028fb8   0x0000000c   Code   RO         2792    i.evt_send          security_manager.o
    0x00028fc4   0x00028fc4   0x000000e0   Code   RO         1848    i.fds_evt_handler   peer_data_storage.o
    0x000290a4   0x000290a4   0x00000048   Code   RO         5020    i.fds_file_delete   fds.o
    0x000290ec   0x000290ec   0x00000040   Code   RO         5021    i.fds_gc            fds.o
    0x0002912c   0x0002912c   0x000000e4   Code   RO         5022    i.fds_init          fds.o
    0x00029210   0x00029210   0x00000048   Code   RO         5023    i.fds_record_close  fds.o
    0x00029258   0x00029258   0x0000000e   Code   RO         5025    i.fds_record_find   fds.o
    0x00029266   0x00029266   0x00000010   Code   RO         5026    i.fds_record_find_by_key  fds.o
    0x00029276   0x00029276   0x00000010   Code   RO         5027    i.fds_record_find_in_file  fds.o
    0x00029286   0x00029286   0x00000012   Code   RO         5028    i.fds_record_id_from_desc  fds.o
    0x00029298   0x00029298   0x0000004c   Code   RO         5030    i.fds_record_open   fds.o
    0x000292e4   0x000292e4   0x00000010   Code   RO         5031    i.fds_record_update  fds.o
    0x000292f4   0x000292f4   0x00000008   Code   RO         5032    i.fds_record_write  fds.o
    0x000292fc   0x000292fc   0x00000030   Code   RO         5034    i.fds_register      fds.o
    0x0002932c   0x0002932c   0x000000a0   Code   RO         5037    i.fds_stat          fds.o
    0x000293cc   0x000293cc   0x00000014   Code   RO         1849    i.file_id_within_pm_range  peer_data_storage.o
    0x000293e0   0x000293e0   0x00000012   Code   RO         2655    i.flag_id_init      security_dispatcher.o
    0x000293f2   0x000293f2   0x00000012   Code   RO         2793    i.flag_id_init      security_manager.o
    0x00029404   0x00029404   0x0000000a   Code   RO         1062    i.flag_toggle       ble_conn_state.o
    0x0002940e   0x0002940e   0x00000028   Code   RO          887    i.flags_set         ble_advertising.o
    0x00029436   0x00029436   0x00000002   PAD
    0x00029438   0x00029438   0x00000030   Code   RO         2794    i.flags_set_from_err_code  security_manager.o
    0x00029468   0x00029468   0x00000030   Code   RO         1063    i.for_each_set_flag  ble_conn_state.o
    0x00029498   0x00029498   0x00000006   Code   RO         5038    i.fs_event_handler  fds.o
    0x0002949e   0x0002949e   0x00000002   PAD
    0x000294a0   0x000294a0   0x00000080   Code   RO         5039    i.gc_execute        fds.o
    0x00029520   0x00029520   0x0000004c   Code   RO         5040    i.gc_next_page      fds.o
    0x0002956c   0x0002956c   0x00000040   Code   RO         5041    i.gc_page_erase     fds.o
    0x000295ac   0x000295ac   0x00000034   Code   RO         5042    i.gc_record_copy    fds.o
    0x000295e0   0x000295e0   0x00000024   Code   RO         5043    i.gc_record_find_next  fds.o
    0x00029604   0x00029604   0x00000070   Code   RO         5044    i.gc_state_advance  fds.o
    0x00029674   0x00029674   0x00000030   Code   RO         5045    i.gc_swap_pages     fds.o
    0x000296a4   0x000296a4   0x00000230   Code   RO         1280    i.gcm_ble_evt_handler  gatt_cache_manager.o
    0x000298d4   0x000298d4   0x0000003c   Code   RO         1281    i.gcm_im_evt_handler  gatt_cache_manager.o
    0x00029910   0x00029910   0x00000094   Code   RO         1282    i.gcm_init          gatt_cache_manager.o
    0x000299a4   0x000299a4   0x00000088   Code   RO         1285    i.gcm_pdb_evt_handler  gatt_cache_manager.o
    0x00029a2c   0x00029a2c   0x00000034   Code   RO         4620    i.get_now           app_timer2.o
    0x00029a60   0x00029a60   0x0000003c   Code   RO         4364    i.gpiote_event_handler  app_button.o
    0x00029a9c   0x00029a9c   0x0000001c   Code   RO         1442    i.gscm_db_change_notification_done  gatts_cache_manager.o
    0x00029ab8   0x00029ab8   0x00000014   Code   RO         1443    i.gscm_init         gatts_cache_manager.o
    0x00029acc   0x00029acc   0x00000090   Code   RO         1445    i.gscm_local_db_cache_apply  gatts_cache_manager.o
    0x00029b5c   0x00029b5c   0x000000ac   Code   RO         1446    i.gscm_local_db_cache_update  gatts_cache_manager.o
    0x00029c08   0x00029c08   0x00000018   Code   RO         1447    i.gscm_pdb_evt_handler  gatts_cache_manager.o
    0x00029c20   0x00029c20   0x0000001e   Code   RO         1448    i.gscm_service_changed_ind_needed  gatts_cache_manager.o
    0x00029c3e   0x00029c3e   0x00000002   PAD
    0x00029c40   0x00029c40   0x0000005c   Code   RO         1449    i.gscm_service_changed_ind_send  gatts_cache_manager.o
    0x00029c9c   0x00029c9c   0x0000002c   Code   RO         5046    i.header_check      fds.o
    0x00029cc8   0x00029cc8   0x00000012   Code   RO         5047    i.header_has_next   fds.o
    0x00029cda   0x00029cda   0x00000046   Code   RO         1538    i.im_address_resolve  id_manager.o
    0x00029d20   0x00029d20   0x00000038   Code   RO         1539    i.im_ble_addr_get   id_manager.o
    0x00029d58   0x00029d58   0x000000dc   Code   RO         1540    i.im_ble_evt_handler  id_manager.o
    0x00029e34   0x00029e34   0x00000040   Code   RO         1541    i.im_conn_handle_get  id_manager.o
    0x00029e74   0x00029e74   0x00000038   Code   RO         1543    i.im_find_duplicate_bonding_data  id_manager.o
    0x00029eac   0x00029eac   0x00000072   Code   RO         1546    i.im_is_duplicate_bonding_data  id_manager.o
    0x00029f1e   0x00029f1e   0x00000018   Code   RO         1547    i.im_master_id_is_valid  id_manager.o
    0x00029f36   0x00029f36   0x0000002a   Code   RO         1548    i.im_master_ids_compare  id_manager.o
    0x00029f60   0x00029f60   0x00000014   Code   RO         1549    i.im_new_peer_id    id_manager.o
    0x00029f74   0x00029f74   0x0000002c   Code   RO         1550    i.im_peer_free      id_manager.o
    0x00029fa0   0x00029fa0   0x00000024   Code   RO         1551    i.im_peer_id_get_by_conn_handle  id_manager.o
    0x00029fc4   0x00029fc4   0x0000003c   Code   RO         1552    i.im_peer_id_get_by_master_id  id_manager.o
    0x0002a000   0x0002a000   0x00000034   Code   RO         5860    i.init              nrf_fstorage_sd.o
    0x0002a034   0x0002a034   0x000000c8   Code   RO         5048    i.init_execute      fds.o
    0x0002a0fc   0x0002a0fc   0x00000014   Code   RO          974    i.instance_get      ble_conn_params.o
    0x0002a110   0x0002a110   0x000000a6   Code   RO         5732    i.int_print         nrf_fprintf_format.o
    0x0002a1b6   0x0002a1b6   0x00000002   PAD
    0x0002a1b8   0x0002a1b8   0x00000088   Code   RO         3998    i.interrupts_enable  nrfx_uarte.o
    0x0002a240   0x0002a240   0x00000034   Code   RO         6504    i.invalid_packets_omit  nrf_log_frontend.o
    0x0002a274   0x0002a274   0x00000010   Code   RO         5861    i.is_busy           nrf_fstorage_sd.o
    0x0002a284   0x0002a284   0x00000044   Code   RO          975    i.is_conn_params_ok  ble_conn_params.o
    0x0002a2c8   0x0002a2c8   0x00000014   Code   RO         1557    i.is_valid_irk      id_manager.o
    0x0002a2dc   0x0002a2dc   0x0000000c   Code   RO         5049    i.is_word_aligned   fds.o
    0x0002a2e8   0x0002a2e8   0x00000030   Code   RO          538    i.leds_off          bsp.o
    0x0002a318   0x0002a318   0x00000014   Code   RO          539    i.leds_timer_handler  bsp.o
    0x0002a32c   0x0002a32c   0x00000014   Code   RO         1706    i.link_init         nrf_ble_gatt.o
    0x0002a340   0x0002a340   0x000000d0   Code   RO         2795    i.link_secure       security_manager.o
    0x0002a410   0x0002a410   0x0000003c   Code   RO         2656    i.link_secure_failure  security_dispatcher.o
    0x0002a44c   0x0002a44c   0x0000002c   Code   RO         2796    i.link_secure_pending_handle  security_manager.o
    0x0002a478   0x0002a478   0x000000a8   Code   RO         1286    i.local_db_apply_in_evt  gatt_cache_manager.o
    0x0002a520   0x0002a520   0x00000010   Code   RO         1287    i.local_db_update   gatt_cache_manager.o
    0x0002a530   0x0002a530   0x0000010c   Code   RO         1288    i.local_db_update_in_evt  gatt_cache_manager.o
    0x0002a63c   0x0002a63c   0x000000a4   Code   RO         6505    i.log_skip          nrf_log_frontend.o
    0x0002a6e0   0x0002a6e0   0x00000200   Code   RO            9    i.main              main.o
    0x0002a8e0   0x0002a8e0   0x00000064   Code   RO          779    i.manuf_specific_data_encode  ble_advdata.o
    0x0002a944   0x0002a944   0x0000007e   Code   RO         5970    i.memobj_op         nrf_memobj.o
    0x0002a9c2   0x0002a9c2   0x00000002   PAD
    0x0002a9c4   0x0002a9c4   0x00000030   Code   RO         6506    i.module_idx_get    nrf_log_frontend.o
    0x0002a9f4   0x0002a9f4   0x00000008   Code   RO         2603    i.mutex_lock_status_get  pm_buffer.o
    0x0002a9fc   0x0002a9fc   0x000000a6   Code   RO          780    i.name_encode       ble_advdata.o
    0x0002aaa2   0x0002aaa2   0x00000002   PAD
    0x0002aaa4   0x0002aaa4   0x00000014   Code   RO         2797    i.new_context_get   security_manager.o
    0x0002aab8   0x0002aab8   0x00000032   Code   RO         2798    i.new_evt           security_manager.o
    0x0002aaea   0x0002aaea   0x00000030   Code   RO         2111    i.next_id_get       peer_id.o
    0x0002ab1a   0x0002ab1a   0x00000010   Code   RO         5385    i.nrf_atfifo_clear  nrf_atfifo.o
    0x0002ab2a   0x0002ab2a   0x00000026   Code   RO         5387    i.nrf_atfifo_init   nrf_atfifo.o
    0x0002ab50   0x0002ab50   0x00000016   Code   RO         5388    i.nrf_atfifo_item_alloc  nrf_atfifo.o
    0x0002ab66   0x0002ab66   0x00000016   Code   RO         5389    i.nrf_atfifo_item_free  nrf_atfifo.o
    0x0002ab7c   0x0002ab7c   0x00000016   Code   RO         5390    i.nrf_atfifo_item_get  nrf_atfifo.o
    0x0002ab92   0x0002ab92   0x00000016   Code   RO         5391    i.nrf_atfifo_item_put  nrf_atfifo.o
    0x0002aba8   0x0002aba8   0x00000016   Code   RO         5453    i.nrf_atflags_clear  nrf_atflags.o
    0x0002abbe   0x0002abbe   0x00000020   Code   RO         5455    i.nrf_atflags_fetch_set  nrf_atflags.o
    0x0002abde   0x0002abde   0x0000004a   Code   RO         5457    i.nrf_atflags_find_and_set_flag  nrf_atflags.o
    0x0002ac28   0x0002ac28   0x00000016   Code   RO         5458    i.nrf_atflags_get   nrf_atflags.o
    0x0002ac3e   0x0002ac3e   0x00000014   Code   RO         5460    i.nrf_atflags_set   nrf_atflags.o
    0x0002ac52   0x0002ac52   0x00000006   Code   RO         5521    i.nrf_atomic_flag_clear_fetch  nrf_atomic.o
    0x0002ac58   0x0002ac58   0x00000006   Code   RO         5522    i.nrf_atomic_flag_set  nrf_atomic.o
    0x0002ac5e   0x0002ac5e   0x00000006   Code   RO         5523    i.nrf_atomic_flag_set_fetch  nrf_atomic.o
    0x0002ac64   0x0002ac64   0x0000000c   Code   RO         5524    i.nrf_atomic_u32_add  nrf_atomic.o
    0x0002ac70   0x0002ac70   0x0000000c   Code   RO         5525    i.nrf_atomic_u32_and  nrf_atomic.o
    0x0002ac7c   0x0002ac7c   0x0000000a   Code   RO         5527    i.nrf_atomic_u32_fetch_add  nrf_atomic.o
    0x0002ac86   0x0002ac86   0x0000000a   Code   RO         5528    i.nrf_atomic_u32_fetch_and  nrf_atomic.o
    0x0002ac90   0x0002ac90   0x0000000a   Code   RO         5529    i.nrf_atomic_u32_fetch_or  nrf_atomic.o
    0x0002ac9a   0x0002ac9a   0x0000000a   Code   RO         5530    i.nrf_atomic_u32_fetch_store  nrf_atomic.o
    0x0002aca4   0x0002aca4   0x0000000c   Code   RO         5534    i.nrf_atomic_u32_or  nrf_atomic.o
    0x0002acb0   0x0002acb0   0x0000000c   Code   RO         5536    i.nrf_atomic_u32_sub  nrf_atomic.o
    0x0002acbc   0x0002acbc   0x00000044   Code   RO         5655    i.nrf_balloc_alloc  nrf_balloc.o
    0x0002ad00   0x0002ad00   0x00000030   Code   RO         5656    i.nrf_balloc_free   nrf_balloc.o
    0x0002ad30   0x0002ad30   0x00000030   Code   RO         5657    i.nrf_balloc_init   nrf_balloc.o
    0x0002ad60   0x0002ad60   0x00000010   Code   RO         3454    i.nrf_bitmask_bit_is_set  nrfx_gpiote.o
    0x0002ad70   0x0002ad70   0x00000022   Code   RO         1712    i.nrf_ble_gatt_init  nrf_ble_gatt.o
    0x0002ad92   0x0002ad92   0x00000002   PAD
    0x0002ad94   0x0002ad94   0x00000150   Code   RO         1713    i.nrf_ble_gatt_on_ble_evt  nrf_ble_gatt.o
    0x0002aee4   0x0002aee4   0x00000016   Code   RO         1807    i.nrf_ble_qwr_conn_handle_assign  nrf_ble_qwr.o
    0x0002aefa   0x0002aefa   0x00000024   Code   RO         1808    i.nrf_ble_qwr_init  nrf_ble_qwr.o
    0x0002af1e   0x0002af1e   0x000000b6   Code   RO         1809    i.nrf_ble_qwr_on_ble_evt  nrf_ble_qwr.o
    0x0002afd4   0x0002afd4   0x0000000e   Code   RO         3312    i.nrf_clock_event_check  nrfx_clock.o
    0x0002afe2   0x0002afe2   0x00000010   Code   RO         3313    i.nrf_clock_event_clear  nrfx_clock.o
    0x0002aff2   0x0002aff2   0x00000002   PAD
    0x0002aff4   0x0002aff4   0x00000040   Code   RO         2974    i.nrf_drv_clock_init  nrf_drv_clock.o
    0x0002b034   0x0002b034   0x00000034   Code   RO         2978    i.nrf_drv_clock_lfclk_release  nrf_drv_clock.o
    0x0002b068   0x0002b068   0x00000070   Code   RO         4310    i.nrf_drv_spi_init  nrf_drv_spi.o
    0x0002b0d8   0x0002b0d8   0x00000068   Code   RO         3120    i.nrf_drv_uart_init  nrf_drv_uart.o
    0x0002b140   0x0002b140   0x0000001a   Code   RO         5692    i.nrf_fprintf       nrf_fprintf.o
    0x0002b15a   0x0002b15a   0x00000018   Code   RO         5693    i.nrf_fprintf_buffer_flush  nrf_fprintf.o
    0x0002b172   0x0002b172   0x000001da   Code   RO         5733    i.nrf_fprintf_fmt   nrf_fprintf_format.o
    0x0002b34c   0x0002b34c   0x00000138   Code   RO         5773    i.nrf_fstorage_erase  nrf_fstorage.o
    0x0002b484   0x0002b484   0x00000094   Code   RO         5774    i.nrf_fstorage_init  nrf_fstorage.o
    0x0002b518   0x0002b518   0x00000018   Code   RO         5862    i.nrf_fstorage_sdh_req_handler  nrf_fstorage_sd.o
    0x0002b530   0x0002b530   0x00000020   Code   RO         5863    i.nrf_fstorage_sdh_state_handler  nrf_fstorage_sd.o
    0x0002b550   0x0002b550   0x000000a4   Code   RO         5864    i.nrf_fstorage_sys_evt_handler  nrf_fstorage_sd.o
    0x0002b5f4   0x0002b5f4   0x000001dc   Code   RO         5780    i.nrf_fstorage_write  nrf_fstorage.o
    0x0002b7d0   0x0002b7d0   0x00000024   Code   RO          425    i.nrf_gpio_cfg      boards.o
    0x0002b7f4   0x0002b7f4   0x00000024   Code   RO         3455    i.nrf_gpio_cfg      nrfx_gpiote.o
    0x0002b818   0x0002b818   0x00000024   Code   RO         3810    i.nrf_gpio_cfg      nrfx_uart.o
    0x0002b83c   0x0002b83c   0x00000024   Code   RO         3999    i.nrf_gpio_cfg      nrfx_uarte.o
    0x0002b860   0x0002b860   0x00000024   Code   RO         4194    i.nrf_gpio_cfg      nrfx_spim.o
    0x0002b884   0x0002b884   0x00000012   Code   RO         3811    i.nrf_gpio_cfg_default  nrfx_uart.o
    0x0002b896   0x0002b896   0x00000012   Code   RO         4000    i.nrf_gpio_cfg_default  nrfx_uarte.o
    0x0002b8a8   0x0002b8a8   0x00000012   Code   RO         3812    i.nrf_gpio_cfg_input  nrfx_uart.o
    0x0002b8ba   0x0002b8ba   0x00000012   Code   RO         4001    i.nrf_gpio_cfg_input  nrfx_uarte.o
    0x0002b8cc   0x0002b8cc   0x00000014   Code   RO         3813    i.nrf_gpio_cfg_output  nrfx_uart.o
    0x0002b8e0   0x0002b8e0   0x00000014   Code   RO         4002    i.nrf_gpio_cfg_output  nrfx_uarte.o
    0x0002b8f4   0x0002b8f4   0x00000014   Code   RO         4195    i.nrf_gpio_cfg_output  nrfx_spim.o
    0x0002b908   0x0002b908   0x00000010   Code   RO         7360    i.nrf_gpio_cfg_output  bsp_led.o
    0x0002b918   0x0002b918   0x00000022   Code   RO         3457    i.nrf_gpio_cfg_sense_set  nrfx_gpiote.o
    0x0002b93a   0x0002b93a   0x00000002   PAD
    0x0002b93c   0x0002b93c   0x0000002c   Code   RO         3458    i.nrf_gpio_latches_read_and_clear  nrfx_gpiote.o
    0x0002b968   0x0002b968   0x0000000e   Code   RO         4196    i.nrf_gpio_pin_clear  nrfx_spim.o
    0x0002b976   0x0002b976   0x0000001e   Code   RO         3459    i.nrf_gpio_pin_present_check  nrfx_gpiote.o
    0x0002b994   0x0002b994   0x0000000e   Code   RO         4197    i.nrf_gpio_pin_set  nrfx_spim.o
    0x0002b9a2   0x0002b9a2   0x00000016   Code   RO          426    i.nrf_gpio_pin_write  boards.o
    0x0002b9b8   0x0002b9b8   0x00000016   Code   RO         7361    i.nrf_gpio_pin_write  bsp_led.o
    0x0002b9ce   0x0002b9ce   0x00000002   PAD
    0x0002b9d0   0x0002b9d0   0x00000014   Code   RO         3460    i.nrf_gpiote_event_clear  nrfx_gpiote.o
    0x0002b9e4   0x0002b9e4   0x00000010   Code   RO         3461    i.nrf_gpiote_event_is_set  nrfx_gpiote.o
    0x0002b9f4   0x0002b9f4   0x0000005c   Code   RO         6507    i.nrf_log_backend_add  nrf_log_frontend.o
    0x0002ba50   0x0002ba50   0x000000c8   Code   RO         6352    i.nrf_log_backend_serial_put  nrf_log_backend_serial.o
    0x0002bb18   0x0002bb18   0x00000002   Code   RO         6392    i.nrf_log_backend_uart_flush  nrf_log_backend_uart.o
    0x0002bb1a   0x0002bb1a   0x00000006   Code   RO         6393    i.nrf_log_backend_uart_init  nrf_log_backend_uart.o
    0x0002bb20   0x0002bb20   0x0000002c   Code   RO         6394    i.nrf_log_backend_uart_panic_set  nrf_log_backend_uart.o
    0x0002bb4c   0x0002bb4c   0x00000018   Code   RO         6395    i.nrf_log_backend_uart_put  nrf_log_backend_uart.o
    0x0002bb64   0x0002bb64   0x00000030   Code   RO         6509    i.nrf_log_color_id_get  nrf_log_frontend.o
    0x0002bb94   0x0002bb94   0x0000001c   Code   RO         6465    i.nrf_log_default_backends_init  nrf_log_default_backends.o
    0x0002bbb0   0x0002bbb0   0x00000238   Code   RO         6510    i.nrf_log_frontend_dequeue  nrf_log_frontend.o
    0x0002bde8   0x0002bde8   0x00000008   Code   RO         6512    i.nrf_log_frontend_std_0  nrf_log_frontend.o
    0x0002bdf0   0x0002bdf0   0x0000000e   Code   RO         6513    i.nrf_log_frontend_std_1  nrf_log_frontend.o
    0x0002bdfe   0x0002bdfe   0x00000010   Code   RO         6514    i.nrf_log_frontend_std_2  nrf_log_frontend.o
    0x0002be0e   0x0002be0e   0x00000012   Code   RO         6515    i.nrf_log_frontend_std_3  nrf_log_frontend.o
    0x0002be20   0x0002be20   0x00000014   Code   RO         6516    i.nrf_log_frontend_std_4  nrf_log_frontend.o
    0x0002be34   0x0002be34   0x000000b0   Code   RO         6688    i.nrf_log_hexdump_entry_process  nrf_log_str_formatter.o
    0x0002bee4   0x0002bee4   0x00000028   Code   RO         6519    i.nrf_log_init      nrf_log_frontend.o
    0x0002bf0c   0x0002bf0c   0x00000014   Code   RO         6520    i.nrf_log_module_cnt_get  nrf_log_frontend.o
    0x0002bf20   0x0002bf20   0x0000001c   Code   RO         6523    i.nrf_log_module_name_get  nrf_log_frontend.o
    0x0002bf3c   0x0002bf3c   0x00000028   Code   RO         6524    i.nrf_log_panic     nrf_log_frontend.o
    0x0002bf64   0x0002bf64   0x000000b6   Code   RO         6689    i.nrf_log_std_entry_process  nrf_log_str_formatter.o
    0x0002c01a   0x0002c01a   0x00000060   Code   RO         5971    i.nrf_memobj_alloc  nrf_memobj.o
    0x0002c07a   0x0002c07a   0x00000032   Code   RO         5972    i.nrf_memobj_free   nrf_memobj.o
    0x0002c0ac   0x0002c0ac   0x00000008   Code   RO         5973    i.nrf_memobj_get    nrf_memobj.o
    0x0002c0b4   0x0002c0b4   0x00000004   Code   RO         5974    i.nrf_memobj_pool_init  nrf_memobj.o
    0x0002c0b8   0x0002c0b8   0x0000001e   Code   RO         5975    i.nrf_memobj_put    nrf_memobj.o
    0x0002c0d6   0x0002c0d6   0x00000010   Code   RO         5976    i.nrf_memobj_read   nrf_memobj.o
    0x0002c0e6   0x0002c0e6   0x00000010   Code   RO         5977    i.nrf_memobj_write  nrf_memobj.o
    0x0002c0f6   0x0002c0f6   0x00000002   PAD
    0x0002c0f8   0x0002c0f8   0x00000028   Code   RO         6049    i.nrf_pwr_mgmt_init  nrf_pwr_mgmt.o
    0x0002c120   0x0002c120   0x00000044   Code   RO         6050    i.nrf_pwr_mgmt_run  nrf_pwr_mgmt.o
    0x0002c164   0x0002c164   0x00000004   Code   RO           10    i.nrf_qwr_error_handler  main.o
    0x0002c168   0x0002c168   0x0000001c   Code   RO         6123    i.nrf_ringbuf_init  nrf_ringbuf.o
    0x0002c184   0x0002c184   0x0000000c   Code   RO         4868    i.nrf_rtc_event_clear  drv_rtc.o
    0x0002c190   0x0002c190   0x00000014   Code   RO         7223    i.nrf_sdh_ble_app_ram_start_get  nrf_sdh_ble.o
    0x0002c1a4   0x0002c1a4   0x00000100   Code   RO         7224    i.nrf_sdh_ble_default_cfg_set  nrf_sdh_ble.o
    0x0002c2a4   0x0002c2a4   0x00000130   Code   RO         7225    i.nrf_sdh_ble_enable  nrf_sdh_ble.o
    0x0002c3d4   0x0002c3d4   0x0000005c   Code   RO         7226    i.nrf_sdh_ble_evts_poll  nrf_sdh_ble.o
    0x0002c430   0x0002c430   0x00000054   Code   RO         7104    i.nrf_sdh_disable_request  nrf_sdh.o
    0x0002c484   0x0002c484   0x00000074   Code   RO         7105    i.nrf_sdh_enable_request  nrf_sdh.o
    0x0002c4f8   0x0002c4f8   0x00000024   Code   RO         7106    i.nrf_sdh_evts_poll  nrf_sdh.o
    0x0002c51c   0x0002c51c   0x0000000c   Code   RO         7107    i.nrf_sdh_is_enabled  nrf_sdh.o
    0x0002c528   0x0002c528   0x0000001c   Code   RO         7109    i.nrf_sdh_request_continue  nrf_sdh.o
    0x0002c544   0x0002c544   0x0000003c   Code   RO         7277    i.nrf_sdh_soc_evts_poll  nrf_sdh_soc.o
    0x0002c580   0x0002c580   0x0000000a   Code   RO         6181    i.nrf_section_iter_init  nrf_section_iter.o
    0x0002c58a   0x0002c58a   0x00000024   Code   RO         6182    i.nrf_section_iter_item_set  nrf_section_iter.o
    0x0002c5ae   0x0002c5ae   0x00000020   Code   RO         6183    i.nrf_section_iter_next  nrf_section_iter.o
    0x0002c5ce   0x0002c5ce   0x00000022   Code   RO         6216    i.nrf_sortlist_add  nrf_sortlist.o
    0x0002c5f0   0x0002c5f0   0x00000006   Code   RO         6218    i.nrf_sortlist_peek  nrf_sortlist.o
    0x0002c5f6   0x0002c5f6   0x0000000e   Code   RO         6219    i.nrf_sortlist_pop  nrf_sortlist.o
    0x0002c604   0x0002c604   0x0000001e   Code   RO         6220    i.nrf_sortlist_remove  nrf_sortlist.o
    0x0002c622   0x0002c622   0x0000000a   Code   RO         4198    i.nrf_spim_event_check  nrfx_spim.o
    0x0002c62c   0x0002c62c   0x00000038   Code   RO         6272    i.nrf_strerror_find  nrf_strerror.o
    0x0002c664   0x0002c664   0x00000014   Code   RO         6273    i.nrf_strerror_get  nrf_strerror.o
    0x0002c678   0x0002c678   0x0000000a   Code   RO         3814    i.nrf_uart_event_check  nrfx_uart.o
    0x0002c682   0x0002c682   0x0000000c   Code   RO         3815    i.nrf_uart_event_clear  nrfx_uart.o
    0x0002c68e   0x0002c68e   0x0000000c   Code   RO         3816    i.nrf_uart_int_enable_check  nrfx_uart.o
    0x0002c69a   0x0002c69a   0x0000000a   Code   RO         4003    i.nrf_uarte_event_check  nrfx_uarte.o
    0x0002c6a4   0x0002c6a4   0x0000000c   Code   RO         4004    i.nrf_uarte_event_clear  nrfx_uarte.o
    0x0002c6b0   0x0002c6b0   0x00000010   Code   RO         2981    i.nrf_wdt_started   nrf_drv_clock.o
    0x0002c6c0   0x0002c6c0   0x0000002c   Code   RO         3318    i.nrfx_clock_enable  nrfx_clock.o
    0x0002c6ec   0x0002c6ec   0x00000020   Code   RO         3321    i.nrfx_clock_init   nrfx_clock.o
    0x0002c70c   0x0002c70c   0x00000030   Code   RO         3324    i.nrfx_clock_lfclk_stop  nrfx_clock.o
    0x0002c73c   0x0002c73c   0x00000010   Code   RO         4869    i.nrfx_coredep_delay_us  drv_rtc.o
    0x0002c74c   0x0002c74c   0x000000a0   Code   RO         3467    i.nrfx_gpiote_in_event_enable  nrfx_gpiote.o
    0x0002c7ec   0x0002c7ec   0x000000cc   Code   RO         3469    i.nrfx_gpiote_in_init  nrfx_gpiote.o
    0x0002c8b8   0x0002c8b8   0x00000014   Code   RO         3470    i.nrfx_gpiote_in_is_set  nrfx_gpiote.o
    0x0002c8cc   0x0002c8cc   0x00000074   Code   RO         3472    i.nrfx_gpiote_init  nrfx_gpiote.o
    0x0002c940   0x0002c940   0x00000014   Code   RO         3473    i.nrfx_gpiote_is_init  nrfx_gpiote.o
    0x0002c954   0x0002c954   0x00000010   Code   RO         4005    i.nrfx_is_in_ram    nrfx_uarte.o
    0x0002c964   0x0002c964   0x00000010   Code   RO         4199    i.nrfx_is_in_ram    nrfx_spim.o
    0x0002c974   0x0002c974   0x0000003a   Code   RO         3756    i.nrfx_prs_acquire  nrfx_prs.o
    0x0002c9ae   0x0002c9ae   0x00000012   Code   RO         3757    i.nrfx_prs_release  nrfx_prs.o
    0x0002c9c0   0x0002c9c0   0x0000016c   Code   RO         4202    i.nrfx_spim_init    nrfx_spim.o
    0x0002cb2c   0x0002cb2c   0x00000064   Code   RO         4205    i.nrfx_spim_xfer    nrfx_spim.o
    0x0002cb90   0x0002cb90   0x00000010   Code   RO         3817    i.nrfx_uart_0_irq_handler  nrfx_uart.o
    0x0002cba0   0x0002cba0   0x000000d4   Code   RO         3819    i.nrfx_uart_init    nrfx_uart.o
    0x0002cc74   0x0002cc74   0x000000a8   Code   RO         3825    i.nrfx_uart_tx      nrfx_uart.o
    0x0002cd1c   0x0002cd1c   0x00000020   Code   RO         3827    i.nrfx_uart_tx_in_progress  nrfx_uart.o
    0x0002cd3c   0x0002cd3c   0x000000c0   Code   RO         3828    i.nrfx_uart_uninit  nrfx_uart.o
    0x0002cdfc   0x0002cdfc   0x00000010   Code   RO         4006    i.nrfx_uarte_0_irq_handler  nrfx_uarte.o
    0x0002ce0c   0x0002ce0c   0x0000006c   Code   RO         4008    i.nrfx_uarte_init   nrfx_uarte.o
    0x0002ce78   0x0002ce78   0x000000ac   Code   RO         4012    i.nrfx_uarte_tx     nrfx_uarte.o
    0x0002cf24   0x0002cf24   0x0000001c   Code   RO         4014    i.nrfx_uarte_tx_in_progress  nrfx_uarte.o
    0x0002cf40   0x0002cf40   0x00000108   Code   RO         4015    i.nrfx_uarte_uninit  nrfx_uarte.o
    0x0002d048   0x0002d048   0x00000054   Code   RO           11    i.on_adv_evt        main.o
    0x0002d09c   0x0002d09c   0x0000001c   Code   RO           12    i.on_conn_params_evt  main.o
    0x0002d0b8   0x0002d0b8   0x000000a8   Code   RO         1714    i.on_connected_evt  nrf_ble_gatt.o
    0x0002d160   0x0002d160   0x000000ac   Code   RO         1715    i.on_exchange_mtu_request_evt  nrf_ble_gatt.o
    0x0002d20c   0x0002d20c   0x00000024   Code   RO         5050    i.page_identify     fds.o
    0x0002d230   0x0002d230   0x0000001c   Code   RO         5051    i.page_offsets_update  fds.o
    0x0002d24c   0x0002d24c   0x0000006c   Code   RO         5052    i.page_scan         fds.o
    0x0002d2b8   0x0002d2b8   0x0000001c   Code   RO         5053    i.page_tag_write_data  fds.o
    0x0002d2d4   0x0002d2d4   0x00000024   Code   RO         5054    i.page_tag_write_swap  fds.o
    0x0002d2f8   0x0002d2f8   0x00000130   Code   RO         5055    i.pages_init        fds.o
    0x0002d428   0x0002d428   0x0000000c   Code   RO         2657    i.pairing           security_dispatcher.o
    0x0002d434   0x0002d434   0x00000074   Code   RO         2658    i.pairing_failure   security_dispatcher.o
    0x0002d4a8   0x0002d4a8   0x0000002e   Code   RO         2659    i.pairing_success_evt_send  security_dispatcher.o
    0x0002d4d6   0x0002d4d6   0x00000006   Code   RO         2799    i.params_reply_pending_handle  security_manager.o
    0x0002d4dc   0x0002d4dc   0x00000020   Code   RO         2800    i.params_req_send   security_manager.o
    0x0002d4fc   0x0002d4fc   0x0000001c   Code   RO         1991    i.pdb_evt_send      peer_database.o
    0x0002d518   0x0002d518   0x00000090   Code   RO         1992    i.pdb_init          peer_database.o
    0x0002d5a8   0x0002d5a8   0x0000007c   Code   RO         1993    i.pdb_pds_evt_handler  peer_database.o
    0x0002d624   0x0002d624   0x00000006   Code   RO         1994    i.pdb_peer_data_ptr_get  peer_database.o
    0x0002d62a   0x0002d62a   0x00000002   PAD
    0x0002d62c   0x0002d62c   0x0000008c   Code   RO         1995    i.pdb_peer_free     peer_database.o
    0x0002d6b8   0x0002d6b8   0x000000dc   Code   RO         1996    i.pdb_write_buf_get  peer_database.o
    0x0002d794   0x0002d794   0x00000014   Code   RO         1997    i.pdb_write_buf_release  peer_database.o
    0x0002d7a8   0x0002d7a8   0x00000036   Code   RO         1998    i.pdb_write_buf_store  peer_database.o
    0x0002d7de   0x0002d7de   0x00000002   PAD
    0x0002d7e0   0x0002d7e0   0x00000010   Code   RO         1850    i.pds_evt_send      peer_data_storage.o
    0x0002d7f0   0x0002d7f0   0x000000dc   Code   RO         1851    i.pds_init          peer_data_storage.o
    0x0002d8cc   0x0002d8cc   0x00000004   Code   RO         1852    i.pds_next_deleted_peer_id_get  peer_data_storage.o
    0x0002d8d0   0x0002d8d0   0x00000004   Code   RO         1853    i.pds_next_peer_id_get  peer_data_storage.o
    0x0002d8d4   0x0002d8d4   0x00000058   Code   RO         1856    i.pds_peer_data_iterate  peer_data_storage.o
    0x0002d92c   0x0002d92c   0x00000010   Code   RO         1857    i.pds_peer_data_iterate_prepare  peer_data_storage.o
    0x0002d93c   0x0002d93c   0x00000072   Code   RO         1858    i.pds_peer_data_read  peer_data_storage.o
    0x0002d9ae   0x0002d9ae   0x00000002   PAD
    0x0002d9b0   0x0002d9b0   0x000000b4   Code   RO         1859    i.pds_peer_data_store  peer_data_storage.o
    0x0002da64   0x0002da64   0x00000008   Code   RO         1860    i.pds_peer_id_allocate  peer_data_storage.o
    0x0002da6c   0x0002da6c   0x00000016   Code   RO         1861    i.pds_peer_id_free  peer_data_storage.o
    0x0002da82   0x0002da82   0x00000004   Code   RO         1862    i.pds_peer_id_is_allocated  peer_data_storage.o
    0x0002da86   0x0002da86   0x00000002   PAD
    0x0002da88   0x0002da88   0x000000a8   Code   RO         1864    i.peer_data_delete_process  peer_data_storage.o
    0x0002db30   0x0002db30   0x00000030   Code   RO         1865    i.peer_data_find    peer_data_storage.o
    0x0002db60   0x0002db60   0x00000024   Code   RO         1866    i.peer_data_id_is_valid  peer_data_storage.o
    0x0002db84   0x0002db84   0x0000001a   Code   RO         1999    i.peer_data_point_to_buffer  peer_database.o
    0x0002db9e   0x0002db9e   0x00000002   PAD
    0x0002dba0   0x0002dba0   0x0000000c   Code   RO         2112    i.peer_id_allocate  peer_id.o
    0x0002dbac   0x0002dbac   0x00000024   Code   RO         2113    i.peer_id_delete    peer_id.o
    0x0002dbd0   0x0002dbd0   0x0000001c   Code   RO         2114    i.peer_id_free      peer_id.o
    0x0002dbec   0x0002dbec   0x0000000c   Code   RO         2115    i.peer_id_get_next_deleted  peer_id.o
    0x0002dbf8   0x0002dbf8   0x00000030   Code   RO         2116    i.peer_id_get_next_used  peer_id.o
    0x0002dc28   0x0002dc28   0x0000000c   Code   RO         2117    i.peer_id_init      peer_id.o
    0x0002dc34   0x0002dc34   0x00000014   Code   RO         2118    i.peer_id_is_allocated  peer_id.o
    0x0002dc48   0x0002dc48   0x00000014   Code   RO         2119    i.peer_id_is_deleted  peer_id.o
    0x0002dc5c   0x0002dc5c   0x0000006c   Code   RO           13    i.peer_manager_init  main.o
    0x0002dcc8   0x0002dcc8   0x00000012   Code   RO          888    i.phy_is_valid      ble_advertising.o
    0x0002dcda   0x0002dcda   0x00000002   PAD
    0x0002dcdc   0x0002dcdc   0x0000001c   Code   RO         3491    i.pin_configured_set  nrfx_gpiote.o
    0x0002dcf8   0x0002dcf8   0x00000018   Code   RO         3492    i.pin_in_use_by_port  nrfx_gpiote.o
    0x0002dd10   0x0002dd10   0x00000018   Code   RO         3493    i.pin_in_use_by_te  nrfx_gpiote.o
    0x0002dd28   0x0002dd28   0x00000064   Code   RO         2604    i.pm_buffer_block_acquire  pm_buffer.o
    0x0002dd8c   0x0002dd8c   0x00000024   Code   RO         2605    i.pm_buffer_init    pm_buffer.o
    0x0002ddb0   0x0002ddb0   0x00000028   Code   RO         2606    i.pm_buffer_ptr_get  pm_buffer.o
    0x0002ddd8   0x0002ddd8   0x00000032   Code   RO         2607    i.pm_buffer_release  pm_buffer.o
    0x0002de0a   0x0002de0a   0x00000002   PAD
    0x0002de0c   0x0002de0c   0x00000014   Code   RO         2206    i.pm_conn_sec_status_get  peer_manager.o
    0x0002de20   0x0002de20   0x0000001c   Code   RO         2207    i.pm_conn_secure    peer_manager.o
    0x0002de3c   0x0002de3c   0x00000020   Code   RO           14    i.pm_evt_handler    main.o
    0x0002de5c   0x0002de5c   0x00000004   Code   RO         2209    i.pm_gcm_evt_handler  peer_manager.o
    0x0002de60   0x0002de60   0x00000004   Code   RO         2210    i.pm_gscm_evt_handler  peer_manager.o
    0x0002de64   0x0002de64   0x00000244   Code   RO         2510    i.pm_handler_flash_clean  peer_manager_handler.o
    0x0002e0a8   0x0002e0a8   0x0000001c   Code   RO         2511    i.pm_handler_flash_clean_on_return  peer_manager_handler.o
    0x0002e0c4   0x0002e0c4   0x00000054   Code   RO         2512    i.pm_handler_on_pm_evt  peer_manager_handler.o
    0x0002e118   0x0002e118   0x00000310   Code   RO         2513    i.pm_handler_pm_evt_log  peer_manager_handler.o
    0x0002e428   0x0002e428   0x00000004   Code   RO         2213    i.pm_im_evt_handler  peer_manager.o
    0x0002e42c   0x0002e42c   0x000001bc   Code   RO         2214    i.pm_init           peer_manager.o
    0x0002e5e8   0x0002e5e8   0x00000118   Code   RO         2218    i.pm_pdb_evt_handler  peer_manager.o
    0x0002e700   0x0002e700   0x00000014   Code   RO         2229    i.pm_peer_delete    peer_manager.o
    0x0002e714   0x0002e714   0x0000011c   Code   RO         2233    i.pm_peer_rank_highest  peer_manager.o
    0x0002e830   0x0002e830   0x000000e8   Code   RO         2234    i.pm_peer_ranks_get  peer_manager.o
    0x0002e918   0x0002e918   0x00000094   Code   RO         2235    i.pm_peers_delete   peer_manager.o
    0x0002e9ac   0x0002e9ac   0x0000002c   Code   RO         2238    i.pm_register       peer_manager.o
    0x0002e9d8   0x0002e9d8   0x00000014   Code   RO         2240    i.pm_sec_params_set  peer_manager.o
    0x0002e9ec   0x0002e9ec   0x0000000a   Code   RO         2241    i.pm_sm_evt_handler  peer_manager.o
    0x0002e9f6   0x0002e9f6   0x00000002   PAD
    0x0002e9f8   0x0002e9f8   0x000000b4   Code   RO         3494    i.port_event_handle  nrfx_gpiote.o
    0x0002eaac   0x0002eaac   0x00000010   Code   RO         3495    i.port_handler_polarity_get  nrfx_gpiote.o
    0x0002eabc   0x0002eabc   0x0000003c   Code   RO         6691    i.postfix_process   nrf_log_str_formatter.o
    0x0002eaf8   0x0002eaf8   0x00000098   Code   RO         6692    i.prefix_process    nrf_log_str_formatter.o
    0x0002eb90   0x0002eb90   0x00000018   Code   RO         3758    i.prs_box_get       nrfx_prs.o
    0x0002eba8   0x0002eba8   0x0000001c   Code   RO         5056    i.queue_buf_get     fds.o
    0x0002ebc4   0x0002ebc4   0x00000010   Code   RO         5057    i.queue_buf_store   fds.o
    0x0002ebd4   0x0002ebd4   0x00000014   Code   RO         5865    i.queue_free        nrf_fstorage_sd.o
    0x0002ebe8   0x0002ebe8   0x000000a4   Code   RO         5058    i.queue_process     fds.o
    0x0002ec8c   0x0002ec8c   0x000000a0   Code   RO         5866    i.queue_process     nrf_fstorage_sd.o
    0x0002ed2c   0x0002ed2c   0x0000001c   Code   RO         5059    i.queue_start       fds.o
    0x0002ed48   0x0002ed48   0x00000024   Code   RO         5867    i.queue_start       nrf_fstorage_sd.o
    0x0002ed6c   0x0002ed6c   0x0000001c   Code   RO         2516    i.rank_highest      peer_manager_handler.o
    0x0002ed88   0x0002ed88   0x00000034   Code   RO         2244    i.rank_vars_update  peer_manager.o
    0x0002edbc   0x0002edbc   0x0000000e   Code   RO         5868    i.read              nrf_fstorage_sd.o
    0x0002edca   0x0002edca   0x00000002   PAD
    0x0002edcc   0x0002edcc   0x000000a8   Code   RO         2000    i.reattempt_previous_operations  peer_database.o
    0x0002ee74   0x0002ee74   0x00000090   Code   RO         5060    i.record_find       fds.o
    0x0002ef04   0x0002ef04   0x000000a0   Code   RO         5061    i.record_find_by_desc  fds.o
    0x0002efa4   0x0002efa4   0x0000005c   Code   RO         5062    i.record_find_next  fds.o
    0x0002f000   0x0002f000   0x0000003c   Code   RO         5063    i.record_header_flag_dirty  fds.o
    0x0002f03c   0x0002f03c   0x00000088   Code   RO         5064    i.records_stat      fds.o
    0x0002f0c4   0x0002f0c4   0x00000010   Code   RO         2121    i.release           peer_id.o
    0x0002f0d4   0x0002f0d4   0x00000004   Code   RO         5869    i.rmap              nrf_fstorage_sd.o
    0x0002f0d8   0x0002f0d8   0x0000005c   Code   RO         4621    i.rtc_irq           app_timer2.o
    0x0002f134   0x0002f134   0x00000064   Code   RO         4622    i.rtc_schedule      app_timer2.o
    0x0002f198   0x0002f198   0x00000074   Code   RO         4623    i.rtc_update        app_timer2.o
    0x0002f20c   0x0002f20c   0x00000032   Code   RO         3829    i.rx_byte           nrfx_uart.o
    0x0002f23e   0x0002f23e   0x00000016   Code   RO         3830    i.rx_done_event     nrfx_uart.o
    0x0002f254   0x0002f254   0x00000016   Code   RO         4016    i.rx_done_event     nrfx_uarte.o
    0x0002f26a   0x0002f26a   0x00000002   PAD
    0x0002f26c   0x0002f26c   0x00000024   Code   RO         1289    i.sc_send_pending_handle  gatt_cache_manager.o
    0x0002f290   0x0002f290   0x00000058   Code   RO         2982    i.sd_state_evt_handler  nrf_drv_clock.o
    0x0002f2e8   0x0002f2e8   0x00000030   Code   RO         7112    i.sdh_request_observer_notify  nrf_sdh.o
    0x0002f318   0x0002f318   0x0000002c   Code   RO         7113    i.sdh_state_observer_notify  nrf_sdh.o
    0x0002f344   0x0002f344   0x000000d8   Code   RO         2660    i.sec_info_request_process  security_dispatcher.o
    0x0002f41c   0x0002f41c   0x000000f4   Code   RO         2661    i.sec_keyset_fill   security_dispatcher.o
    0x0002f510   0x0002f510   0x00000076   Code   RO         2801    i.sec_params_verify  security_manager.o
    0x0002f586   0x0002f586   0x00000002   PAD
    0x0002f588   0x0002f588   0x00000060   Code   RO         2662    i.sec_proc_start    security_dispatcher.o
    0x0002f5e8   0x0002f5e8   0x0000005c   Code   RO         2802    i.sec_req_process   security_manager.o
    0x0002f644   0x0002f644   0x00000022   Code   RO         2663    i.send_config_req   security_dispatcher.o
    0x0002f666   0x0002f666   0x00000002   PAD
    0x0002f668   0x0002f668   0x00000010   Code   RO          976    i.send_error_evt    ble_conn_params.o
    0x0002f678   0x0002f678   0x00000028   Code   RO         1290    i.send_unexpected_error  gatt_cache_manager.o
    0x0002f6a0   0x0002f6a0   0x00000028   Code   RO         2664    i.send_unexpected_error  security_dispatcher.o
    0x0002f6c8   0x0002f6c8   0x00000040   Code   RO         6396    i.serial_tx         nrf_log_backend_uart.o
    0x0002f708   0x0002f708   0x00000014   Code   RO         1291    i.service_changed_pending_flags_check  gatt_cache_manager.o
    0x0002f71c   0x0002f71c   0x00000094   Code   RO         1450    i.service_changed_pending_set  gatts_cache_manager.o
    0x0002f7b0   0x0002f7b0   0x00000168   Code   RO         1292    i.service_changed_send_in_evt  gatt_cache_manager.o
    0x0002f918   0x0002f918   0x00000088   Code   RO          781    i.service_data_encode  ble_advdata.o
    0x0002f9a0   0x0002f9a0   0x00000028   Code   RO           15    i.sleep_mode_enter  main.o
    0x0002f9c8   0x0002f9c8   0x0000002c   Code   RO         2803    i.sm_ble_evt_handler  security_manager.o
    0x0002f9f4   0x0002f9f4   0x000000a2   Code   RO         2805    i.sm_conn_sec_status_get  security_manager.o
    0x0002fa96   0x0002fa96   0x00000002   PAD
    0x0002fa98   0x0002fa98   0x00000058   Code   RO         2806    i.sm_init           security_manager.o
    0x0002faf0   0x0002faf0   0x0000000a   Code   RO         2808    i.sm_link_secure    security_manager.o
    0x0002fafa   0x0002fafa   0x00000002   PAD
    0x0002fafc   0x0002fafc   0x00000044   Code   RO         2809    i.sm_pdb_evt_handler  security_manager.o
    0x0002fb40   0x0002fb40   0x00000028   Code   RO         2810    i.sm_sec_is_sufficient  security_manager.o
    0x0002fb68   0x0002fb68   0x00000034   Code   RO         2812    i.sm_sec_params_set  security_manager.o
    0x0002fb9c   0x0002fb9c   0x0000002c   Code   RO         2813    i.sm_smd_evt_handler  security_manager.o
    0x0002fbc8   0x0002fbc8   0x000000f4   Code   RO         2665    i.smd_ble_evt_handler  security_dispatcher.o
    0x0002fcbc   0x0002fcbc   0x00000068   Code   RO         2667    i.smd_init          security_dispatcher.o
    0x0002fd24   0x0002fd24   0x00000028   Code   RO         2668    i.smd_link_secure   security_dispatcher.o
    0x0002fd4c   0x0002fd4c   0x000000ac   Code   RO         2669    i.smd_params_reply  security_dispatcher.o
    0x0002fdf8   0x0002fdf8   0x00000040   Code   RO         2814    i.smd_params_reply_perform  security_manager.o
    0x0002fe38   0x0002fe38   0x00000018   Code   RO         2983    i.soc_evt_handler   nrf_drv_clock.o
    0x0002fe50   0x0002fe50   0x00000040   Code   RO         7114    i.softdevice_evt_irq_disable  nrf_sdh.o
    0x0002fe90   0x0002fe90   0x00000058   Code   RO         7115    i.softdevices_evt_irq_enable  nrf_sdh.o
    0x0002fee8   0x0002fee8   0x0000000c   Code   RO         4624    i.sortlist_pop      app_timer2.o
    0x0002fef4   0x0002fef4   0x0000000c   Code   RO         7477    i.spiCallbackFunc   board_spi.o
    0x0002ff00   0x0002ff00   0x00000038   Code   RO         4311    i.spim_evt_handler  nrf_drv_spi.o
    0x0002ff38   0x0002ff38   0x000000bc   Code   RO         4206    i.spim_xfer         nrfx_spim.o
    0x0002fff4   0x0002fff4   0x00000030   Code   RO         4365    i.state_set         app_button.o
    0x00030024   0x00030024   0x00000094   Code   RO         6526    i.std_n             nrf_log_frontend.o
    0x000300b8   0x000300b8   0x0000006c   Code   RO         1293    i.store_car_value   gatt_cache_manager.o
    0x00030124   0x00030124   0x00000058   Code   RO         4625    i.timer_expire      app_timer2.o
    0x0003017c   0x0003017c   0x00000078   Code   RO         4626    i.timer_req_process  app_timer2.o
    0x000301f4   0x000301f4   0x00000038   Code   RO         4627    i.timer_req_schedule  app_timer2.o
    0x0003022c   0x0003022c   0x00000018   Code   RO         4366    i.timer_start       app_button.o
    0x00030244   0x00030244   0x00000048   Code   RO         7315    i.timer_testCallback  bsp_timer.o
    0x0003028c   0x0003028c   0x00000020   Code   RO         3832    i.tx_byte           nrfx_uart.o
    0x000302ac   0x000302ac   0x0000001a   Code   RO         3833    i.tx_done_event     nrfx_uart.o
    0x000302c6   0x000302c6   0x0000001a   Code   RO         4017    i.tx_done_event     nrfx_uarte.o
    0x000302e0   0x000302e0   0x00000030   Code   RO         3121    i.uart_evt_handler  nrf_drv_uart.o
    0x00030310   0x00030310   0x0000000c   Code   RO         6397    i.uart_evt_handler  nrf_log_backend_uart.o
    0x0003031c   0x0003031c   0x00000050   Code   RO         6398    i.uart_init         nrf_log_backend_uart.o
    0x0003036c   0x0003036c   0x0000012a   Code   RO         3834    i.uart_irq_handler  nrfx_uart.o
    0x00030496   0x00030496   0x00000002   PAD
    0x00030498   0x00030498   0x00000030   Code   RO         3122    i.uarte_evt_handler  nrf_drv_uart.o
    0x000304c8   0x000304c8   0x00000112   Code   RO         4018    i.uarte_irq_handler  nrfx_uarte.o
    0x000305da   0x000305da   0x0000000a   Code   RO          782    i.uint16_encode     ble_advdata.o
    0x000305e4   0x000305e4   0x00000020   Code   RO         5870    i.uninit            nrf_fstorage_sd.o
    0x00030604   0x00030604   0x000000b4   Code   RO         5734    i.unsigned_print    nrf_fprintf_format.o
    0x000306b8   0x000306b8   0x00000030   Code   RO         1294    i.update_pending_flags_check  gatt_cache_manager.o
    0x000306e8   0x000306e8   0x00000068   Code   RO          977    i.update_timeout_handler  ble_conn_params.o
    0x00030750   0x00030750   0x00000018   Code   RO          889    i.use_whitelist     ble_advertising.o
    0x00030768   0x00030768   0x0000000c   Code   RO         1064    i.user_flag_is_acquired  ble_conn_state.o
    0x00030774   0x00030774   0x00000024   Code   RO         1810    i.user_mem_reply    nrf_ble_qwr.o
    0x00030798   0x00030798   0x00000020   Code   RO         4367    i.usr_event         app_button.o
    0x000307b8   0x000307b8   0x00000030   Code   RO          783    i.uuid_list_encode  ble_advdata.o
    0x000307e8   0x000307e8   0x0000009e   Code   RO          784    i.uuid_list_sized_encode  ble_advdata.o
    0x00030886   0x00030886   0x0000003a   Code   RO          540    i.wakeup_button_cfg  bsp.o
    0x000308c0   0x000308c0   0x00000004   Code   RO         5871    i.wmap              nrf_fstorage_sd.o
    0x000308c4   0x000308c4   0x00000050   Code   RO         5872    i.write             nrf_fstorage_sd.o
    0x00030914   0x00030914   0x0000014c   Code   RO         2001    i.write_buf_store   peer_database.o
    0x00030a60   0x00030a60   0x00000034   Code   RO         2002    i.write_buffer_record_find  peer_database.o
    0x00030a94   0x00030a94   0x00000030   Code   RO         2003    i.write_buffer_record_find_next  peer_database.o
    0x00030ac4   0x00030ac4   0x0000001c   Code   RO         2004    i.write_buffer_record_invalidate  peer_database.o
    0x00030ae0   0x00030ae0   0x0000002c   Code   RO         2005    i.write_buffer_record_release  peer_database.o
    0x00030b0c   0x00030b0c   0x000000f4   Code   RO         5065    i.write_enqueue     fds.o
    0x00030c00   0x00030c00   0x000000f8   Code   RO         5066    i.write_execute     fds.o
    0x00030cf8   0x00030cf8   0x00000018   Code   RO         5067    i.write_space_free  fds.o
    0x00030d10   0x00030d10   0x00000060   Code   RO         5068    i.write_space_reserve  fds.o
    0x00030d70   0x00030d70   0x00000008   Data   RO          427    .constdata          boards.o
    0x00030d78   0x00030d78   0x0000002c   Data   RO          545    .constdata          bsp.o
    0x00030da4   0x00030da4   0x0000006c   Data   RO         1295    .constdata          gatt_cache_manager.o
    0x00030e10   0x00030e10   0x00000004   Data   RO         1451    .constdata          gatts_cache_manager.o
    0x00030e14   0x00030e14   0x00000010   Data   RO         1452    .constdata          gatts_cache_manager.o
    0x00030e24   0x00030e24   0x00000004   Data   RO         1453    .constdata          gatts_cache_manager.o
    0x00030e28   0x00030e28   0x00000008   Data   RO         1560    .constdata          id_manager.o
    0x00030e30   0x00030e30   0x00000016   Data   RO         1716    .constdata          nrf_ble_gatt.o
    0x00030e46   0x00030e46   0x00000002   PAD
    0x00030e48   0x00030e48   0x00000018   Data   RO         1867    .constdata          peer_data_storage.o
    0x00030e60   0x00030e60   0x00000010   Data   RO         2007    .constdata          peer_database.o
    0x00030e70   0x00030e70   0x0000002c   Data   RO         2246    .constdata          peer_manager.o
    0x00030e9c   0x00030e9c   0x00000014   Data   RO         2519    .constdata          peer_manager_handler.o
    0x00030eb0   0x00030eb0   0x00000078   Data   RO         2671    .constdata          security_dispatcher.o
    0x00030f28   0x00030f28   0x00000008   Data   RO         2815    .constdata          security_manager.o
    0x00030f30   0x00030f30   0x00000004   Data   RO         3497    .constdata          nrfx_gpiote.o
    0x00030f34   0x00030f34   0x00000004   Data   RO         3837    .constdata          nrfx_uart.o
    0x00030f38   0x00030f38   0x00000004   Data   RO         4021    .constdata          nrfx_uarte.o
    0x00030f3c   0x00030f3c   0x00000004   Data   RO         4209    .constdata          nrfx_spim.o
    0x00030f40   0x00030f40   0x00000010   Data   RO         4313    .constdata          nrf_drv_spi.o
    0x00030f50   0x00030f50   0x00000008   Data   RO         4370    .constdata          app_button.o
    0x00030f58   0x00030f58   0x00000014   Data   RO         4630    .constdata          app_timer2.o
    0x00030f6c   0x00030f6c   0x00000004   PAD
    0x00030f70   0x00030f70   0x00000006   Data   RO         4870    .constdata          drv_rtc.o
    0x00030f76   0x00030f76   0x00000002   PAD
    0x00030f78   0x00030f78   0x00000018   Data   RO         5071    .constdata          fds.o
    0x00030f90   0x00030f90   0x00000010   Data   RO         5735    .constdata          nrf_fprintf_format.o
    0x00030fa0   0x00030fa0   0x0000005e   Data   RO         5781    .constdata          nrf_fstorage.o
    0x00030ffe   0x00030ffe   0x00000002   PAD
    0x00031000   0x00031000   0x00000010   Data   RO         5875    .constdata          nrf_fstorage_sd.o
    0x00031010   0x00031010   0x00000020   Data   RO         5876    .constdata          nrf_fstorage_sd.o
    0x00031030   0x00031030   0x00000018   Data   RO         6054    .constdata          nrf_pwr_mgmt.o
    0x00031048   0x00031048   0x0000000c   Data   RO         6055    .constdata          nrf_pwr_mgmt.o
    0x00031054   0x00031054   0x0000013c   Data   RO         6274    .constdata          nrf_strerror.o
    0x00031190   0x00031190   0x0000000c   Data   RO         6400    .constdata          nrf_log_backend_uart.o
    0x0003119c   0x0003119c   0x00000020   Data   RO         6401    .constdata          nrf_log_backend_uart.o
    0x000311bc   0x000311bc   0x0000000c   Data   RO         6531    .constdata          nrf_log_frontend.o
    0x000311c8   0x000311c8   0x00000010   Data   RO         7116    .constdata          nrf_sdh.o
    0x000311d8   0x000311d8   0x00000028   Data   RO         7117    .constdata          nrf_sdh.o
    0x00031200   0x00031200   0x00000010   Data   RO         7118    .constdata          nrf_sdh.o
    0x00031210   0x00031210   0x00000010   Data   RO         7119    .constdata          nrf_sdh.o
    0x00031220   0x00031220   0x00000020   Data   RO         7227    .constdata          nrf_sdh_ble.o
    0x00031240   0x00031240   0x00000010   Data   RO         7228    .constdata          nrf_sdh_ble.o
    0x00031250   0x00031250   0x00000010   Data   RO         7278    .constdata          nrf_sdh_soc.o
    0x00031260   0x00031260   0x0000000c   Data   RO         7279    .constdata          nrf_sdh_soc.o
    0x0003126c   0x0003126c   0x00000004   Data   RO         7317    .constdata          bsp_timer.o
    0x00031270   0x00031270   0x00000030   Data   RO         7478    .constdata          board_spi.o
    0x000312a0   0x000312a0   0x00000081   Data   RO         7606    .constdata          mc_w.l(ctype_o.o)
    0x00031321   0x00031321   0x00000003   PAD
    0x00031324   0x00031324   0x00000004   Data   RO         7607    .constdata          mc_w.l(ctype_o.o)
    0x00031328   0x00031328   0x000001a4   Data   RO         1296    .conststring        gatt_cache_manager.o
    0x000314cc   0x000314cc   0x0000019c   Data   RO         1454    .conststring        gatts_cache_manager.o
    0x00031668   0x00031668   0x000000a2   Data   RO         1717    .conststring        nrf_ble_gatt.o
    0x0003170a   0x0003170a   0x00000002   PAD
    0x0003170c   0x0003170c   0x000000e8   Data   RO         1868    .conststring        peer_data_storage.o
    0x000317f4   0x000317f4   0x00000180   Data   RO         2008    .conststring        peer_database.o
    0x00031974   0x00031974   0x00000090   Data   RO         2247    .conststring        peer_manager.o
    0x00031a04   0x00031a04   0x0000030f   Data   RO         2520    .conststring        peer_manager_handler.o
    0x00031d13   0x00031d13   0x00000001   PAD
    0x00031d14   0x00031d14   0x000002b2   Data   RO         2672    .conststring        security_dispatcher.o
    0x00031fc6   0x00031fc6   0x00000002   PAD
    0x00031fc8   0x00031fc8   0x0000017b   Data   RO         2816    .conststring        security_manager.o
    0x00032143   0x00032143   0x00000001   PAD
    0x00032144   0x00032144   0x0000004f   Data   RO         5782    .conststring        nrf_fstorage.o
    0x00032193   0x00032193   0x00000001   PAD
    0x00032194   0x00032194   0x000003eb   Data   RO         6275    .conststring        nrf_strerror.o
    0x0003257f   0x0003257f   0x00000001   PAD
    0x00032580   0x00032580   0x00000066   Data   RO         6693    .conststring        nrf_log_str_formatter.o
    0x000325e6   0x000325e6   0x00000002   PAD
    0x000325e8   0x000325e8   0x00000188   Data   RO         7229    .conststring        nrf_sdh_ble.o
    0x00032770   0x00032770   0x00000011   Data   RO         1297    .conststrlit        gatt_cache_manager.o
    0x00032781   0x00032781   0x00000003   PAD
    0x00032784   0x00032784   0x00000012   Data   RO         1455    .conststrlit        gatts_cache_manager.o
    0x00032796   0x00032796   0x00000002   PAD
    0x00032798   0x00032798   0x00000010   Data   RO         1562    .conststrlit        id_manager.o
    0x000327a8   0x000327a8   0x0000000d   Data   RO         1718    .conststrlit        nrf_ble_gatt.o
    0x000327b5   0x000327b5   0x00000003   PAD
    0x000327b8   0x000327b8   0x00000011   Data   RO         1869    .conststrlit        peer_data_storage.o
    0x000327c9   0x000327c9   0x00000003   PAD
    0x000327cc   0x000327cc   0x00000011   Data   RO         2009    .conststrlit        peer_database.o
    0x000327dd   0x000327dd   0x00000003   PAD
    0x000327e0   0x000327e0   0x0000000d   Data   RO         2248    .conststrlit        peer_manager.o
    0x000327ed   0x000327ed   0x00000003   PAD
    0x000327f0   0x000327f0   0x00000015   Data   RO         2523    .conststrlit        peer_manager_handler.o
    0x00032805   0x00032805   0x00000003   PAD
    0x00032808   0x00032808   0x00000011   Data   RO         2673    .conststrlit        security_dispatcher.o
    0x00032819   0x00032819   0x00000003   PAD
    0x0003281c   0x0003281c   0x00000010   Data   RO         2817    .conststrlit        security_manager.o
    0x0003282c   0x0003282c   0x00000006   Data   RO         2989    .conststrlit        nrf_drv_clock.o
    0x00032832   0x00032832   0x00000002   PAD
    0x00032834   0x00032834   0x00000006   Data   RO         3328    .conststrlit        nrfx_clock.o
    0x0003283a   0x0003283a   0x00000002   PAD
    0x0003283c   0x0003283c   0x00000007   Data   RO         3501    .conststrlit        nrfx_gpiote.o
    0x00032843   0x00032843   0x00000001   PAD
    0x00032844   0x00032844   0x00000004   Data   RO         3760    .conststrlit        nrfx_prs.o
    0x00032848   0x00032848   0x00000005   Data   RO         3840    .conststrlit        nrfx_uart.o
    0x0003284d   0x0003284d   0x00000003   PAD
    0x00032850   0x00032850   0x00000006   Data   RO         4024    .conststrlit        nrfx_uarte.o
    0x00032856   0x00032856   0x00000002   PAD
    0x00032858   0x00032858   0x00000005   Data   RO         4212    .conststrlit        nrfx_spim.o
    0x0003285d   0x0003285d   0x00000003   PAD
    0x00032860   0x00032860   0x0000000b   Data   RO         4371    .conststrlit        app_button.o
    0x0003286b   0x0003286b   0x00000001   PAD
    0x0003286c   0x0003286c   0x0000000a   Data   RO         4631    .conststrlit        app_timer2.o
    0x00032876   0x00032876   0x00000002   PAD
    0x00032878   0x00032878   0x0000000d   Data   RO         5783    .conststrlit        nrf_fstorage.o
    0x00032885   0x00032885   0x00000003   PAD
    0x00032888   0x00032888   0x00000009   Data   RO         6056    .conststrlit        nrf_pwr_mgmt.o
    0x00032891   0x00032891   0x00000003   PAD
    0x00032894   0x00032894   0x00000009   Data   RO         6221    .conststrlit        nrf_sortlist.o
    0x0003289d   0x0003289d   0x00000003   PAD
    0x000328a0   0x000328a0   0x00000011   Data   RO         6466    .conststrlit        nrf_log_default_backends.o
    0x000328b1   0x000328b1   0x00000003   PAD
    0x000328b4   0x000328b4   0x00000004   Data   RO         6532    .conststrlit        nrf_log_frontend.o
    0x000328b8   0x000328b8   0x00000008   Data   RO         7120    .conststrlit        nrf_sdh.o
    0x000328c0   0x000328c0   0x0000000c   Data   RO         7230    .conststrlit        nrf_sdh_ble.o
    0x000328cc   0x000328cc   0x0000000c   Data   RO         7280    .conststrlit        nrf_sdh_soc.o
    0x000328d8   0x000328d8   0x00000020   Data   RO         7975    Region$$Table       anon$$obj.o
    0x000328f8   0x000328f8   0x00000010   Data   RO         6468    log_backends        nrf_log_default_backends.o
    0x00032908   0x00032908   0x00000008   Data   RO         1299    log_const_data      gatt_cache_manager.o
    0x00032910   0x00032910   0x00000008   Data   RO         1457    log_const_data      gatts_cache_manager.o
    0x00032918   0x00032918   0x00000008   Data   RO         1564    log_const_data      id_manager.o
    0x00032920   0x00032920   0x00000008   Data   RO         1719    log_const_data      nrf_ble_gatt.o
    0x00032928   0x00032928   0x00000008   Data   RO         1871    log_const_data      peer_data_storage.o
    0x00032930   0x00032930   0x00000008   Data   RO         2011    log_const_data      peer_database.o
    0x00032938   0x00032938   0x00000008   Data   RO         2250    log_const_data      peer_manager.o
    0x00032940   0x00032940   0x00000008   Data   RO         2526    log_const_data      peer_manager_handler.o
    0x00032948   0x00032948   0x00000008   Data   RO         2675    log_const_data      security_dispatcher.o
    0x00032950   0x00032950   0x00000008   Data   RO         2819    log_const_data      security_manager.o
    0x00032958   0x00032958   0x00000008   Data   RO         2990    log_const_data      nrf_drv_clock.o
    0x00032960   0x00032960   0x00000008   Data   RO         3330    log_const_data      nrfx_clock.o
    0x00032968   0x00032968   0x00000008   Data   RO         3502    log_const_data      nrfx_gpiote.o
    0x00032970   0x00032970   0x00000008   Data   RO         3762    log_const_data      nrfx_prs.o
    0x00032978   0x00032978   0x00000008   Data   RO         3841    log_const_data      nrfx_uart.o
    0x00032980   0x00032980   0x00000008   Data   RO         4025    log_const_data      nrfx_uarte.o
    0x00032988   0x00032988   0x00000008   Data   RO         4213    log_const_data      nrfx_spim.o
    0x00032990   0x00032990   0x00000008   Data   RO         4373    log_const_data      app_button.o
    0x00032998   0x00032998   0x00000008   Data   RO         4634    log_const_data      app_timer2.o
    0x000329a0   0x000329a0   0x00000008   Data   RO         5784    log_const_data      nrf_fstorage.o
    0x000329a8   0x000329a8   0x00000008   Data   RO         6058    log_const_data      nrf_pwr_mgmt.o
    0x000329b0   0x000329b0   0x00000008   Data   RO         6222    log_const_data      nrf_sortlist.o
    0x000329b8   0x000329b8   0x00000008   Data   RO         6536    log_const_data      nrf_log_frontend.o
    0x000329c0   0x000329c0   0x00000008   Data   RO         7122    log_const_data      nrf_sdh.o
    0x000329c8   0x000329c8   0x00000008   Data   RO         7232    log_const_data      nrf_sdh_ble.o
    0x000329d0   0x000329d0   0x00000008   Data   RO         7281    log_const_data      nrf_sdh_soc.o
    0x000329d8   0x000329d8   0x00000014   Data   RO         6537    nrf_balloc          nrf_log_frontend.o
    0x000329ec   0x000329ec   0x00000008   Data   RO         1066    sdh_ble_observers0  ble_conn_state.o
    0x000329f4   0x000329f4   0x00000010   Data   RO           18    sdh_ble_observers1  main.o
    0x00032a04   0x00032a04   0x00000008   Data   RO          648    sdh_ble_observers1  bsp_btn_ble.o
    0x00032a0c   0x00032a0c   0x00000008   Data   RO          980    sdh_ble_observers1  ble_conn_params.o
    0x00032a14   0x00032a14   0x00000008   Data   RO         2251    sdh_ble_observers1  peer_manager.o
    0x00032a1c   0x00032a1c   0x00000008   Data   RO           19    sdh_ble_observers2  main.o
    0x00032a24   0x00032a24   0x00000008   Data   RO           20    sdh_ble_observers3  main.o
    0x00032a2c   0x00032a2c   0x00000008   Data   RO         5878    sdh_req_observers0  nrf_fstorage_sd.o
    0x00032a34   0x00032a34   0x00000008   Data   RO         2991    sdh_soc_observers0  nrf_drv_clock.o
    0x00032a3c   0x00032a3c   0x00000008   Data   RO         5879    sdh_soc_observers0  nrf_fstorage_sd.o
    0x00032a44   0x00032a44   0x00000008   Data   RO         7233    sdh_stack_observers0  nrf_sdh_ble.o
    0x00032a4c   0x00032a4c   0x00000008   Data   RO         7282    sdh_stack_observers0  nrf_sdh_soc.o
    0x00032a54   0x00032a54   0x00000008   Data   RO         2992    sdh_state_observers0  nrf_drv_clock.o
    0x00032a5c   0x00032a5c   0x00000008   Data   RO         5880    sdh_state_observers0  nrf_fstorage_sd.o


    Execution Region RW_IRAM1 (Exec base: 0x20002250, Load base: 0x00032a64, Size: 0x000033c0, Max: 0x0000ddb0, ABSOLUTE, COMPRESSED[0x0000009c])

    Exec Addr    Load Addr    Size         Type   Attr      Idx    E Section Name        Object

    0x20002250   COMPRESSED   0x00000006   Data   RW           17    .data               main.o
    0x20002256   COMPRESSED   0x00000002   PAD
    0x20002258   COMPRESSED   0x00000010   Data   RW          546    .data               bsp.o
    0x20002268   COMPRESSED   0x00000008   Data   RW          647    .data               bsp_btn_ble.o
    0x20002270   COMPRESSED   0x00000008   Data   RW          979    .data               ble_conn_params.o
    0x20002278   COMPRESSED   0x00000010   Data   RW         1298    .data               gatt_cache_manager.o
    0x20002288   COMPRESSED   0x0000000c   Data   RW         1456    .data               gatts_cache_manager.o
    0x20002294   COMPRESSED   0x0000000c   Data   RW         1870    .data               peer_data_storage.o
    0x200022a0   COMPRESSED   0x00000008   Data   RW         2010    .data               peer_database.o
    0x200022a8   COMPRESSED   0x00000010   Data   RW         2249    .data               peer_manager.o
    0x200022b8   COMPRESSED   0x00000060   Data   RW         2524    .data               peer_manager_handler.o
    0x20002318   COMPRESSED   0x00000005   Data   RW         2674    .data               security_dispatcher.o
    0x2000231d   COMPRESSED   0x00000003   PAD
    0x20002320   COMPRESSED   0x00000015   Data   RW         2818    .data               security_manager.o
    0x20002335   COMPRESSED   0x00000003   PAD
    0x20002338   COMPRESSED   0x0000000c   Data   RW         3123    .data               nrf_drv_uart.o
    0x20002344   COMPRESSED   0x00000008   Data   RW         3329    .data               nrfx_clock.o
    0x2000234c   COMPRESSED   0x00000008   Data   RW         3761    .data               nrfx_prs.o
    0x20002354   COMPRESSED   0x00000004   PAD
    0x20002358   COMPRESSED   0x00000018   Data   RW         4372    .data               app_button.o
    0x20002370   COMPRESSED   0x00000020   Data   RW         4632    .data               app_timer2.o
    0x20002390   COMPRESSED   0x00000004   Data   RW         4633    .data               app_timer2.o
    0x20002394   COMPRESSED   0x0000000c   Data   RW         4871    .data               drv_rtc.o
    0x200023a0   COMPRESSED   0x00000030   Data   RW         5072    .data               fds.o
    0x200023d0   COMPRESSED   0x00000008   Data   RW         5877    .data               nrf_fstorage_sd.o
    0x200023d8   COMPRESSED   0x00000008   Data   RW         6057    .data               nrf_pwr_mgmt.o
    0x200023e0   COMPRESSED   0x00000018   Data   RW         6402    .data               nrf_log_backend_uart.o
    0x200023f8   COMPRESSED   0x00000008   Data   RW         6467    .data               nrf_log_default_backends.o
    0x20002400   COMPRESSED   0x00000004   Data   RW         6533    .data               nrf_log_frontend.o
    0x20002404   COMPRESSED   0x00000008   Data   RW         6534    .data               nrf_log_frontend.o
    0x2000240c   COMPRESSED   0x00000008   Data   RW         6535    .data               nrf_log_frontend.o
    0x20002414   COMPRESSED   0x00000040   Data   RW         6694    .data               nrf_log_str_formatter.o
    0x20002454   COMPRESSED   0x00000003   Data   RW         7121    .data               nrf_sdh.o
    0x20002457   COMPRESSED   0x00000001   Data   RW         7231    .data               nrf_sdh_ble.o
    0x20002458   COMPRESSED   0x00000001   Data   RW         7479    .data               board_spi.o
    0x20002459   COMPRESSED   0x00000003   PAD
    0x2000245c   COMPRESSED   0x00000004   Data   RW         7547    .data               system_nrf52.o
    0x20002460   COMPRESSED   0x00000014   Data   RW         5073    fs_data             fds.o
    0x20002474        -       0x00000454   Zero   RW           16    .bss                main.o
    0x200028c8        -       0x00000020   Zero   RW          541    .bss                bsp.o
    0x200028e8        -       0x00000020   Zero   RW          542    .bss                bsp.o
    0x20002908        -       0x0000000c   Zero   RW          543    .bss                bsp.o
    0x20002914   COMPRESSED   0x00000004   PAD
    0x20002918        -       0x00000020   Zero   RW          544    .bss                bsp.o
    0x20002938        -       0x00000050   Zero   RW          978    .bss                ble_conn_params.o
    0x20002988        -       0x0000007c   Zero   RW         1065    .bss                ble_conn_state.o
    0x20002a04        -       0x000000d8   Zero   RW         1559    .bss                id_manager.o
    0x20002adc        -       0x00000180   Zero   RW         2006    .bss                peer_database.o
    0x20002c5c        -       0x00000040   Zero   RW         2122    .bss                peer_id.o
    0x20002c9c        -       0x0000000c   Zero   RW         2245    .bss                peer_manager.o
    0x20002ca8        -       0x00000040   Zero   RW         2670    .bss                security_dispatcher.o
    0x20002ce8        -       0x00000014   Zero   RW         2984    .bss                nrf_drv_clock.o
    0x20002cfc        -       0x0000005c   Zero   RW         3496    .bss                nrfx_gpiote.o
    0x20002d58        -       0x0000002c   Zero   RW         3835    .bss                nrfx_uart.o
    0x20002d84        -       0x00000024   Zero   RW         4019    .bss                nrfx_uarte.o
    0x20002da8        -       0x00000024   Zero   RW         4207    .bss                nrfx_spim.o
    0x20002dcc        -       0x00000018   Zero   RW         4312    .bss                nrf_drv_spi.o
    0x20002de4   COMPRESSED   0x00000004   PAD
    0x20002de8        -       0x00000020   Zero   RW         4368    .bss                app_button.o
    0x20002e08        -       0x00000010   Zero   RW         4369    .bss                app_button.o
    0x20002e18        -       0x00000010   Zero   RW         4628    .bss                app_timer2.o
    0x20002e28        -       0x00000058   Zero   RW         4629    .bss                app_timer2.o
    0x20002e80        -       0x0000000c   Zero   RW         4758    .bss                app_util_platform.o
    0x20002e8c        -       0x00000010   Zero   RW         5069    .bss                fds.o
    0x20002e9c        -       0x000000e0   Zero   RW         5070    .bss                fds.o
    0x20002f7c        -       0x00000010   Zero   RW         5873    .bss                nrf_fstorage_sd.o
    0x20002f8c        -       0x000000a0   Zero   RW         5874    .bss                nrf_fstorage_sd.o
    0x2000302c        -       0x0000000c   Zero   RW         6053    .bss                nrf_pwr_mgmt.o
    0x20003038        -       0x00000040   Zero   RW         6399    .bss                nrf_log_backend_uart.o
    0x20003078        -       0x000000c0   Zero   RW         6527    .bss                nrf_log_frontend.o
    0x20003138        -       0x00000080   Zero   RW         6528    .bss                nrf_log_frontend.o
    0x200031b8        -       0x00000018   Zero   RW         6529    .bss                nrf_log_frontend.o
    0x200031d0        -       0x00000420   Zero   RW         6530    .bss                nrf_log_frontend.o
    0x200035f0        -       0x00000020   Zero   RW         7316    .bss                bsp_timer.o
    0x20003610        -       0x00002000   Zero   RW         7535    STACK               arm_startup_nrf52.o


==============================================================================

Image component sizes


      Code (inc. data)   RO Data    RW Data    ZI Data      Debug   Object Name

       664         66         27         24         48      17562   app_button.o
        22          0          0          0          0       2489   app_error.o
       132         46          0          0          0      34097   app_error_weak.o
         0          0          0          0          0      37158   app_scheduler.o
       846         88         38         36        104      16361   app_timer2.o
       124         14          0          0         12      10614   app_util_platform.o
        36          8        512          0       8192        912   arm_startup_nrf52.o
      1338          0          0          0          0      53208   ble_advdata.o
      1076          6          0          0          0      10879   ble_advertising.o
       636         44          8          8         80       9183   ble_conn_params.o
       772         62          8          0        124      15405   ble_conn_state.o
         8          0          0          0          0       1426   ble_srv_common.o
       160         26         48          1          0      10619   board_spi.o
       358         40          8          0          0      14187   boards.o
       990         86         44         16        108      15735   bsp.o
       252         10          8          8          0       4716   bsp_btn_ble.o
        58          0          0          0          0       5769   bsp_led.o
       112         48          4          0         32       2539   bsp_timer.o
       704         76          6         12          0      48337   drv_rtc.o
      3872        348         24         68        240      49998   fds.o
      2152        552        553         16          0      33503   gatt_cache_manager.o
       686         84        462         12          0      16427   gatts_cache_manager.o
       946         34         32          0        216      16800   id_manager.o
      1272        278         32          6       1108     194366   main.o
       342          0          0          0          0       6590   nrf_atfifo.o
       170          0          0          0          0       4732   nrf_atflags.o
       332          0          0          0          0       9946   nrf_atomic.o
       164          0          0          0          0       3576   nrf_balloc.o
       922        272        205          0          0      37007   nrf_ble_gatt.o
       276          0          0          0          0       4633   nrf_ble_qwr.o
       312         36         30          0         20      43472   nrf_drv_clock.o
       168         18         16          0         24      15463   nrf_drv_spi.o
       200         26          0         12          0      17676   nrf_drv_uart.o
        50          0          0          0          0       3473   nrf_fprintf.o
       866          4         16          0          0       6478   nrf_fprintf_format.o
       972        432        194          0          0       7896   nrf_fstorage.o
       798         82         72          8        176      15751   nrf_fstorage_sd.o
       200          0          0          0          0      11541   nrf_log_backend_serial.o
       232         44         44         24         64      15726   nrf_log_backend_uart.o
        28          4         33          8          0       3297   nrf_log_default_backends.o
      1516        128         44         20       1400      31140   nrf_log_frontend.o
       570        108        102         64          0       5568   nrf_log_str_formatter.o
       346          0          0          0          0       9439   nrf_memobj.o
       108         16         53          8         12      39970   nrf_pwr_mgmt.o
        28          0          0          0          0       2327   nrf_ringbuf.o
       560         60        104          3          0      45096   nrf_sdh.o
       672        232        468          1          0       5777   nrf_sdh_ble.o
        60          4         56          0          0       2424   nrf_sdh_soc.o
        78          0          0          0          0       2724   nrf_section_iter.o
        84          0         17          0          0       4021   nrf_sortlist.o
        76         10       1319          0          0       2683   nrf_strerror.o
       242         32         14          8          0      46892   nrfx_clock.o
      1296        104         19          0         92      65585   nrfx_gpiote.o
       112         16         12          8          0       4408   nrfx_prs.o
       846         22         17          0         36      21150   nrfx_spim.o
      1310         42         17          0         44      30221   nrfx_uart.o
      1312         42         18          0         36      25727   nrfx_uarte.o
      1172        144        281         12          0      17974   peer_data_storage.o
      1434        260        425          8        384      19230   peer_database.o
       314         38          0          0         64       8959   peer_id.o
      1678        454        217         16         12      19591   peer_manager.o
      1824        842        832         96          0       9236   peer_manager_handler.o
       234          0          0          0          0       5355   pm_buffer.o
      1944        268        835          5         64      26611   security_dispatcher.o
      1372        122        411         21          0      54142   security_manager.o
       920         72          0          4          0      13399   system_nrf52.o

    ----------------------------------------------------------------------
     43434       5850       7788        548      12700    1349196   Object Totals
         0          0         32          0          0          0   (incl. Generated)
        78          0         71         15          8          0   (incl. Padding)

    ----------------------------------------------------------------------

      Code (inc. data)   RO Data    RW Data    ZI Data      Debug   Library Member Name

        86          0          0          0          0          0   __dczerorl2.o
         8          4        133          0          0         68   ctype_o.o
         0          0          0          0          0          0   entry.o
         0          0          0          0          0          0   entry10a.o
         0          0          0          0          0          0   entry11a.o
         8          4          0          0          0          0   entry2.o
         4          0          0          0          0          0   entry5.o
         0          0          0          0          0          0   entry7b.o
         0          0          0          0          0          0   entry8b.o
         8          4          0          0          0          0   entry9a.o
        30          0          0          0          0          0   handlers.o
        36          8          0          0          0         68   init.o
        30          0          0          0          0         68   llshl.o
        32          0          0          0          0         68   llushr.o
        26          0          0          0          0         80   memcmp.o
        36          0          0          0          0         68   memcpya.o
        36          0          0          0          0        108   memseta.o
        14          0          0          0          0         68   strlen.o
        98          0          0          0          0         92   uldiv.o

    ----------------------------------------------------------------------
       454         20        136          0          0        688   Library Totals
         2          0          3          0          0          0   (incl. Padding)

    ----------------------------------------------------------------------

      Code (inc. data)   RO Data    RW Data    ZI Data      Debug   Library Name

       452         20        133          0          0        688   mc_w.l

    ----------------------------------------------------------------------
       454         20        136          0          0        688   Library Totals

    ----------------------------------------------------------------------

==============================================================================


      Code (inc. data)   RO Data    RW Data    ZI Data      Debug   

     43888       5870       7924        548      12700    1295160   Grand Totals
     43888       5870       7924        156      12700    1295160   ELF Image Totals (compressed)
     43888       5870       7924        156          0          0   ROM Totals

==============================================================================

    Total RO  Size (Code + RO Data)                51812 (  50.60kB)
    Total RW  Size (RW Data + ZI Data)             13248 (  12.94kB)
    Total ROM Size (Code + RO Data + RW Data)      51968 (  50.75kB)

==============================================================================

