Component: ARM Compiler 5.06 update 6 (build 750) Tool: armlink [4d35ed]

==============================================================================

Section Cross References

    main.o(i.advertising_start) refers to nrf_log_frontend.o(i.nrf_log_frontend_std_0) for nrf_log_frontend_std_0
    main.o(i.advertising_start) refers to peer_manager.o(i.pm_peers_delete) for pm_peers_delete
    main.o(i.advertising_start) refers to ble_advertising.o(i.ble_advertising_start) for ble_advertising_start
    main.o(i.advertising_start) refers to app_error.o(i.app_error_handler_bare) for app_error_handler_bare
    main.o(i.advertising_start) refers to nrf_log_frontend.o(log_const_data) for m_nrf_log_app_logs_data_const
    main.o(i.advertising_start) refers to main.o(.bss) for .bss
    main.o(i.assert_nrf_callback) refers to app_error_handler_keil.o(.emb_text) for app_error_handler
    main.o(i.ble_evt_handler) refers to nrf_log_frontend.o(i.nrf_log_frontend_std_0) for nrf_log_frontend_std_0
    main.o(i.ble_evt_handler) refers to bsp.o(i.bsp_indication_set) for bsp_indication_set
    main.o(i.ble_evt_handler) refers to app_error.o(i.app_error_handler_bare) for app_error_handler_bare
    main.o(i.ble_evt_handler) refers to nrf_ble_qwr.o(i.nrf_ble_qwr_conn_handle_assign) for nrf_ble_qwr_conn_handle_assign
    main.o(i.ble_evt_handler) refers to nrf_log_frontend.o(log_const_data) for m_nrf_log_app_logs_data_const
    main.o(i.ble_evt_handler) refers to main.o(.data) for .data
    main.o(i.ble_evt_handler) refers to main.o(.bss) for .bss
    main.o(i.bsp_event_handler) refers to main.o(i.sleep_mode_enter) for sleep_mode_enter
    main.o(i.bsp_event_handler) refers to nrf_log_frontend.o(i.nrf_log_frontend_std_0) for nrf_log_frontend_std_0
    main.o(i.bsp_event_handler) refers to app_error.o(i.app_error_handler_bare) for app_error_handler_bare
    main.o(i.bsp_event_handler) refers to ble_advertising.o(i.ble_advertising_restart_without_whitelist) for ble_advertising_restart_without_whitelist
    main.o(i.bsp_event_handler) refers to nrf_log_frontend.o(log_const_data) for m_nrf_log_app_logs_data_const
    main.o(i.bsp_event_handler) refers to main.o(.data) for .data
    main.o(i.bsp_event_handler) refers to main.o(.bss) for .bss
    main.o(i.conn_params_error_handler) refers to app_error.o(i.app_error_handler_bare) for app_error_handler_bare
    main.o(i.gap_params_init) refers to app_error.o(i.app_error_handler_bare) for app_error_handler_bare
    main.o(i.main) refers to nrf_log_frontend.o(i.nrf_log_init) for nrf_log_init
    main.o(i.main) refers to app_error.o(i.app_error_handler_bare) for app_error_handler_bare
    main.o(i.main) refers to nrf_log_default_backends.o(i.nrf_log_default_backends_init) for nrf_log_default_backends_init
    main.o(i.main) refers to app_timer2.o(i.app_timer_init) for app_timer_init
    main.o(i.main) refers to bsp_timer.o(i.CreateTestTimer) for CreateTestTimer
    main.o(i.main) refers to bsp.o(i.bsp_init) for bsp_init
    main.o(i.main) refers to bsp_btn_ble.o(i.bsp_btn_ble_init) for bsp_btn_ble_init
    main.o(i.main) refers to bsp_led.o(i.Board_LED0Init) for Board_LED0Init
    main.o(i.main) refers to board_spi.o(i.SPI_Init) for SPI_Init
    main.o(i.main) refers to nrf_pwr_mgmt.o(i.nrf_pwr_mgmt_init) for nrf_pwr_mgmt_init
    main.o(i.main) refers to nrf_sdh.o(i.nrf_sdh_enable_request) for nrf_sdh_enable_request
    main.o(i.main) refers to nrf_sdh_ble.o(i.nrf_sdh_ble_default_cfg_set) for nrf_sdh_ble_default_cfg_set
    main.o(i.main) refers to nrf_sdh_ble.o(i.nrf_sdh_ble_enable) for nrf_sdh_ble_enable
    main.o(i.main) refers to main.o(i.gap_params_init) for gap_params_init
    main.o(i.main) refers to nrf_ble_gatt.o(i.nrf_ble_gatt_init) for nrf_ble_gatt_init
    main.o(i.main) refers to memseta.o(.text) for __aeabi_memclr4
    main.o(i.main) refers to ble_advertising.o(i.ble_advertising_init) for ble_advertising_init
    main.o(i.main) refers to ble_advertising.o(i.ble_advertising_conn_cfg_tag_set) for ble_advertising_conn_cfg_tag_set
    main.o(i.main) refers to nrf_ble_qwr.o(i.nrf_ble_qwr_init) for nrf_ble_qwr_init
    main.o(i.main) refers to ble_hrs.o(i.ble_hrs_init) for ble_hrs_init
    main.o(i.main) refers to ble_conn_params.o(i.ble_conn_params_init) for ble_conn_params_init
    main.o(i.main) refers to main.o(i.peer_manager_init) for peer_manager_init
    main.o(i.main) refers to nrf_log_frontend.o(i.nrf_log_frontend_std_0) for nrf_log_frontend_std_0
    main.o(i.main) refers to bsp_timer.o(i.StartTestTimer) for StartTestTimer
    main.o(i.main) refers to main.o(i.advertising_start) for advertising_start
    main.o(i.main) refers to nrf_log_frontend.o(i.nrf_log_frontend_dequeue) for nrf_log_frontend_dequeue
    main.o(i.main) refers to nrf_pwr_mgmt.o(i.nrf_pwr_mgmt_run) for nrf_pwr_mgmt_run
    main.o(i.main) refers to main.o(i.bsp_event_handler) for bsp_event_handler
    main.o(i.main) refers to main.o(.bss) for .bss
    main.o(i.main) refers to main.o(.data) for .data
[...]
    0x000264d0   0x000264d0   0x0000000e   Code   RO         7941    .text               mc_w.l(strlen.o)
    0x000264de   0x000264de   0x0000001a   Code   RO         7945    .text               mc_w.l(memcmp.o)
    0x000264f8   0x000264f8   0x00000020   Code   RO         8259    .text               mc_w.l(llushr.o)
    0x00026518   0x00026518   0x00000024   Code   RO         8275    .text               mc_w.l(init.o)
    0x0002653c   0x0002653c   0x00000056   Code   RO         8289    .text               mc_w.l(__dczerorl2.o)
    0x00026592   0x00026592   0x00000014   Code   RO         7534    i.Board_LED0Init    bsp_led.o
    0x000265a6   0x000265a6   0x00000002   PAD
    0x000265a8   0x000265a8   0x00000014   Code   RO         7490    i.CreateTestTimer   bsp_timer.o
    0x000265bc   0x000265bc   0x000000c0   Code   RO         3461    i.GPIOTE_IRQHandler  nrfx_gpiote.o
    0x0002667c   0x0002667c   0x00000058   Code   RO         3322    i.POWER_CLOCK_IRQHandler  nrfx_clock.o
    0x000266d4   0x000266d4   0x00000010   Code   RO         5028    i.RTC1_IRQHandler   drv_rtc.o
    0x000266e4   0x000266e4   0x00000148   Code   RO         4386    i.SAADC_IRQHandler  nrfx_saadc.o
    0x0002682c   0x0002682c   0x00000054   Code   RO         4204    i.SPIM0_SPIS0_TWIM0_TWIS0_SPI0_TWI0_IRQHandler  nrfx_spim.o
    0x00026880   0x00026880   0x0000005c   Code   RO         7652    i.SPI_Init          board_spi.o
    0x000268dc   0x000268dc   0x00000038   Code   RO         7653    i.SPI_ReadWriteData  board_spi.o
    0x00026914   0x00026914   0x00000004   Code   RO         7280    i.SWI2_EGU2_IRQHandler  nrf_sdh.o
    0x00026918   0x00026918   0x00000014   Code   RO         7491    i.StartTestTimer    bsp_timer.o
    0x0002692c   0x0002692c   0x00000398   Code   RO         7848    i.SystemInit        system_nrf52.o
    0x00026cc4   0x00026cc4   0x0000000c   Code   RO         3766    i.UARTE0_UART0_IRQHandler  nrfx_prs.o
    0x00026cd0   0x00026cd0   0x0000000e   Code   RO         8283    i.__scatterload_copy  mc_w.l(handlers.o)
    0x00026cde   0x00026cde   0x00000002   Code   RO         8284    i.__scatterload_null  mc_w.l(handlers.o)
    0x00026ce0   0x00026ce0   0x0000000e   Code   RO         8285    i.__scatterload_zeroinit  mc_w.l(handlers.o)
    0x00026cee   0x00026cee   0x00000002   PAD
    0x00026cf0   0x00026cf0   0x00000024   Code   RO         7281    i.__sd_nvic_app_accessible_irq  nrf_sdh.o
    0x00026d14   0x00026d14   0x0000013c   Code   RO         2517    i._conn_secure      peer_manager_handler.o
    0x00026e50   0x00026e50   0x00000026   Code   RO         1547    i.addr_compare      id_manager.o
    0x00026e76   0x00026e76   0x0000000c   Code   RO         5949    i.addr_is_aligned32  nrf_fstorage.o
    0x00026e82   0x00026e82   0x00000018   Code   RO         5950    i.addr_is_within_bounds  nrf_fstorage.o
    0x00026e9a   0x00026e9a   0x00000010   Code   RO          888    i.adv_set_data_size_max_get  ble_advertising.o
    0x00026eaa   0x00026eaa   0x00000036   Code   RO          654    i.advertising_buttons_configure  bsp_btn_ble.o
    0x00026ee0   0x00026ee0   0x00000050   Code   RO            4    i.advertising_start  main.o
    0x00026f30   0x00026f30   0x00000052   Code   RO         1548    i.ah                id_manager.o
    0x00026f82   0x00026f82   0x00000006   Code   RO          537    i.alert_timer_handler  bsp.o
    0x00026f88   0x00026f88   0x0000000c   Code   RO         2661    i.allow_repairing   security_dispatcher.o
    0x00026f94   0x00026f94   0x00000024   Code   RO         4539    i.app_button_enable  app_button.o
    0x00026fb8   0x00026fb8   0x00000080   Code   RO         4540    i.app_button_init   app_button.o
    0x00027038   0x00027038   0x00000084   Code   RO         4697    i.app_error_fault_handler  app_error_weak.o
    0x000270bc   0x000270bc   0x00000016   Code   RO         4637    i.app_error_handler_bare  app_error.o
    0x000270d2   0x000270d2   0x00000002   PAD
    0x000270d4   0x000270d4   0x0000000c   Code   RO         4792    i.app_timer_cnt_get  app_timer2.o
    0x000270e0   0x000270e0   0x00000016   Code   RO         4793    i.app_timer_create  app_timer2.o
    0x000270f6   0x000270f6   0x00000002   PAD
    0x000270f8   0x000270f8   0x0000005c   Code   RO         4794    i.app_timer_init    app_timer2.o
    0x00027154   0x00027154   0x00000030   Code   RO         4797    i.app_timer_start   app_timer2.o
    0x00027184   0x00027184   0x0000000c   Code   RO         4798    i.app_timer_stop    app_timer2.o
    0x00027190   0x00027190   0x00000048   Code   RO         4933    i.app_util_critical_region_enter  app_util_platform.o
    0x000271d8   0x000271d8   0x00000034   Code   RO         4934    i.app_util_critical_region_exit  app_util_platform.o
    0x0002720c   0x0002720c   0x00000088   Code   RO         3820    i.apply_config      nrfx_uart.o
    0x00027294   0x00027294   0x00000088   Code   RO         4008    i.apply_config      nrfx_uarte.o
    0x0002731c   0x0002731c   0x00000004   Code   RO         1286    i.apply_pending_handle  gatt_cache_manager.o
    0x00027320   0x00027320   0x00000180   Code   RO         2662    i.auth_status_success_process  security_dispatcher.o
    0x000274a0   0x000274a0   0x00000182   Code   RO          782    i.ble_advdata_encode  ble_advdata.o
    0x00027622   0x00027622   0x00000020   Code   RO          784    i.ble_advdata_parse  ble_advdata.o
    0x00027642   0x00027642   0x00000046   Code   RO          785    i.ble_advdata_search  ble_advdata.o
    0x00027688   0x00027688   0x00000006   Code   RO          890    i.ble_advertising_conn_cfg_tag_set  ble_advertising.o
    0x0002768e   0x0002768e   0x000000f8   Code   RO          891    i.ble_advertising_init  ble_advertising.o
    0x00027786   0x00027786   0x0000006a   Code   RO          893    i.ble_advertising_on_ble_evt  ble_advertising.o
    0x000277f0   0x000277f0   0x0000003a   Code   RO          895    i.ble_advertising_restart_without_whitelist  ble_advertising.o
    0x0002782a   0x0002782a   0x00000230   Code   RO          896    i.ble_advertising_start  ble_advertising.o
    0x00027a5a   0x00027a5a   0x00000002   PAD
    0x00027a5c   0x00027a5c   0x00000068   Code   RO          981    i.ble_conn_params_init  ble_conn_params.o
    0x00027ac4   0x00027ac4   0x00000020   Code   RO         1057    i.ble_conn_state_encrypted  ble_conn_state.o
    0x00027ae4   0x00027ae4   0x0000002c   Code   RO         1059    i.ble_conn_state_for_each_set_user_flag  ble_conn_state.o
    0x00027b10   0x00027b10   0x00000020   Code   RO         1061    i.ble_conn_state_lesc  ble_conn_state.o
    0x00027b30   0x00027b30   0x00000020   Code   RO         1062    i.ble_conn_state_mitm_protected  ble_conn_state.o
    0x00027b50   0x00027b50   0x00000024   Code   RO         1065    i.ble_conn_state_role  ble_conn_state.o
    0x00027b74   0x00027b74   0x00000024   Code   RO         1066    i.ble_conn_state_status  ble_conn_state.o
    0x00027b98   0x00027b98   0x00000018   Code   RO         1067    i.ble_conn_state_user_flag_acquire  ble_conn_state.o
    0x00027bb0   0x00027bb0   0x00000030   Code   RO         1068    i.ble_conn_state_user_flag_get  ble_conn_state.o
    0x00027be0   0x00027be0   0x00000038   Code   RO         1069    i.ble_conn_state_user_flag_set  ble_conn_state.o
    0x00027c18   0x00027c18   0x00000014   Code   RO         1070    i.ble_conn_state_valid  ble_conn_state.o
    0x00027c2c   0x00027c2c   0x00000060   Code   RO          788    i.ble_device_addr_encode  ble_advdata.o
    0x00027c8c   0x00027c8c   0x000000b4   Code   RO            6    i.ble_evt_handler   main.o
    0x00027d40   0x00027d40   0x00000070   Code   RO          655    i.ble_evt_handler   bsp_btn_ble.o
    0x00027db0   0x00027db0   0x000000fc   Code   RO          983    i.ble_evt_handler   ble_conn_params.o
    0x00027eac   0x00027eac   0x00000118   Code   RO         1071    i.ble_evt_handler   ble_conn_state.o
    0x00027fc4   0x00027fc4   0x00000028   Code   RO         2211    i.ble_evt_handler   peer_manager.o
    0x00027fec   0x00027fec   0x000000d4   Code   RO         7762    i.ble_hrs_init      ble_hrs.o
    0x000280c0   0x000280c0   0x00000050   Code   RO         7763    i.ble_hrs_on_ble_evt  ble_hrs.o
    0x00028110   0x00028110   0x00000008   Code   RO         1226    i.ble_srv_is_notification_enabled  ble_srv_common.o
    0x00028118   0x00028118   0x0000000c   Code   RO          424    i.bsp_board_button_idx_to_pin  boards.o
    0x00028124   0x00028124   0x00000020   Code   RO          425    i.bsp_board_button_state_get  boards.o
    0x00028144   0x00028144   0x00000054   Code   RO          426    i.bsp_board_init    boards.o
    0x00028198   0x00028198   0x00000024   Code   RO          428    i.bsp_board_led_invert  boards.o
    0x000281bc   0x000281bc   0x00000010   Code   RO          429    i.bsp_board_led_off  boards.o
    0x000281cc   0x000281cc   0x00000010   Code   RO          430    i.bsp_board_led_on  boards.o
    0x000281dc   0x000281dc   0x00000020   Code   RO          431    i.bsp_board_led_state_get  boards.o
    0x000281fc   0x000281fc   0x00000012   Code   RO          432    i.bsp_board_leds_off  boards.o
    0x0002820e   0x0002820e   0x00000012   Code   RO          433    i.bsp_board_leds_on  boards.o
    0x00028220   0x00028220   0x00000024   Code   RO          434    i.bsp_board_pin_to_button_idx  boards.o
    0x00028244   0x00028244   0x00000038   Code   RO          656    i.bsp_btn_ble_init  bsp_btn_ble.o
    0x0002827c   0x0002827c   0x0000001e   Code   RO          657    i.bsp_btn_ble_sleep_mode_prepare  bsp_btn_ble.o
    0x0002829a   0x0002829a   0x00000002   PAD
    0x0002829c   0x0002829c   0x00000090   Code   RO          538    i.bsp_button_event_handler  bsp.o
    0x0002832c   0x0002832c   0x0000000c   Code   RO          539    i.bsp_button_is_pressed  bsp.o
    0x00028338   0x00028338   0x000000c8   Code   RO            7    i.bsp_event_handler  main.o
    0x00028400   0x00028400   0x0000003c   Code   RO          542    i.bsp_event_to_button_action_assign  bsp.o
    0x0002843c   0x0002843c   0x00000018   Code   RO          543    i.bsp_indication_set  bsp.o
    0x00028454   0x00028454   0x00000094   Code   RO          544    i.bsp_init          bsp.o
    0x000284e8   0x000284e8   0x000001c8   Code   RO          545    i.bsp_led_indication  bsp.o
    0x000286b0   0x000286b0   0x00000006   Code   RO          547    i.bsp_wakeup_button_enable  bsp.o
    0x000286b6   0x000286b6   0x00000002   PAD
    0x000286b8   0x000286b8   0x00000094   Code   RO         6679    i.buf_prealloc      nrf_log_frontend.o
    0x0002874c   0x0002874c   0x0000002e   Code   RO         5909    i.buffer_add        nrf_fprintf_format.o
    0x0002877a   0x0002877a   0x00000002   PAD
    0x0002877c   0x0002877c   0x00000018   Code   RO         6680    i.buffer_is_empty   nrf_log_frontend.o
    0x00028794   0x00028794   0x00000028   Code   RO         4542    i.button_get        app_button.o
    0x000287bc   0x000287bc   0x00000008   Code   RO          548    i.button_timer_handler  bsp.o
    0x000287c4   0x000287c4   0x00000028   Code   RO         1287    i.car_update_needed  gatt_cache_manager.o
    0x000287ec   0x000287ec   0x00000040   Code   RO         1288    i.car_update_pending_handle  gatt_cache_manager.o
    0x0002882c   0x0002882c   0x0000001c   Code   RO         3462    i.channel_free      nrfx_gpiote.o
    0x00028848   0x00028848   0x00000048   Code   RO         3463    i.channel_port_alloc  nrfx_gpiote.o
    0x00028890   0x00028890   0x00000010   Code   RO         3464    i.channel_port_get  nrfx_gpiote.o
    0x000288a0   0x000288a0   0x00000190   Code   RO         1228    i.characteristic_add  ble_srv_common.o
    0x00028a30   0x00028a30   0x0000003e   Code   RO         2121    i.claim             peer_id.o
    0x00028a6e   0x00028a6e   0x00000002   PAD
    0x00028a70   0x00028a70   0x00000028   Code   RO         2977    i.clock_clk_started_notify  nrf_drv_clock.o
    0x00028a98   0x00028a98   0x0000001c   Code   RO         2978    i.clock_irq_handler  nrf_drv_clock.o
    0x00028ab4   0x00028ab4   0x00000018   Code   RO         4800    i.compare_func      app_timer2.o
    0x00028acc   0x00028acc   0x0000003e   Code   RO         1072    i.conn_handle_list_get  ble_conn_state.o
    0x00028b0a   0x00028b0a   0x00000088   Code   RO          789    i.conn_int_encode   ble_advdata.o
    0x00028b92   0x00028b92   0x00000004   Code   RO            8    i.conn_params_error_handler  main.o
    0x00028b96   0x00028b96   0x00000002   PAD
    0x00028b98   0x00028b98   0x00000048   Code   RO          984    i.conn_params_negotiation  ble_conn_params.o
    0x00028be0   0x00028be0   0x00000044   Code   RO         2663    i.conn_sec_failure  security_dispatcher.o
    0x00028c24   0x00028c24   0x00000004   Code   RO         2518    i.conn_secure       peer_manager_handler.o
    0x00028c28   0x00028c28   0x000000c0   Code   RO         1716    i.data_length_update  nrf_ble_gatt.o
    0x00028ce8   0x00028ce8   0x00000030   Code   RO         1289    i.db_update_pending_handle  gatt_cache_manager.o
    0x00028d18   0x00028d18   0x0000008c   Code   RO         5194    i.delete_execute    fds.o
    0x00028da4   0x00028da4   0x00000048   Code   RO         4543    i.detection_delay_timeout_handler  app_button.o
    0x00028dec   0x00028dec   0x00000014   Code   RO         6681    i.dropped_sat16_get  nrf_log_frontend.o
    0x00028e00   0x00028e00   0x00000014   Code   RO         5029    i.drv_rtc_compare_disable  drv_rtc.o
    0x00028e14   0x00028e14   0x0000000e   Code   RO         5032    i.drv_rtc_compare_pending  drv_rtc.o
    0x00028e22   0x00028e22   0x00000050   Code   RO         5033    i.drv_rtc_compare_set  drv_rtc.o
    0x00028e72   0x00028e72   0x00000008   Code   RO         5034    i.drv_rtc_counter_get  drv_rtc.o
    0x00028e7a   0x00028e7a   0x00000002   PAD
    0x00028e7c   0x00028e7c   0x000000d8   Code   RO         5035    i.drv_rtc_init      drv_rtc.o
    0x00028f54   0x00028f54   0x0000001e   Code   RO         5036    i.drv_rtc_irq_trigger  drv_rtc.o
    0x00028f72   0x00028f72   0x00000008   Code   RO         5038    i.drv_rtc_overflow_enable  drv_rtc.o
    0x00028f7a   0x00028f7a   0x00000008   Code   RO         5039    i.drv_rtc_overflow_pending  drv_rtc.o
    0x00028f82   0x00028f82   0x00000008   Code   RO         5040    i.drv_rtc_start     drv_rtc.o
    0x00028f8a   0x00028f8a   0x00000008   Code   RO         5041    i.drv_rtc_stop      drv_rtc.o
    0x00028f92   0x00028f92   0x000000de   Code   RO         5046    i.drv_rtc_windowed_compare_set  drv_rtc.o
    0x00029070   0x00029070   0x0000000a   Code   RO         2664    i.encryption_failure  security_dispatcher.o
    0x0002907a   0x0002907a   0x00000002   PAD
    0x0002907c   0x0002907c   0x0000004c   Code   RO         6036    i.erase             nrf_fstorage_sd.o
    0x000290c8   0x000290c8   0x00000074   Code   RO         5195    i.event_prepare     fds.o
    0x0002913c   0x0002913c   0x00000020   Code   RO         5196    i.event_send        fds.o
    0x0002915c   0x0002915c   0x00000054   Code   RO         6037    i.event_send        nrf_fstorage_sd.o
    0x000291b0   0x000291b0   0x00000098   Code   RO         2802    i.events_send_from_err_code  security_manager.o
    0x00029248   0x00029248   0x00000012   Code   RO         5047    i.evt_enable        drv_rtc.o
    0x0002925a   0x0002925a   0x00000002   PAD
    0x0002925c   0x0002925c   0x000000e0   Code   RO         4544    i.evt_handle        app_button.o
    0x0002933c   0x0002933c   0x00000014   Code   RO         5048    i.evt_pending       drv_rtc.o
    0x00029350   0x00029350   0x0000001c   Code   RO         1290    i.evt_send          gatt_cache_manager.o
    0x0002936c   0x0002936c   0x0000001c   Code   RO         1452    i.evt_send          gatts_cache_manager.o
    0x00029388   0x00029388   0x0000002c   Code   RO         2212    i.evt_send          peer_manager.o
    0x000293b4   0x000293b4   0x0000001c   Code   RO         2665    i.evt_send          security_dispatcher.o
    0x000293d0   0x000293d0   0x0000000c   Code   RO         2803    i.evt_send          security_manager.o
    0x000293dc   0x000293dc   0x000000e0   Code   RO         1859    i.fds_evt_handler   peer_data_storage.o
    0x000294bc   0x000294bc   0x00000048   Code   RO         5198    i.fds_file_delete   fds.o
    0x00029504   0x00029504   0x00000040   Code   RO         5199    i.fds_gc            fds.o
    0x00029544   0x00029544   0x000000e4   Code   RO         5200    i.fds_init          fds.o
    0x00029628   0x00029628   0x00000048   Code   RO         5201    i.fds_record_close  fds.o
    0x00029670   0x00029670   0x0000000e   Code   RO         5203    i.fds_record_find   fds.o
    0x0002967e   0x0002967e   0x00000010   Code   RO         5204    i.fds_record_find_by_key  fds.o
    0x0002968e   0x0002968e   0x00000010   Code   RO         5205    i.fds_record_find_in_file  fds.o
    0x0002969e   0x0002969e   0x00000012   Code   RO         5206    i.fds_record_id_from_desc  fds.o
    0x000296b0   0x000296b0   0x0000004c   Code   RO         5208    i.fds_record_open   fds.o
    0x000296fc   0x000296fc   0x00000010   Code   RO         5209    i.fds_record_update  fds.o
    0x0002970c   0x0002970c   0x00000008   Code   RO         5210    i.fds_record_write  fds.o
    0x00029714   0x00029714   0x00000030   Code   RO         5212    i.fds_register      fds.o
    0x00029744   0x00029744   0x000000a0   Code   RO         5215    i.fds_stat          fds.o
    0x000297e4   0x000297e4   0x00000014   Code   RO         1860    i.file_id_within_pm_range  peer_data_storage.o
    0x000297f8   0x000297f8   0x00000012   Code   RO         2666    i.flag_id_init      security_dispatcher.o
    0x0002980a   0x0002980a   0x00000012   Code   RO         2804    i.flag_id_init      security_manager.o
    0x0002981c   0x0002981c   0x0000000a   Code   RO         1073    i.flag_toggle       ble_conn_state.o
    0x00029826   0x00029826   0x00000028   Code   RO          898    i.flags_set         ble_advertising.o
    0x0002984e   0x0002984e   0x00000002   PAD
    0x00029850   0x00029850   0x00000030   Code   RO         2805    i.flags_set_from_err_code  security_manager.o
    0x00029880   0x00029880   0x00000030   Code   RO         1074    i.for_each_set_flag  ble_conn_state.o
    0x000298b0   0x000298b0   0x00000006   Code   RO         5216    i.fs_event_handler  fds.o
    0x000298b6   0x000298b6   0x00000002   PAD
    0x000298b8   0x000298b8   0x00000070   Code   RO            9    i.gap_params_init   main.o
    0x00029928   0x00029928   0x00000080   Code   RO         5217    i.gc_execute        fds.o
    0x000299a8   0x000299a8   0x0000004c   Code   RO         5218    i.gc_next_page      fds.o
    0x000299f4   0x000299f4   0x00000040   Code   RO         5219    i.gc_page_erase     fds.o
    0x00029a34   0x00029a34   0x00000034   Code   RO         5220    i.gc_record_copy    fds.o
    0x00029a68   0x00029a68   0x00000024   Code   RO         5221    i.gc_record_find_next  fds.o
    0x00029a8c   0x00029a8c   0x00000070   Code   RO         5222    i.gc_state_advance  fds.o
    0x00029afc   0x00029afc   0x00000030   Code   RO         5223    i.gc_swap_pages     fds.o
    0x00029b2c   0x00029b2c   0x00000230   Code   RO         1291    i.gcm_ble_evt_handler  gatt_cache_manager.o
    0x00029d5c   0x00029d5c   0x0000003c   Code   RO         1292    i.gcm_im_evt_handler  gatt_cache_manager.o
    0x00029d98   0x00029d98   0x00000094   Code   RO         1293    i.gcm_init          gatt_cache_manager.o
    0x00029e2c   0x00029e2c   0x00000088   Code   RO         1296    i.gcm_pdb_evt_handler  gatt_cache_manager.o
    0x00029eb4   0x00029eb4   0x00000034   Code   RO         4801    i.get_now           app_timer2.o
    0x00029ee8   0x00029ee8   0x0000003c   Code   RO         4545    i.gpiote_event_handler  app_button.o
    0x00029f24   0x00029f24   0x0000001c   Code   RO         1453    i.gscm_db_change_notification_done  gatts_cache_manager.o
    0x00029f40   0x00029f40   0x00000014   Code   RO         1454    i.gscm_init         gatts_cache_manager.o
    0x00029f54   0x00029f54   0x00000090   Code   RO         1456    i.gscm_local_db_cache_apply  gatts_cache_manager.o
    0x00029fe4   0x00029fe4   0x000000ac   Code   RO         1457    i.gscm_local_db_cache_update  gatts_cache_manager.o
    0x0002a090   0x0002a090   0x00000018   Code   RO         1458    i.gscm_pdb_evt_handler  gatts_cache_manager.o
    0x0002a0a8   0x0002a0a8   0x0000001e   Code   RO         1459    i.gscm_service_changed_ind_needed  gatts_cache_manager.o
    0x0002a0c6   0x0002a0c6   0x00000002   PAD
    0x0002a0c8   0x0002a0c8   0x0000005c   Code   RO         1460    i.gscm_service_changed_ind_send  gatts_cache_manager.o
    0x0002a124   0x0002a124   0x0000002c   Code   RO         5224    i.header_check      fds.o
    0x0002a150   0x0002a150   0x00000012   Code   RO         5225    i.header_has_next   fds.o
    0x0002a162   0x0002a162   0x00000002   PAD
    0x0002a164   0x0002a164   0x00000098   Code   RO         7769    i.hrm_encode        ble_hrs.o
    0x0002a1fc   0x0002a1fc   0x00000046   Code   RO         1549    i.im_address_resolve  id_manager.o
    0x0002a242   0x0002a242   0x00000002   PAD
    0x0002a244   0x0002a244   0x00000038   Code   RO         1550    i.im_ble_addr_get   id_manager.o
    0x0002a27c   0x0002a27c   0x000000dc   Code   RO         1551    i.im_ble_evt_handler  id_manager.o
    0x0002a358   0x0002a358   0x00000040   Code   RO         1552    i.im_conn_handle_get  id_manager.o
    0x0002a398   0x0002a398   0x00000038   Code   RO         1554    i.im_find_duplicate_bonding_data  id_manager.o
    0x0002a3d0   0x0002a3d0   0x00000072   Code   RO         1557    i.im_is_duplicate_bonding_data  id_manager.o
    0x0002a442   0x0002a442   0x00000018   Code   RO         1558    i.im_master_id_is_valid  id_manager.o
    0x0002a45a   0x0002a45a   0x0000002a   Code   RO         1559    i.im_master_ids_compare  id_manager.o
    0x0002a484   0x0002a484   0x00000014   Code   RO         1560    i.im_new_peer_id    id_manager.o
    0x0002a498   0x0002a498   0x0000002c   Code   RO         1561    i.im_peer_free      id_manager.o
    0x0002a4c4   0x0002a4c4   0x00000024   Code   RO         1562    i.im_peer_id_get_by_conn_handle  id_manager.o
    0x0002a4e8   0x0002a4e8   0x0000003c   Code   RO         1563    i.im_peer_id_get_by_master_id  id_manager.o
    0x0002a524   0x0002a524   0x00000034   Code   RO         6038    i.init              nrf_fstorage_sd.o
    0x0002a558   0x0002a558   0x000000c8   Code   RO         5226    i.init_execute      fds.o
    0x0002a620   0x0002a620   0x00000014   Code   RO          985    i.instance_get      ble_conn_params.o
    0x0002a634   0x0002a634   0x000000a6   Code   RO         5910    i.int_print         nrf_fprintf_format.o
    0x0002a6da   0x0002a6da   0x00000002   PAD
    0x0002a6dc   0x0002a6dc   0x00000088   Code   RO         4009    i.interrupts_enable  nrfx_uarte.o
    0x0002a764   0x0002a764   0x00000034   Code   RO         6682    i.invalid_packets_omit  nrf_log_frontend.o
    0x0002a798   0x0002a798   0x00000010   Code   RO         6039    i.is_busy           nrf_fstorage_sd.o
    0x0002a7a8   0x0002a7a8   0x00000044   Code   RO          986    i.is_conn_params_ok  ble_conn_params.o
    0x0002a7ec   0x0002a7ec   0x00000014   Code   RO         1568    i.is_valid_irk      id_manager.o
    0x0002a800   0x0002a800   0x0000000c   Code   RO         5227    i.is_word_aligned   fds.o
    0x0002a80c   0x0002a80c   0x00000030   Code   RO          549    i.leds_off          bsp.o
    0x0002a83c   0x0002a83c   0x00000014   Code   RO          550    i.leds_timer_handler  bsp.o
    0x0002a850   0x0002a850   0x00000014   Code   RO         1717    i.link_init         nrf_ble_gatt.o
    0x0002a864   0x0002a864   0x000000d0   Code   RO         2806    i.link_secure       security_manager.o
    0x0002a934   0x0002a934   0x0000003c   Code   RO         2667    i.link_secure_failure  security_dispatcher.o
    0x0002a970   0x0002a970   0x0000002c   Code   RO         2807    i.link_secure_pending_handle  security_manager.o
    0x0002a99c   0x0002a99c   0x000000a8   Code   RO         1297    i.local_db_apply_in_evt  gatt_cache_manager.o
    0x0002aa44   0x0002aa44   0x00000010   Code   RO         1298    i.local_db_update   gatt_cache_manager.o
    0x0002aa54   0x0002aa54   0x0000010c   Code   RO         1299    i.local_db_update_in_evt  gatt_cache_manager.o
    0x0002ab60   0x0002ab60   0x000000a4   Code   RO         6683    i.log_skip          nrf_log_frontend.o
    0x0002ac04   0x0002ac04   0x000001d8   Code   RO           10    i.main              main.o
    0x0002addc   0x0002addc   0x00000064   Code   RO          790    i.manuf_specific_data_encode  ble_advdata.o
    0x0002ae40   0x0002ae40   0x0000007e   Code   RO         6148    i.memobj_op         nrf_memobj.o
    0x0002aebe   0x0002aebe   0x00000002   PAD
    0x0002aec0   0x0002aec0   0x00000030   Code   RO         6684    i.module_idx_get    nrf_log_frontend.o
    0x0002aef0   0x0002aef0   0x00000008   Code   RO         2614    i.mutex_lock_status_get  pm_buffer.o
    0x0002aef8   0x0002aef8   0x000000a6   Code   RO          791    i.name_encode       ble_advdata.o
    0x0002af9e   0x0002af9e   0x00000002   PAD
    0x0002afa0   0x0002afa0   0x00000014   Code   RO         2808    i.new_context_get   security_manager.o
    0x0002afb4   0x0002afb4   0x00000032   Code   RO         2809    i.new_evt           security_manager.o
    0x0002afe6   0x0002afe6   0x00000030   Code   RO         2122    i.next_id_get       peer_id.o
    0x0002b016   0x0002b016   0x00000010   Code   RO         5563    i.nrf_atfifo_clear  nrf_atfifo.o
    0x0002b026   0x0002b026   0x00000026   Code   RO         5565    i.nrf_atfifo_init   nrf_atfifo.o
    0x0002b04c   0x0002b04c   0x00000016   Code   RO         5566    i.nrf_atfifo_item_alloc  nrf_atfifo.o
    0x0002b062   0x0002b062   0x00000016   Code   RO         5567    i.nrf_atfifo_item_free  nrf_atfifo.o
    0x0002b078   0x0002b078   0x00000016   Code   RO         5568    i.nrf_atfifo_item_get  nrf_atfifo.o
    0x0002b08e   0x0002b08e   0x00000016   Code   RO         5569    i.nrf_atfifo_item_put  nrf_atfifo.o
    0x0002b0a4   0x0002b0a4   0x00000016   Code   RO         5631    i.nrf_atflags_clear  nrf_atflags.o
    0x0002b0ba   0x0002b0ba   0x00000020   Code   RO         5633    i.nrf_atflags_fetch_set  nrf_atflags.o
    0x0002b0da   0x0002b0da   0x0000004a   Code   RO         5635    i.nrf_atflags_find_and_set_flag  nrf_atflags.o
    0x0002b124   0x0002b124   0x00000016   Code   RO         5636    i.nrf_atflags_get   nrf_atflags.o
    0x0002b13a   0x0002b13a   0x00000014   Code   RO         5638    i.nrf_atflags_set   nrf_atflags.o
    0x0002b14e   0x0002b14e   0x00000006   Code   RO         5699    i.nrf_atomic_flag_clear_fetch  nrf_atomic.o
    0x0002b154   0x0002b154   0x00000006   Code   RO         5700    i.nrf_atomic_flag_set  nrf_atomic.o
    0x0002b15a   0x0002b15a   0x00000006   Code   RO         5701    i.nrf_atomic_flag_set_fetch  nrf_atomic.o
    0x0002b160   0x0002b160   0x0000000c   Code   RO         5702    i.nrf_atomic_u32_add  nrf_atomic.o
    0x0002b16c   0x0002b16c   0x0000000c   Code   RO         5703    i.nrf_atomic_u32_and  nrf_atomic.o
    0x0002b178   0x0002b178   0x0000000a   Code   RO         5705    i.nrf_atomic_u32_fetch_add  nrf_atomic.o
    0x0002b182   0x0002b182   0x0000000a   Code   RO         5706    i.nrf_atomic_u32_fetch_and  nrf_atomic.o
    0x0002b18c   0x0002b18c   0x0000000a   Code   RO         5707    i.nrf_atomic_u32_fetch_or  nrf_atomic.o
    0x0002b196   0x0002b196   0x0000000a   Code   RO         5708    i.nrf_atomic_u32_fetch_store  nrf_atomic.o
    0x0002b1a0   0x0002b1a0   0x0000000c   Code   RO         5712    i.nrf_atomic_u32_or  nrf_atomic.o
    0x0002b1ac   0x0002b1ac   0x0000000c   Code   RO         5714    i.nrf_atomic_u32_sub  nrf_atomic.o
    0x0002b1b8   0x0002b1b8   0x00000044   Code   RO         5833    i.nrf_balloc_alloc  nrf_balloc.o
    0x0002b1fc   0x0002b1fc   0x00000030   Code   RO         5834    i.nrf_balloc_free   nrf_balloc.o
    0x0002b22c   0x0002b22c   0x00000030   Code   RO         5835    i.nrf_balloc_init   nrf_balloc.o
    0x0002b25c   0x0002b25c   0x00000010   Code   RO         3465    i.nrf_bitmask_bit_is_set  nrfx_gpiote.o
    0x0002b26c   0x0002b26c   0x00000022   Code   RO         1723    i.nrf_ble_gatt_init  nrf_ble_gatt.o
    0x0002b28e   0x0002b28e   0x00000002   PAD
    0x0002b290   0x0002b290   0x00000150   Code   RO         1724    i.nrf_ble_gatt_on_ble_evt  nrf_ble_gatt.o
    0x0002b3e0   0x0002b3e0   0x00000016   Code   RO         1818    i.nrf_ble_qwr_conn_handle_assign  nrf_ble_qwr.o
    0x0002b3f6   0x0002b3f6   0x00000024   Code   RO         1819    i.nrf_ble_qwr_init  nrf_ble_qwr.o
    0x0002b41a   0x0002b41a   0x000000b6   Code   RO         1820    i.nrf_ble_qwr_on_ble_evt  nrf_ble_qwr.o
    0x0002b4d0   0x0002b4d0   0x0000000e   Code   RO         3323    i.nrf_clock_event_check  nrfx_clock.o
    0x0002b4de   0x0002b4de   0x00000010   Code   RO         3324    i.nrf_clock_event_clear  nrfx_clock.o
    0x0002b4ee   0x0002b4ee   0x00000002   PAD
    0x0002b4f0   0x0002b4f0   0x00000040   Code   RO         2985    i.nrf_drv_clock_init  nrf_drv_clock.o
    0x0002b530   0x0002b530   0x00000034   Code   RO         2989    i.nrf_drv_clock_lfclk_release  nrf_drv_clock.o
    0x0002b564   0x0002b564   0x00000070   Code   RO         4321    i.nrf_drv_spi_init  nrf_drv_spi.o
    0x0002b5d4   0x0002b5d4   0x00000068   Code   RO         3131    i.nrf_drv_uart_init  nrf_drv_uart.o
    0x0002b63c   0x0002b63c   0x0000001a   Code   RO         5870    i.nrf_fprintf       nrf_fprintf.o
    0x0002b656   0x0002b656   0x00000018   Code   RO         5871    i.nrf_fprintf_buffer_flush  nrf_fprintf.o
    0x0002b66e   0x0002b66e   0x000001da   Code   RO         5911    i.nrf_fprintf_fmt   nrf_fprintf_format.o
    0x0002b848   0x0002b848   0x00000138   Code   RO         5951    i.nrf_fstorage_erase  nrf_fstorage.o
    0x0002b980   0x0002b980   0x00000094   Code   RO         5952    i.nrf_fstorage_init  nrf_fstorage.o
    0x0002ba14   0x0002ba14   0x00000018   Code   RO         6040    i.nrf_fstorage_sdh_req_handler  nrf_fstorage_sd.o
    0x0002ba2c   0x0002ba2c   0x00000020   Code   RO         6041    i.nrf_fstorage_sdh_state_handler  nrf_fstorage_sd.o
    0x0002ba4c   0x0002ba4c   0x000000a4   Code   RO         6042    i.nrf_fstorage_sys_evt_handler  nrf_fstorage_sd.o
    0x0002baf0   0x0002baf0   0x000001dc   Code   RO         5958    i.nrf_fstorage_write  nrf_fstorage.o
    0x0002bccc   0x0002bccc   0x00000024   Code   RO          436    i.nrf_gpio_cfg      boards.o
    0x0002bcf0   0x0002bcf0   0x00000024   Code   RO         3466    i.nrf_gpio_cfg      nrfx_gpiote.o
    0x0002bd14   0x0002bd14   0x00000024   Code   RO         3821    i.nrf_gpio_cfg      nrfx_uart.o
    0x0002bd38   0x0002bd38   0x00000024   Code   RO         4010    i.nrf_gpio_cfg      nrfx_uarte.o
    0x0002bd5c   0x0002bd5c   0x00000024   Code   RO         4205    i.nrf_gpio_cfg      nrfx_spim.o
    0x0002bd80   0x0002bd80   0x00000012   Code   RO         3822    i.nrf_gpio_cfg_default  nrfx_uart.o
    0x0002bd92   0x0002bd92   0x00000012   Code   RO         4011    i.nrf_gpio_cfg_default  nrfx_uarte.o
    0x0002bda4   0x0002bda4   0x00000012   Code   RO         3823    i.nrf_gpio_cfg_input  nrfx_uart.o
    0x0002bdb6   0x0002bdb6   0x00000012   Code   RO         4012    i.nrf_gpio_cfg_input  nrfx_uarte.o
    0x0002bdc8   0x0002bdc8   0x00000014   Code   RO         3824    i.nrf_gpio_cfg_output  nrfx_uart.o
    0x0002bddc   0x0002bddc   0x00000014   Code   RO         4013    i.nrf_gpio_cfg_output  nrfx_uarte.o
    0x0002bdf0   0x0002bdf0   0x00000014   Code   RO         4206    i.nrf_gpio_cfg_output  nrfx_spim.o
    0x0002be04   0x0002be04   0x00000010   Code   RO         7538    i.nrf_gpio_cfg_output  bsp_led.o
    0x0002be14   0x0002be14   0x00000022   Code   RO         3468    i.nrf_gpio_cfg_sense_set  nrfx_gpiote.o
    0x0002be36   0x0002be36   0x00000002   PAD
    0x0002be38   0x0002be38   0x0000002c   Code   RO         3469    i.nrf_gpio_latches_read_and_clear  nrfx_gpiote.o
    0x0002be64   0x0002be64   0x0000000e   Code   RO         4207    i.nrf_gpio_pin_clear  nrfx_spim.o
    0x0002be72   0x0002be72   0x0000001e   Code   RO         3470    i.nrf_gpio_pin_present_check  nrfx_gpiote.o
    0x0002be90   0x0002be90   0x0000000e   Code   RO         4208    i.nrf_gpio_pin_set  nrfx_spim.o
    0x0002be9e   0x0002be9e   0x00000016   Code   RO          437    i.nrf_gpio_pin_write  boards.o
    0x0002beb4   0x0002beb4   0x00000016   Code   RO         7539    i.nrf_gpio_pin_write  bsp_led.o
    0x0002beca   0x0002beca   0x00000002   PAD
    0x0002becc   0x0002becc   0x00000014   Code   RO         3471    i.nrf_gpiote_event_clear  nrfx_gpiote.o
    0x0002bee0   0x0002bee0   0x00000010   Code   RO         3472    i.nrf_gpiote_event_is_set  nrfx_gpiote.o
    0x0002bef0   0x0002bef0   0x0000005c   Code   RO         6685    i.nrf_log_backend_add  nrf_log_frontend.o
    0x0002bf4c   0x0002bf4c   0x000000c8   Code   RO         6530    i.nrf_log_backend_serial_put  nrf_log_backend_serial.o
    0x0002c014   0x0002c014   0x00000002   Code   RO         6570    i.nrf_log_backend_uart_flush  nrf_log_backend_uart.o
    0x0002c016   0x0002c016   0x00000006   Code   RO         6571    i.nrf_log_backend_uart_init  nrf_log_backend_uart.o
    0x0002c01c   0x0002c01c   0x0000002c   Code   RO         6572    i.nrf_log_backend_uart_panic_set  nrf_log_backend_uart.o
    0x0002c048   0x0002c048   0x00000018   Code   RO         6573    i.nrf_log_backend_uart_put  nrf_log_backend_uart.o
    0x0002c060   0x0002c060   0x00000030   Code   RO         6687    i.nrf_log_color_id_get  nrf_log_frontend.o
    0x0002c090   0x0002c090   0x0000001c   Code   RO         6643    i.nrf_log_default_backends_init  nrf_log_default_backends.o
    0x0002c0ac   0x0002c0ac   0x00000238   Code   RO         6688    i.nrf_log_frontend_dequeue  nrf_log_frontend.o
    0x0002c2e4   0x0002c2e4   0x00000008   Code   RO         6690    i.nrf_log_frontend_std_0  nrf_log_frontend.o
    0x0002c2ec   0x0002c2ec   0x0000000e   Code   RO         6691    i.nrf_log_frontend_std_1  nrf_log_frontend.o
    0x0002c2fa   0x0002c2fa   0x00000010   Code   RO         6692    i.nrf_log_frontend_std_2  nrf_log_frontend.o
    0x0002c30a   0x0002c30a   0x00000012   Code   RO         6693    i.nrf_log_frontend_std_3  nrf_log_frontend.o
    0x0002c31c   0x0002c31c   0x00000014   Code   RO         6694    i.nrf_log_frontend_std_4  nrf_log_frontend.o
    0x0002c330   0x0002c330   0x000000b0   Code   RO         6866    i.nrf_log_hexdump_entry_process  nrf_log_str_formatter.o
    0x0002c3e0   0x0002c3e0   0x00000028   Code   RO         6697    i.nrf_log_init      nrf_log_frontend.o
    0x0002c408   0x0002c408   0x00000014   Code   RO         6698    i.nrf_log_module_cnt_get  nrf_log_frontend.o
    0x0002c41c   0x0002c41c   0x0000001c   Code   RO         6701    i.nrf_log_module_name_get  nrf_log_frontend.o
    0x0002c438   0x0002c438   0x00000028   Code   RO         6702    i.nrf_log_panic     nrf_log_frontend.o
    0x0002c460   0x0002c460   0x000000b6   Code   RO         6867    i.nrf_log_std_entry_process  nrf_log_str_formatter.o
    0x0002c516   0x0002c516   0x00000060   Code   RO         6149    i.nrf_memobj_alloc  nrf_memobj.o
    0x0002c576   0x0002c576   0x00000032   Code   RO         6150    i.nrf_memobj_free   nrf_memobj.o
    0x0002c5a8   0x0002c5a8   0x00000008   Code   RO         6151    i.nrf_memobj_get    nrf_memobj.o
    0x0002c5b0   0x0002c5b0   0x00000004   Code   RO         6152    i.nrf_memobj_pool_init  nrf_memobj.o
    0x0002c5b4   0x0002c5b4   0x0000001e   Code   RO         6153    i.nrf_memobj_put    nrf_memobj.o
    0x0002c5d2   0x0002c5d2   0x00000010   Code   RO         6154    i.nrf_memobj_read   nrf_memobj.o
    0x0002c5e2   0x0002c5e2   0x00000010   Code   RO         6155    i.nrf_memobj_write  nrf_memobj.o
    0x0002c5f2   0x0002c5f2   0x00000002   PAD
    0x0002c5f4   0x0002c5f4   0x00000028   Code   RO         6227    i.nrf_pwr_mgmt_init  nrf_pwr_mgmt.o
    0x0002c61c   0x0002c61c   0x00000044   Code   RO         6228    i.nrf_pwr_mgmt_run  nrf_pwr_mgmt.o
    0x0002c660   0x0002c660   0x00000004   Code   RO           11    i.nrf_qwr_error_handler  main.o
    0x0002c664   0x0002c664   0x0000001c   Code   RO         6301    i.nrf_ringbuf_init  nrf_ringbuf.o
    0x0002c680   0x0002c680   0x0000000c   Code   RO         5049    i.nrf_rtc_event_clear  drv_rtc.o
    0x0002c68c   0x0002c68c   0x00000010   Code   RO         4387    i.nrf_saadc_buffer_init  nrfx_saadc.o
    0x0002c69c   0x0002c69c   0x00000010   Code   RO         4389    i.nrf_saadc_event_check  nrfx_saadc.o
    0x0002c6ac   0x0002c6ac   0x00000014   Code   RO         4390    i.nrf_saadc_event_clear  nrfx_saadc.o
    0x0002c6c0   0x0002c6c0   0x00000014   Code   RO         7401    i.nrf_sdh_ble_app_ram_start_get  nrf_sdh_ble.o
    0x0002c6d4   0x0002c6d4   0x00000100   Code   RO         7402    i.nrf_sdh_ble_default_cfg_set  nrf_sdh_ble.o
    0x0002c7d4   0x0002c7d4   0x00000130   Code   RO         7403    i.nrf_sdh_ble_enable  nrf_sdh_ble.o
    0x0002c904   0x0002c904   0x0000005c   Code   RO         7404    i.nrf_sdh_ble_evts_poll  nrf_sdh_ble.o
    0x0002c960   0x0002c960   0x00000054   Code   RO         7282    i.nrf_sdh_disable_request  nrf_sdh.o
    0x0002c9b4   0x0002c9b4   0x00000074   Code   RO         7283    i.nrf_sdh_enable_request  nrf_sdh.o
    0x0002ca28   0x0002ca28   0x00000024   Code   RO         7284    i.nrf_sdh_evts_poll  nrf_sdh.o
    0x0002ca4c   0x0002ca4c   0x0000000c   Code   RO         7285    i.nrf_sdh_is_enabled  nrf_sdh.o
    0x0002ca58   0x0002ca58   0x0000001c   Code   RO         7287    i.nrf_sdh_request_continue  nrf_sdh.o
    0x0002ca74   0x0002ca74   0x0000003c   Code   RO         7455    i.nrf_sdh_soc_evts_poll  nrf_sdh_soc.o
    0x0002cab0   0x0002cab0   0x0000000a   Code   RO         6359    i.nrf_section_iter_init  nrf_section_iter.o
    0x0002caba   0x0002caba   0x00000024   Code   RO         6360    i.nrf_section_iter_item_set  nrf_section_iter.o
    0x0002cade   0x0002cade   0x00000020   Code   RO         6361    i.nrf_section_iter_next  nrf_section_iter.o
    0x0002cafe   0x0002cafe   0x00000022   Code   RO         6394    i.nrf_sortlist_add  nrf_sortlist.o
    0x0002cb20   0x0002cb20   0x00000006   Code   RO         6396    i.nrf_sortlist_peek  nrf_sortlist.o
    0x0002cb26   0x0002cb26   0x0000000e   Code   RO         6397    i.nrf_sortlist_pop  nrf_sortlist.o
    0x0002cb34   0x0002cb34   0x0000001e   Code   RO         6398    i.nrf_sortlist_remove  nrf_sortlist.o
    0x0002cb52   0x0002cb52   0x0000000a   Code   RO         4209    i.nrf_spim_event_check  nrfx_spim.o
    0x0002cb5c   0x0002cb5c   0x00000038   Code   RO         6450    i.nrf_strerror_find  nrf_strerror.o
    0x0002cb94   0x0002cb94   0x00000014   Code   RO         6451    i.nrf_strerror_get  nrf_strerror.o
    0x0002cba8   0x0002cba8   0x0000000a   Code   RO         3825    i.nrf_uart_event_check  nrfx_uart.o
    0x0002cbb2   0x0002cbb2   0x0000000c   Code   RO         3826    i.nrf_uart_event_clear  nrfx_uart.o
    0x0002cbbe   0x0002cbbe   0x0000000c   Code   RO         3827    i.nrf_uart_int_enable_check  nrfx_uart.o
    0x0002cbca   0x0002cbca   0x0000000a   Code   RO         4014    i.nrf_uarte_event_check  nrfx_uarte.o
    0x0002cbd4   0x0002cbd4   0x0000000c   Code   RO         4015    i.nrf_uarte_event_clear  nrfx_uarte.o
    0x0002cbe0   0x0002cbe0   0x00000010   Code   RO         2992    i.nrf_wdt_started   nrf_drv_clock.o
    0x0002cbf0   0x0002cbf0   0x0000002c   Code   RO         3329    i.nrfx_clock_enable  nrfx_clock.o
    0x0002cc1c   0x0002cc1c   0x00000020   Code   RO         3332    i.nrfx_clock_init   nrfx_clock.o
    0x0002cc3c   0x0002cc3c   0x00000030   Code   RO         3335    i.nrfx_clock_lfclk_stop  nrfx_clock.o
    0x0002cc6c   0x0002cc6c   0x00000010   Code   RO         5050    i.nrfx_coredep_delay_us  drv_rtc.o
    0x0002cc7c   0x0002cc7c   0x000000a0   Code   RO         3478    i.nrfx_gpiote_in_event_enable  nrfx_gpiote.o
    0x0002cd1c   0x0002cd1c   0x000000cc   Code   RO         3480    i.nrfx_gpiote_in_init  nrfx_gpiote.o
    0x0002cde8   0x0002cde8   0x00000014   Code   RO         3481    i.nrfx_gpiote_in_is_set  nrfx_gpiote.o
    0x0002cdfc   0x0002cdfc   0x00000074   Code   RO         3483    i.nrfx_gpiote_init  nrfx_gpiote.o
    0x0002ce70   0x0002ce70   0x00000014   Code   RO         3484    i.nrfx_gpiote_is_init  nrfx_gpiote.o
    0x0002ce84   0x0002ce84   0x00000010   Code   RO         4016    i.nrfx_is_in_ram    nrfx_uarte.o
    0x0002ce94   0x0002ce94   0x00000010   Code   RO         4210    i.nrfx_is_in_ram    nrfx_spim.o
    0x0002cea4   0x0002cea4   0x0000003a   Code   RO         3767    i.nrfx_prs_acquire  nrfx_prs.o
    0x0002cede   0x0002cede   0x00000012   Code   RO         3768    i.nrfx_prs_release  nrfx_prs.o
    0x0002cef0   0x0002cef0   0x0000016c   Code   RO         4213    i.nrfx_spim_init    nrfx_spim.o
    0x0002d05c   0x0002d05c   0x00000064   Code   RO         4216    i.nrfx_spim_xfer    nrfx_spim.o
    0x0002d0c0   0x0002d0c0   0x00000010   Code   RO         3828    i.nrfx_uart_0_irq_handler  nrfx_uart.o
    0x0002d0d0   0x0002d0d0   0x000000d4   Code   RO         3830    i.nrfx_uart_init    nrfx_uart.o
    0x0002d1a4   0x0002d1a4   0x000000a8   Code   RO         3836    i.nrfx_uart_tx      nrfx_uart.o
    0x0002d24c   0x0002d24c   0x00000020   Code   RO         3838    i.nrfx_uart_tx_in_progress  nrfx_uart.o
    0x0002d26c   0x0002d26c   0x000000c0   Code   RO         3839    i.nrfx_uart_uninit  nrfx_uart.o
    0x0002d32c   0x0002d32c   0x00000010   Code   RO         4017    i.nrfx_uarte_0_irq_handler  nrfx_uarte.o
    0x0002d33c   0x0002d33c   0x0000006c   Code   RO         4019    i.nrfx_uarte_init   nrfx_uarte.o
    0x0002d3a8   0x0002d3a8   0x000000ac   Code   RO         4023    i.nrfx_uarte_tx     nrfx_uarte.o
    0x0002d454   0x0002d454   0x0000001c   Code   RO         4025    i.nrfx_uarte_tx_in_progress  nrfx_uarte.o
    0x0002d470   0x0002d470   0x00000108   Code   RO         4026    i.nrfx_uarte_uninit  nrfx_uarte.o
    0x0002d578   0x0002d578   0x00000054   Code   RO           12    i.on_adv_evt        main.o
    0x0002d5cc   0x0002d5cc   0x0000001c   Code   RO           13    i.on_conn_params_evt  main.o
    0x0002d5e8   0x0002d5e8   0x000000a8   Code   RO         1725    i.on_connected_evt  nrf_ble_gatt.o
    0x0002d690   0x0002d690   0x000000ac   Code   RO         1726    i.on_exchange_mtu_request_evt  nrf_ble_gatt.o
    0x0002d73c   0x0002d73c   0x00000024   Code   RO         5228    i.page_identify     fds.o
    0x0002d760   0x0002d760   0x0000001c   Code   RO         5229    i.page_offsets_update  fds.o
    0x0002d77c   0x0002d77c   0x0000006c   Code   RO         5230    i.page_scan         fds.o
    0x0002d7e8   0x0002d7e8   0x0000001c   Code   RO         5231    i.page_tag_write_data  fds.o
    0x0002d804   0x0002d804   0x00000024   Code   RO         5232    i.page_tag_write_swap  fds.o
    0x0002d828   0x0002d828   0x00000130   Code   RO         5233    i.pages_init        fds.o
    0x0002d958   0x0002d958   0x0000000c   Code   RO         2668    i.pairing           security_dispatcher.o
    0x0002d964   0x0002d964   0x00000074   Code   RO         2669    i.pairing_failure   security_dispatcher.o
    0x0002d9d8   0x0002d9d8   0x0000002e   Code   RO         2670    i.pairing_success_evt_send  security_dispatcher.o
    0x0002da06   0x0002da06   0x00000006   Code   RO         2810    i.params_reply_pending_handle  security_manager.o
    0x0002da0c   0x0002da0c   0x00000020   Code   RO         2811    i.params_req_send   security_manager.o
    0x0002da2c   0x0002da2c   0x0000001c   Code   RO         2002    i.pdb_evt_send      peer_database.o
    0x0002da48   0x0002da48   0x00000090   Code   RO         2003    i.pdb_init          peer_database.o
    0x0002dad8   0x0002dad8   0x0000007c   Code   RO         2004    i.pdb_pds_evt_handler  peer_database.o
    0x0002db54   0x0002db54   0x00000006   Code   RO         2005    i.pdb_peer_data_ptr_get  peer_database.o
    0x0002db5a   0x0002db5a   0x00000002   PAD
    0x0002db5c   0x0002db5c   0x0000008c   Code   RO         2006    i.pdb_peer_free     peer_database.o
    0x0002dbe8   0x0002dbe8   0x000000dc   Code   RO         2007    i.pdb_write_buf_get  peer_database.o
    0x0002dcc4   0x0002dcc4   0x00000014   Code   RO         2008    i.pdb_write_buf_release  peer_database.o
    0x0002dcd8   0x0002dcd8   0x00000036   Code   RO         2009    i.pdb_write_buf_store  peer_database.o
    0x0002dd0e   0x0002dd0e   0x00000002   PAD
    0x0002dd10   0x0002dd10   0x00000010   Code   RO         1861    i.pds_evt_send      peer_data_storage.o
    0x0002dd20   0x0002dd20   0x000000dc   Code   RO         1862    i.pds_init          peer_data_storage.o
    0x0002ddfc   0x0002ddfc   0x00000004   Code   RO         1863    i.pds_next_deleted_peer_id_get  peer_data_storage.o
    0x0002de00   0x0002de00   0x00000004   Code   RO         1864    i.pds_next_peer_id_get  peer_data_storage.o
    0x0002de04   0x0002de04   0x00000058   Code   RO         1867    i.pds_peer_data_iterate  peer_data_storage.o
    0x0002de5c   0x0002de5c   0x00000010   Code   RO         1868    i.pds_peer_data_iterate_prepare  peer_data_storage.o
    0x0002de6c   0x0002de6c   0x00000072   Code   RO         1869    i.pds_peer_data_read  peer_data_storage.o
    0x0002dede   0x0002dede   0x00000002   PAD
    0x0002dee0   0x0002dee0   0x000000b4   Code   RO         1870    i.pds_peer_data_store  peer_data_storage.o
    0x0002df94   0x0002df94   0x00000008   Code   RO         1871    i.pds_peer_id_allocate  peer_data_storage.o
    0x0002df9c   0x0002df9c   0x00000016   Code   RO         1872    i.pds_peer_id_free  peer_data_storage.o
    0x0002dfb2   0x0002dfb2   0x00000004   Code   RO         1873    i.pds_peer_id_is_allocated  peer_data_storage.o
    0x0002dfb6   0x0002dfb6   0x00000002   PAD
    0x0002dfb8   0x0002dfb8   0x000000a8   Code   RO         1875    i.peer_data_delete_process  peer_data_storage.o
    0x0002e060   0x0002e060   0x00000030   Code   RO         1876    i.peer_data_find    peer_data_storage.o
    0x0002e090   0x0002e090   0x00000024   Code   RO         1877    i.peer_data_id_is_valid  peer_data_storage.o
    0x0002e0b4   0x0002e0b4   0x0000001a   Code   RO         2010    i.peer_data_point_to_buffer  peer_database.o
    0x0002e0ce   0x0002e0ce   0x00000002   PAD
    0x0002e0d0   0x0002e0d0   0x0000000c   Code   RO         2123    i.peer_id_allocate  peer_id.o
    0x0002e0dc   0x0002e0dc   0x00000024   Code   RO         2124    i.peer_id_delete    peer_id.o
    0x0002e100   0x0002e100   0x0000001c   Code   RO         2125    i.peer_id_free      peer_id.o
    0x0002e11c   0x0002e11c   0x0000000c   Code   RO         2126    i.peer_id_get_next_deleted  peer_id.o
    0x0002e128   0x0002e128   0x00000030   Code   RO         2127    i.peer_id_get_next_used  peer_id.o
    0x0002e158   0x0002e158   0x0000000c   Code   RO         2128    i.peer_id_init      peer_id.o
    0x0002e164   0x0002e164   0x00000014   Code   RO         2129    i.peer_id_is_allocated  peer_id.o
    0x0002e178   0x0002e178   0x00000014   Code   RO         2130    i.peer_id_is_deleted  peer_id.o
    0x0002e18c   0x0002e18c   0x0000006c   Code   RO           14    i.peer_manager_init  main.o
    0x0002e1f8   0x0002e1f8   0x00000012   Code   RO          899    i.phy_is_valid      ble_advertising.o
    0x0002e20a   0x0002e20a   0x00000002   PAD
    0x0002e20c   0x0002e20c   0x0000001c   Code   RO         3502    i.pin_configured_set  nrfx_gpiote.o
    0x0002e228   0x0002e228   0x00000018   Code   RO         3503    i.pin_in_use_by_port  nrfx_gpiote.o
    0x0002e240   0x0002e240   0x00000018   Code   RO         3504    i.pin_in_use_by_te  nrfx_gpiote.o
    0x0002e258   0x0002e258   0x00000064   Code   RO         2615    i.pm_buffer_block_acquire  pm_buffer.o
    0x0002e2bc   0x0002e2bc   0x00000024   Code   RO         2616    i.pm_buffer_init    pm_buffer.o
    0x0002e2e0   0x0002e2e0   0x00000028   Code   RO         2617    i.pm_buffer_ptr_get  pm_buffer.o
    0x0002e308   0x0002e308   0x00000032   Code   RO         2618    i.pm_buffer_release  pm_buffer.o
    0x0002e33a   0x0002e33a   0x00000002   PAD
    0x0002e33c   0x0002e33c   0x00000014   Code   RO         2217    i.pm_conn_sec_status_get  peer_manager.o
    0x0002e350   0x0002e350   0x0000001c   Code   RO         2218    i.pm_conn_secure    peer_manager.o
    0x0002e36c   0x0002e36c   0x00000020   Code   RO           15    i.pm_evt_handler    main.o
    0x0002e38c   0x0002e38c   0x00000004   Code   RO         2220    i.pm_gcm_evt_handler  peer_manager.o
    0x0002e390   0x0002e390   0x00000004   Code   RO         2221    i.pm_gscm_evt_handler  peer_manager.o
    0x0002e394   0x0002e394   0x00000244   Code   RO         2521    i.pm_handler_flash_clean  peer_manager_handler.o
    0x0002e5d8   0x0002e5d8   0x0000001c   Code   RO         2522    i.pm_handler_flash_clean_on_return  peer_manager_handler.o
    0x0002e5f4   0x0002e5f4   0x00000054   Code   RO         2523    i.pm_handler_on_pm_evt  peer_manager_handler.o
    0x0002e648   0x0002e648   0x00000310   Code   RO         2524    i.pm_handler_pm_evt_log  peer_manager_handler.o
    0x0002e958   0x0002e958   0x00000004   Code   RO         2224    i.pm_im_evt_handler  peer_manager.o
    0x0002e95c   0x0002e95c   0x000001bc   Code   RO         2225    i.pm_init           peer_manager.o
    0x0002eb18   0x0002eb18   0x00000118   Code   RO         2229    i.pm_pdb_evt_handler  peer_manager.o
    0x0002ec30   0x0002ec30   0x00000014   Code   RO         2240    i.pm_peer_delete    peer_manager.o
    0x0002ec44   0x0002ec44   0x0000011c   Code   RO         2244    i.pm_peer_rank_highest  peer_manager.o
    0x0002ed60   0x0002ed60   0x000000e8   Code   RO         2245    i.pm_peer_ranks_get  peer_manager.o
    0x0002ee48   0x0002ee48   0x00000094   Code   RO         2246    i.pm_peers_delete   peer_manager.o
    0x0002eedc   0x0002eedc   0x0000002c   Code   RO         2249    i.pm_register       peer_manager.o
    0x0002ef08   0x0002ef08   0x00000014   Code   RO         2251    i.pm_sec_params_set  peer_manager.o
    0x0002ef1c   0x0002ef1c   0x0000000a   Code   RO         2252    i.pm_sm_evt_handler  peer_manager.o
    0x0002ef26   0x0002ef26   0x00000002   PAD
    0x0002ef28   0x0002ef28   0x000000b4   Code   RO         3505    i.port_event_handle  nrfx_gpiote.o
    0x0002efdc   0x0002efdc   0x00000010   Code   RO         3506    i.port_handler_polarity_get  nrfx_gpiote.o
    0x0002efec   0x0002efec   0x0000003c   Code   RO         6869    i.postfix_process   nrf_log_str_formatter.o
    0x0002f028   0x0002f028   0x00000098   Code   RO         6870    i.prefix_process    nrf_log_str_formatter.o
    0x0002f0c0   0x0002f0c0   0x00000018   Code   RO         3769    i.prs_box_get       nrfx_prs.o
    0x0002f0d8   0x0002f0d8   0x0000001c   Code   RO         5234    i.queue_buf_get     fds.o
    0x0002f0f4   0x0002f0f4   0x00000010   Code   RO         5235    i.queue_buf_store   fds.o
    0x0002f104   0x0002f104   0x00000014   Code   RO         6043    i.queue_free        nrf_fstorage_sd.o
    0x0002f118   0x0002f118   0x000000a4   Code   RO         5236    i.queue_process     fds.o
    0x0002f1bc   0x0002f1bc   0x000000a0   Code   RO         6044    i.queue_process     nrf_fstorage_sd.o
    0x0002f25c   0x0002f25c   0x0000001c   Code   RO         5237    i.queue_start       fds.o
    0x0002f278   0x0002f278   0x00000024   Code   RO         6045    i.queue_start       nrf_fstorage_sd.o
    0x0002f29c   0x0002f29c   0x0000001c   Code   RO         2527    i.rank_highest      peer_manager_handler.o
    0x0002f2b8   0x0002f2b8   0x00000034   Code   RO         2255    i.rank_vars_update  peer_manager.o
    0x0002f2ec   0x0002f2ec   0x0000000e   Code   RO         6046    i.read              nrf_fstorage_sd.o
    0x0002f2fa   0x0002f2fa   0x00000002   PAD
    0x0002f2fc   0x0002f2fc   0x000000a8   Code   RO         2011    i.reattempt_previous_operations  peer_database.o
    0x0002f3a4   0x0002f3a4   0x00000090   Code   RO         5238    i.record_find       fds.o
    0x0002f434   0x0002f434   0x000000a0   Code   RO         5239    i.record_find_by_desc  fds.o
    0x0002f4d4   0x0002f4d4   0x0000005c   Code   RO         5240    i.record_find_next  fds.o
    0x0002f530   0x0002f530   0x0000003c   Code   RO         5241    i.record_header_flag_dirty  fds.o
    0x0002f56c   0x0002f56c   0x00000088   Code   RO         5242    i.records_stat      fds.o
    0x0002f5f4   0x0002f5f4   0x00000010   Code   RO         2132    i.release           peer_id.o
    0x0002f604   0x0002f604   0x00000004   Code   RO         6047    i.rmap              nrf_fstorage_sd.o
    0x0002f608   0x0002f608   0x0000005c   Code   RO         4802    i.rtc_irq           app_timer2.o
    0x0002f664   0x0002f664   0x00000064   Code   RO         4803    i.rtc_schedule      app_timer2.o
    0x0002f6c8   0x0002f6c8   0x00000074   Code   RO         4804    i.rtc_update        app_timer2.o
    0x0002f73c   0x0002f73c   0x00000032   Code   RO         3840    i.rx_byte           nrfx_uart.o
    0x0002f76e   0x0002f76e   0x00000016   Code   RO         3841    i.rx_done_event     nrfx_uart.o
    0x0002f784   0x0002f784   0x00000016   Code   RO         4027    i.rx_done_event     nrfx_uarte.o
    0x0002f79a   0x0002f79a   0x00000002   PAD
    0x0002f79c   0x0002f79c   0x00000024   Code   RO         1300    i.sc_send_pending_handle  gatt_cache_manager.o
    0x0002f7c0   0x0002f7c0   0x00000058   Code   RO         2993    i.sd_state_evt_handler  nrf_drv_clock.o
    0x0002f818   0x0002f818   0x00000030   Code   RO         7290    i.sdh_request_observer_notify  nrf_sdh.o
    0x0002f848   0x0002f848   0x0000002c   Code   RO         7291    i.sdh_state_observer_notify  nrf_sdh.o
    0x0002f874   0x0002f874   0x000000d8   Code   RO         2671    i.sec_info_request_process  security_dispatcher.o
    0x0002f94c   0x0002f94c   0x000000f4   Code   RO         2672    i.sec_keyset_fill   security_dispatcher.o
    0x0002fa40   0x0002fa40   0x00000076   Code   RO         2812    i.sec_params_verify  security_manager.o
    0x0002fab6   0x0002fab6   0x00000002   PAD
    0x0002fab8   0x0002fab8   0x00000060   Code   RO         2673    i.sec_proc_start    security_dispatcher.o
    0x0002fb18   0x0002fb18   0x0000005c   Code   RO         2813    i.sec_req_process   security_manager.o
    0x0002fb74   0x0002fb74   0x00000022   Code   RO         2674    i.send_config_req   security_dispatcher.o
    0x0002fb96   0x0002fb96   0x00000002   PAD
    0x0002fb98   0x0002fb98   0x00000010   Code   RO          987    i.send_error_evt    ble_conn_params.o
    0x0002fba8   0x0002fba8   0x00000028   Code   RO         1301    i.send_unexpected_error  gatt_cache_manager.o
    0x0002fbd0   0x0002fbd0   0x00000028   Code   RO         2675    i.send_unexpected_error  security_dispatcher.o
    0x0002fbf8   0x0002fbf8   0x00000040   Code   RO         6574    i.serial_tx         nrf_log_backend_uart.o
    0x0002fc38   0x0002fc38   0x00000014   Code   RO         1302    i.service_changed_pending_flags_check  gatt_cache_manager.o
    0x0002fc4c   0x0002fc4c   0x00000094   Code   RO         1461    i.service_changed_pending_set  gatts_cache_manager.o
    0x0002fce0   0x0002fce0   0x00000168   Code   RO         1303    i.service_changed_send_in_evt  gatt_cache_manager.o
    0x0002fe48   0x0002fe48   0x00000088   Code   RO          792    i.service_data_encode  ble_advdata.o
    0x0002fed0   0x0002fed0   0x00000030   Code   RO         1230    i.set_security_req  ble_srv_common.o
    0x0002ff00   0x0002ff00   0x00000028   Code   RO           16    i.sleep_mode_enter  main.o
    0x0002ff28   0x0002ff28   0x0000002c   Code   RO         2814    i.sm_ble_evt_handler  security_manager.o
    0x0002ff54   0x0002ff54   0x000000a2   Code   RO         2816    i.sm_conn_sec_status_get  security_manager.o
    0x0002fff6   0x0002fff6   0x00000002   PAD
    0x0002fff8   0x0002fff8   0x00000058   Code   RO         2817    i.sm_init           security_manager.o
    0x00030050   0x00030050   0x0000000a   Code   RO         2819    i.sm_link_secure    security_manager.o
    0x0003005a   0x0003005a   0x00000002   PAD
    0x0003005c   0x0003005c   0x00000044   Code   RO         2820    i.sm_pdb_evt_handler  security_manager.o
    0x000300a0   0x000300a0   0x00000028   Code   RO         2821    i.sm_sec_is_sufficient  security_manager.o
    0x000300c8   0x000300c8   0x00000034   Code   RO         2823    i.sm_sec_params_set  security_manager.o
    0x000300fc   0x000300fc   0x0000002c   Code   RO         2824    i.sm_smd_evt_handler  security_manager.o
    0x00030128   0x00030128   0x000000f4   Code   RO         2676    i.smd_ble_evt_handler  security_dispatcher.o
    0x0003021c   0x0003021c   0x00000068   Code   RO         2678    i.smd_init          security_dispatcher.o
    0x00030284   0x00030284   0x00000028   Code   RO         2679    i.smd_link_secure   security_dispatcher.o
    0x000302ac   0x000302ac   0x000000ac   Code   RO         2680    i.smd_params_reply  security_dispatcher.o
    0x00030358   0x00030358   0x00000040   Code   RO         2825    i.smd_params_reply_perform  security_manager.o
    0x00030398   0x00030398   0x00000018   Code   RO         2994    i.soc_evt_handler   nrf_drv_clock.o
    0x000303b0   0x000303b0   0x00000040   Code   RO         7292    i.softdevice_evt_irq_disable  nrf_sdh.o
    0x000303f0   0x000303f0   0x00000058   Code   RO         7293    i.softdevices_evt_irq_enable  nrf_sdh.o
    0x00030448   0x00030448   0x0000000c   Code   RO         4805    i.sortlist_pop      app_timer2.o
    0x00030454   0x00030454   0x0000000c   Code   RO         7655    i.spiCallbackFunc   board_spi.o
    0x00030460   0x00030460   0x00000038   Code   RO         4322    i.spim_evt_handler  nrf_drv_spi.o
    0x00030498   0x00030498   0x000000bc   Code   RO         4217    i.spim_xfer         nrfx_spim.o
    0x00030554   0x00030554   0x00000030   Code   RO         4546    i.state_set         app_button.o
    0x00030584   0x00030584   0x00000094   Code   RO         6704    i.std_n             nrf_log_frontend.o
    0x00030618   0x00030618   0x0000006c   Code   RO         1304    i.store_car_value   gatt_cache_manager.o
    0x00030684   0x00030684   0x00000058   Code   RO         4806    i.timer_expire      app_timer2.o
    0x000306dc   0x000306dc   0x00000078   Code   RO         4807    i.timer_req_process  app_timer2.o
    0x00030754   0x00030754   0x00000038   Code   RO         4808    i.timer_req_schedule  app_timer2.o
    0x0003078c   0x0003078c   0x00000018   Code   RO         4547    i.timer_start       app_button.o
    0x000307a4   0x000307a4   0x00000048   Code   RO         7493    i.timer_testCallback  bsp_timer.o
    0x000307ec   0x000307ec   0x00000020   Code   RO         3843    i.tx_byte           nrfx_uart.o
    0x0003080c   0x0003080c   0x0000001a   Code   RO         3844    i.tx_done_event     nrfx_uart.o
    0x00030826   0x00030826   0x0000001a   Code   RO         4028    i.tx_done_event     nrfx_uarte.o
    0x00030840   0x00030840   0x00000030   Code   RO         3132    i.uart_evt_handler  nrf_drv_uart.o
    0x00030870   0x00030870   0x0000000c   Code   RO         6575    i.uart_evt_handler  nrf_log_backend_uart.o
    0x0003087c   0x0003087c   0x00000050   Code   RO         6576    i.uart_init         nrf_log_backend_uart.o
    0x000308cc   0x000308cc   0x0000012a   Code   RO         3845    i.uart_irq_handler  nrfx_uart.o
    0x000309f6   0x000309f6   0x00000002   PAD
    0x000309f8   0x000309f8   0x00000030   Code   RO         3133    i.uarte_evt_handler  nrf_drv_uart.o
    0x00030a28   0x00030a28   0x00000112   Code   RO         4029    i.uarte_irq_handler  nrfx_uarte.o
    0x00030b3a   0x00030b3a   0x0000000a   Code   RO          793    i.uint16_encode     ble_advdata.o
    0x00030b44   0x00030b44   0x00000020   Code   RO         6048    i.uninit            nrf_fstorage_sd.o
    0x00030b64   0x00030b64   0x000000b4   Code   RO         5912    i.unsigned_print    nrf_fprintf_format.o
    0x00030c18   0x00030c18   0x00000030   Code   RO         1305    i.update_pending_flags_check  gatt_cache_manager.o
    0x00030c48   0x00030c48   0x00000068   Code   RO          988    i.update_timeout_handler  ble_conn_params.o
    0x00030cb0   0x00030cb0   0x00000018   Code   RO          900    i.use_whitelist     ble_advertising.o
    0x00030cc8   0x00030cc8   0x0000000c   Code   RO         1075    i.user_flag_is_acquired  ble_conn_state.o
    0x00030cd4   0x00030cd4   0x00000024   Code   RO         1821    i.user_mem_reply    nrf_ble_qwr.o
    0x00030cf8   0x00030cf8   0x00000020   Code   RO         4548    i.usr_event         app_button.o
    0x00030d18   0x00030d18   0x00000030   Code   RO          794    i.uuid_list_encode  ble_advdata.o
    0x00030d48   0x00030d48   0x0000009e   Code   RO          795    i.uuid_list_sized_encode  ble_advdata.o
    0x00030de6   0x00030de6   0x0000003a   Code   RO          551    i.wakeup_button_cfg  bsp.o
    0x00030e20   0x00030e20   0x00000004   Code   RO         6049    i.wmap              nrf_fstorage_sd.o
    0x00030e24   0x00030e24   0x00000050   Code   RO         6050    i.write             nrf_fstorage_sd.o
    0x00030e74   0x00030e74   0x0000014c   Code   RO         2012    i.write_buf_store   peer_database.o
    0x00030fc0   0x00030fc0   0x00000034   Code   RO         2013    i.write_buffer_record_find  peer_database.o
    0x00030ff4   0x00030ff4   0x00000030   Code   RO         2014    i.write_buffer_record_find_next  peer_database.o
    0x00031024   0x00031024   0x0000001c   Code   RO         2015    i.write_buffer_record_invalidate  peer_database.o
    0x00031040   0x00031040   0x0000002c   Code   RO         2016    i.write_buffer_record_release  peer_database.o
    0x0003106c   0x0003106c   0x000000f4   Code   RO         5243    i.write_enqueue     fds.o
    0x00031160   0x00031160   0x000000f8   Code   RO         5244    i.write_execute     fds.o
    0x00031258   0x00031258   0x00000018   Code   RO         5245    i.write_space_free  fds.o
    0x00031270   0x00031270   0x00000060   Code   RO         5246    i.write_space_reserve  fds.o
    0x000312d0   0x000312d0   0x00000008   Data   RO          438    .constdata          boards.o
    0x000312d8   0x000312d8   0x0000002c   Data   RO          556    .constdata          bsp.o
    0x00031304   0x00031304   0x0000006c   Data   RO         1306    .constdata          gatt_cache_manager.o
    0x00031370   0x00031370   0x00000004   Data   RO         1462    .constdata          gatts_cache_manager.o
    0x00031374   0x00031374   0x00000010   Data   RO         1463    .constdata          gatts_cache_manager.o
    0x00031384   0x00031384   0x00000004   Data   RO         1464    .constdata          gatts_cache_manager.o
    0x00031388   0x00031388   0x00000008   Data   RO         1571    .constdata          id_manager.o
    0x00031390   0x00031390   0x00000016   Data   RO         1727    .constdata          nrf_ble_gatt.o
    0x000313a6   0x000313a6   0x00000002   PAD
    0x000313a8   0x000313a8   0x00000018   Data   RO         1878    .constdata          peer_data_storage.o
    0x000313c0   0x000313c0   0x00000010   Data   RO         2018    .constdata          peer_database.o
    0x000313d0   0x000313d0   0x0000002c   Data   RO         2257    .constdata          peer_manager.o
    0x000313fc   0x000313fc   0x00000014   Data   RO         2530    .constdata          peer_manager_handler.o
    0x00031410   0x00031410   0x00000078   Data   RO         2682    .constdata          security_dispatcher.o
    0x00031488   0x00031488   0x00000008   Data   RO         2826    .constdata          security_manager.o
    0x00031490   0x00031490   0x00000004   Data   RO         3508    .constdata          nrfx_gpiote.o
    0x00031494   0x00031494   0x00000004   Data   RO         3848    .constdata          nrfx_uart.o
    0x00031498   0x00031498   0x00000004   Data   RO         4032    .constdata          nrfx_uarte.o
    0x0003149c   0x0003149c   0x00000004   Data   RO         4220    .constdata          nrfx_spim.o
    0x000314a0   0x000314a0   0x00000010   Data   RO         4324    .constdata          nrf_drv_spi.o
    0x000314b0   0x000314b0   0x00000008   Data   RO         4551    .constdata          app_button.o
    0x000314b8   0x000314b8   0x00000014   Data   RO         4811    .constdata          app_timer2.o
    0x000314cc   0x000314cc   0x00000004   PAD
    0x000314d0   0x000314d0   0x00000006   Data   RO         5051    .constdata          drv_rtc.o
    0x000314d6   0x000314d6   0x00000002   PAD
    0x000314d8   0x000314d8   0x00000018   Data   RO         5249    .constdata          fds.o
    0x000314f0   0x000314f0   0x00000010   Data   RO         5913    .constdata          nrf_fprintf_format.o
    0x00031500   0x00031500   0x0000005e   Data   RO         5959    .constdata          nrf_fstorage.o
    0x0003155e   0x0003155e   0x00000002   PAD
    0x00031560   0x00031560   0x00000010   Data   RO         6053    .constdata          nrf_fstorage_sd.o
    0x00031570   0x00031570   0x00000020   Data   RO         6054    .constdata          nrf_fstorage_sd.o
    0x00031590   0x00031590   0x00000018   Data   RO         6232    .constdata          nrf_pwr_mgmt.o
    0x000315a8   0x000315a8   0x0000000c   Data   RO         6233    .constdata          nrf_pwr_mgmt.o
    0x000315b4   0x000315b4   0x0000013c   Data   RO         6452    .constdata          nrf_strerror.o
    0x000316f0   0x000316f0   0x0000000c   Data   RO         6578    .constdata          nrf_log_backend_uart.o
    0x000316fc   0x000316fc   0x00000020   Data   RO         6579    .constdata          nrf_log_backend_uart.o
    0x0003171c   0x0003171c   0x0000000c   Data   RO         6709    .constdata          nrf_log_frontend.o
    0x00031728   0x00031728   0x00000010   Data   RO         7294    .constdata          nrf_sdh.o
    0x00031738   0x00031738   0x00000028   Data   RO         7295    .constdata          nrf_sdh.o
    0x00031760   0x00031760   0x00000010   Data   RO         7296    .constdata          nrf_sdh.o
    0x00031770   0x00031770   0x00000010   Data   RO         7297    .constdata          nrf_sdh.o
    0x00031780   0x00031780   0x00000020   Data   RO         7405    .constdata          nrf_sdh_ble.o
    0x000317a0   0x000317a0   0x00000010   Data   RO         7406    .constdata          nrf_sdh_ble.o
    0x000317b0   0x000317b0   0x00000010   Data   RO         7456    .constdata          nrf_sdh_soc.o
    0x000317c0   0x000317c0   0x0000000c   Data   RO         7457    .constdata          nrf_sdh_soc.o
    0x000317cc   0x000317cc   0x00000004   Data   RO         7495    .constdata          bsp_timer.o
    0x000317d0   0x000317d0   0x00000030   Data   RO         7656    .constdata          board_spi.o
    0x00031800   0x00031800   0x00000081   Data   RO         7908    .constdata          mc_w.l(ctype_o.o)
    0x00031881   0x00031881   0x00000003   PAD
    0x00031884   0x00031884   0x00000004   Data   RO         7909    .constdata          mc_w.l(ctype_o.o)
    0x00031888   0x00031888   0x000001a4   Data   RO         1307    .conststring        gatt_cache_manager.o
    0x00031a2c   0x00031a2c   0x0000019c   Data   RO         1465    .conststring        gatts_cache_manager.o
    0x00031bc8   0x00031bc8   0x000000a2   Data   RO         1728    .conststring        nrf_ble_gatt.o
    0x00031c6a   0x00031c6a   0x00000002   PAD
    0x00031c6c   0x00031c6c   0x000000e8   Data   RO         1879    .conststring        peer_data_storage.o
    0x00031d54   0x00031d54   0x00000180   Data   RO         2019    .conststring        peer_database.o
    0x00031ed4   0x00031ed4   0x00000090   Data   RO         2258    .conststring        peer_manager.o
    0x00031f64   0x00031f64   0x0000030f   Data   RO         2531    .conststring        peer_manager_handler.o
    0x00032273   0x00032273   0x00000001   PAD
    0x00032274   0x00032274   0x000002b2   Data   RO         2683    .conststring        security_dispatcher.o
    0x00032526   0x00032526   0x00000002   PAD
    0x00032528   0x00032528   0x0000017b   Data   RO         2827    .conststring        security_manager.o
    0x000326a3   0x000326a3   0x00000001   PAD
    0x000326a4   0x000326a4   0x0000004f   Data   RO         5960    .conststring        nrf_fstorage.o
    0x000326f3   0x000326f3   0x00000001   PAD
    0x000326f4   0x000326f4   0x000003eb   Data   RO         6453    .conststring        nrf_strerror.o
    0x00032adf   0x00032adf   0x00000001   PAD
    0x00032ae0   0x00032ae0   0x00000066   Data   RO         6871    .conststring        nrf_log_str_formatter.o
    0x00032b46   0x00032b46   0x00000002   PAD
    0x00032b48   0x00032b48   0x00000188   Data   RO         7407    .conststring        nrf_sdh_ble.o
    0x00032cd0   0x00032cd0   0x00000011   Data   RO         1308    .conststrlit        gatt_cache_manager.o
    0x00032ce1   0x00032ce1   0x00000003   PAD
    0x00032ce4   0x00032ce4   0x00000012   Data   RO         1466    .conststrlit        gatts_cache_manager.o
    0x00032cf6   0x00032cf6   0x00000002   PAD
    0x00032cf8   0x00032cf8   0x00000010   Data   RO         1573    .conststrlit        id_manager.o
    0x00032d08   0x00032d08   0x0000000d   Data   RO         1729    .conststrlit        nrf_ble_gatt.o
    0x00032d15   0x00032d15   0x00000003   PAD
    0x00032d18   0x00032d18   0x00000011   Data   RO         1880    .conststrlit        peer_data_storage.o
    0x00032d29   0x00032d29   0x00000003   PAD
    0x00032d2c   0x00032d2c   0x00000011   Data   RO         2020    .conststrlit        peer_database.o
    0x00032d3d   0x00032d3d   0x00000003   PAD
    0x00032d40   0x00032d40   0x0000000d   Data   RO         2259    .conststrlit        peer_manager.o
    0x00032d4d   0x00032d4d   0x00000003   PAD
    0x00032d50   0x00032d50   0x00000015   Data   RO         2534    .conststrlit        peer_manager_handler.o
    0x00032d65   0x00032d65   0x00000003   PAD
    0x00032d68   0x00032d68   0x00000011   Data   RO         2684    .conststrlit        security_dispatcher.o
    0x00032d79   0x00032d79   0x00000003   PAD
    0x00032d7c   0x00032d7c   0x00000010   Data   RO         2828    .conststrlit        security_manager.o
    0x00032d8c   0x00032d8c   0x00000006   Data   RO         3000    .conststrlit        nrf_drv_clock.o
    0x00032d92   0x00032d92   0x00000002   PAD
    0x00032d94   0x00032d94   0x00000006   Data   RO         3339    .conststrlit        nrfx_clock.o
    0x00032d9a   0x00032d9a   0x00000002   PAD
    0x00032d9c   0x00032d9c   0x00000007   Data   RO         3512    .conststrlit        nrfx_gpiote.o
    0x00032da3   0x00032da3   0x00000001   PAD
    0x00032da4   0x00032da4   0x00000004   Data   RO         3771    .conststrlit        nrfx_prs.o
    0x00032da8   0x00032da8   0x00000005   Data   RO         3851    .conststrlit        nrfx_uart.o
    0x00032dad   0x00032dad   0x00000003   PAD
    0x00032db0   0x00032db0   0x00000006   Data   RO         4035    .conststrlit        nrfx_uarte.o
    0x00032db6   0x00032db6   0x00000002   PAD
    0x00032db8   0x00032db8   0x00000005   Data   RO         4223    .conststrlit        nrfx_spim.o
    0x00032dbd   0x00032dbd   0x00000003   PAD
    0x00032dc0   0x00032dc0   0x00000006   Data   RO         4414    .conststrlit        nrfx_saadc.o
    0x00032dc6   0x00032dc6   0x00000002   PAD
    0x00032dc8   0x00032dc8   0x0000000b   Data   RO         4552    .conststrlit        app_button.o
    0x00032dd3   0x00032dd3   0x00000001   PAD
    0x00032dd4   0x00032dd4   0x0000000a   Data   RO         4812    .conststrlit        app_timer2.o
    0x00032dde   0x00032dde   0x00000002   PAD
    0x00032de0   0x00032de0   0x0000000d   Data   RO         5961    .conststrlit        nrf_fstorage.o
    0x00032ded   0x00032ded   0x00000003   PAD
    0x00032df0   0x00032df0   0x00000009   Data   RO         6234    .conststrlit        nrf_pwr_mgmt.o
    0x00032df9   0x00032df9   0x00000003   PAD
    0x00032dfc   0x00032dfc   0x00000009   Data   RO         6399    .conststrlit        nrf_sortlist.o
    0x00032e05   0x00032e05   0x00000003   PAD
    0x00032e08   0x00032e08   0x00000011   Data   RO         6644    .conststrlit        nrf_log_default_backends.o
    0x00032e19   0x00032e19   0x00000003   PAD
    0x00032e1c   0x00032e1c   0x00000004   Data   RO         6710    .conststrlit        nrf_log_frontend.o
    0x00032e20   0x00032e20   0x00000008   Data   RO         7298    .conststrlit        nrf_sdh.o
    0x00032e28   0x00032e28   0x0000000c   Data   RO         7408    .conststrlit        nrf_sdh_ble.o
    0x00032e34   0x00032e34   0x0000000c   Data   RO         7458    .conststrlit        nrf_sdh_soc.o
    0x00032e40   0x00032e40   0x00000020   Data   RO         8281    Region$$Table       anon$$obj.o
    0x00032e60   0x00032e60   0x00000010   Data   RO         6646    log_backends        nrf_log_default_backends.o
    0x00032e70   0x00032e70   0x00000008   Data   RO         1310    log_const_data      gatt_cache_manager.o
    0x00032e78   0x00032e78   0x00000008   Data   RO         1468    log_const_data      gatts_cache_manager.o
    0x00032e80   0x00032e80   0x00000008   Data   RO         1575    log_const_data      id_manager.o
    0x00032e88   0x00032e88   0x00000008   Data   RO         1730    log_const_data      nrf_ble_gatt.o
    0x00032e90   0x00032e90   0x00000008   Data   RO         1882    log_const_data      peer_data_storage.o
    0x00032e98   0x00032e98   0x00000008   Data   RO         2022    log_const_data      peer_database.o
    0x00032ea0   0x00032ea0   0x00000008   Data   RO         2261    log_const_data      peer_manager.o
    0x00032ea8   0x00032ea8   0x00000008   Data   RO         2537    log_const_data      peer_manager_handler.o
    0x00032eb0   0x00032eb0   0x00000008   Data   RO         2686    log_const_data      security_dispatcher.o
    0x00032eb8   0x00032eb8   0x00000008   Data   RO         2830    log_const_data      security_manager.o
    0x00032ec0   0x00032ec0   0x00000008   Data   RO         3001    log_const_data      nrf_drv_clock.o
    0x00032ec8   0x00032ec8   0x00000008   Data   RO         3341    log_const_data      nrfx_clock.o
    0x00032ed0   0x00032ed0   0x00000008   Data   RO         3513    log_const_data      nrfx_gpiote.o
    0x00032ed8   0x00032ed8   0x00000008   Data   RO         3773    log_const_data      nrfx_prs.o
    0x00032ee0   0x00032ee0   0x00000008   Data   RO         3852    log_const_data      nrfx_uart.o
    0x00032ee8   0x00032ee8   0x00000008   Data   RO         4036    log_const_data      nrfx_uarte.o
    0x00032ef0   0x00032ef0   0x00000008   Data   RO         4224    log_const_data      nrfx_spim.o
    0x00032ef8   0x00032ef8   0x00000008   Data   RO         4415    log_const_data      nrfx_saadc.o
    0x00032f00   0x00032f00   0x00000008   Data   RO         4554    log_const_data      app_button.o
    0x00032f08   0x00032f08   0x00000008   Data   RO         4815    log_const_data      app_timer2.o
    0x00032f10   0x00032f10   0x00000008   Data   RO         5962    log_const_data      nrf_fstorage.o
    0x00032f18   0x00032f18   0x00000008   Data   RO         6236    log_const_data      nrf_pwr_mgmt.o
    0x00032f20   0x00032f20   0x00000008   Data   RO         6400    log_const_data      nrf_sortlist.o
    0x00032f28   0x00032f28   0x00000008   Data   RO         6714    log_const_data      nrf_log_frontend.o
    0x00032f30   0x00032f30   0x00000008   Data   RO         7300    log_const_data      nrf_sdh.o
    0x00032f38   0x00032f38   0x00000008   Data   RO         7410    log_const_data      nrf_sdh_ble.o
    0x00032f40   0x00032f40   0x00000008   Data   RO         7459    log_const_data      nrf_sdh_soc.o
    0x00032f48   0x00032f48   0x00000014   Data   RO         6715    nrf_balloc          nrf_log_frontend.o
    0x00032f5c   0x00032f5c   0x00000008   Data   RO         1077    sdh_ble_observers0  ble_conn_state.o
    0x00032f64   0x00032f64   0x00000010   Data   RO           19    sdh_ble_observers1  main.o
    0x00032f74   0x00032f74   0x00000008   Data   RO          659    sdh_ble_observers1  bsp_btn_ble.o
    0x00032f7c   0x00032f7c   0x00000008   Data   RO          991    sdh_ble_observers1  ble_conn_params.o
    0x00032f84   0x00032f84   0x00000008   Data   RO         2262    sdh_ble_observers1  peer_manager.o
    0x00032f8c   0x00032f8c   0x00000010   Data   RO           20    sdh_ble_observers2  main.o
    0x00032f9c   0x00032f9c   0x00000008   Data   RO           21    sdh_ble_observers3  main.o
    0x00032fa4   0x00032fa4   0x00000008   Data   RO         6056    sdh_req_observers0  nrf_fstorage_sd.o
    0x00032fac   0x00032fac   0x00000008   Data   RO         3002    sdh_soc_observers0  nrf_drv_clock.o
    0x00032fb4   0x00032fb4   0x00000008   Data   RO         6057    sdh_soc_observers0  nrf_fstorage_sd.o
    0x00032fbc   0x00032fbc   0x00000008   Data   RO         7411    sdh_stack_observers0  nrf_sdh_ble.o
    0x00032fc4   0x00032fc4   0x00000008   Data   RO         7460    sdh_stack_observers0  nrf_sdh_soc.o
    0x00032fcc   0x00032fcc   0x00000008   Data   RO         3003    sdh_state_observers0  nrf_drv_clock.o
    0x00032fd4   0x00032fd4   0x00000008   Data   RO         6058    sdh_state_observers0  nrf_fstorage_sd.o


    Execution Region RW_IRAM1 (Exec base: 0x20002250, Load base: 0x00032fdc, Size: 0x00003440, Max: 0x0000ddb0, ABSOLUTE, COMPRESSED[0x000000a0])

    Exec Addr    Load Addr    Size         Type   Attr      Idx    E Section Name        Object

    0x20002250   COMPRESSED   0x0000000a   Data   RW           18    .data               main.o
    0x2000225a   COMPRESSED   0x00000002   PAD
    0x2000225c   COMPRESSED   0x00000010   Data   RW          557    .data               bsp.o
    0x2000226c   COMPRESSED   0x00000008   Data   RW          658    .data               bsp_btn_ble.o
    0x20002274   COMPRESSED   0x00000008   Data   RW          990    .data               ble_conn_params.o
    0x2000227c   COMPRESSED   0x00000010   Data   RW         1309    .data               gatt_cache_manager.o
    0x2000228c   COMPRESSED   0x0000000c   Data   RW         1467    .data               gatts_cache_manager.o
    0x20002298   COMPRESSED   0x0000000c   Data   RW         1881    .data               peer_data_storage.o
    0x200022a4   COMPRESSED   0x00000008   Data   RW         2021    .data               peer_database.o
    0x200022ac   COMPRESSED   0x00000010   Data   RW         2260    .data               peer_manager.o
    0x200022bc   COMPRESSED   0x00000060   Data   RW         2535    .data               peer_manager_handler.o
    0x2000231c   COMPRESSED   0x00000005   Data   RW         2685    .data               security_dispatcher.o
    0x20002321   COMPRESSED   0x00000003   PAD
    0x20002324   COMPRESSED   0x00000015   Data   RW         2829    .data               security_manager.o
    0x20002339   COMPRESSED   0x00000003   PAD
    0x2000233c   COMPRESSED   0x0000000c   Data   RW         3134    .data               nrf_drv_uart.o
    0x20002348   COMPRESSED   0x00000008   Data   RW         3340    .data               nrfx_clock.o
    0x20002350   COMPRESSED   0x00000008   Data   RW         3772    .data               nrfx_prs.o
    0x20002358   COMPRESSED   0x00000018   Data   RW         4553    .data               app_button.o
    0x20002370   COMPRESSED   0x00000020   Data   RW         4813    .data               app_timer2.o
    0x20002390   COMPRESSED   0x00000004   Data   RW         4814    .data               app_timer2.o
    0x20002394   COMPRESSED   0x0000000c   Data   RW         5052    .data               drv_rtc.o
    0x200023a0   COMPRESSED   0x00000030   Data   RW         5250    .data               fds.o
    0x200023d0   COMPRESSED   0x00000008   Data   RW         6055    .data               nrf_fstorage_sd.o
    0x200023d8   COMPRESSED   0x00000008   Data   RW         6235    .data               nrf_pwr_mgmt.o
    0x200023e0   COMPRESSED   0x00000018   Data   RW         6580    .data               nrf_log_backend_uart.o
    0x200023f8   COMPRESSED   0x00000008   Data   RW         6645    .data               nrf_log_default_backends.o
    0x20002400   COMPRESSED   0x00000004   Data   RW         6711    .data               nrf_log_frontend.o
    0x20002404   COMPRESSED   0x00000008   Data   RW         6712    .data               nrf_log_frontend.o
    0x2000240c   COMPRESSED   0x00000008   Data   RW         6713    .data               nrf_log_frontend.o
    0x20002414   COMPRESSED   0x00000040   Data   RW         6872    .data               nrf_log_str_formatter.o
    0x20002454   COMPRESSED   0x00000003   Data   RW         7299    .data               nrf_sdh.o
    0x20002457   COMPRESSED   0x00000001   Data   RW         7409    .data               nrf_sdh_ble.o
    0x20002458   COMPRESSED   0x00000001   Data   RW         7657    .data               board_spi.o
    0x20002459   COMPRESSED   0x00000003   PAD
    0x2000245c   COMPRESSED   0x00000004   Data   RW         7849    .data               system_nrf52.o
    0x20002460   COMPRESSED   0x00000014   Data   RW         5251    fs_data             fds.o
    0x20002474        -       0x000004a4   Zero   RW           17    .bss                main.o
    0x20002918        -       0x00000020   Zero   RW          552    .bss                bsp.o
    0x20002938        -       0x00000020   Zero   RW          553    .bss                bsp.o
    0x20002958        -       0x0000000c   Zero   RW          554    .bss                bsp.o
    0x20002964   COMPRESSED   0x00000004   PAD
    0x20002968        -       0x00000020   Zero   RW          555    .bss                bsp.o
    0x20002988        -       0x00000050   Zero   RW          989    .bss                ble_conn_params.o
    0x200029d8        -       0x0000007c   Zero   RW         1076    .bss                ble_conn_state.o
    0x20002a54        -       0x000000d8   Zero   RW         1570    .bss                id_manager.o
    0x20002b2c        -       0x00000180   Zero   RW         2017    .bss                peer_database.o
    0x20002cac        -       0x00000040   Zero   RW         2133    .bss                peer_id.o
    0x20002cec        -       0x0000000c   Zero   RW         2256    .bss                peer_manager.o
    0x20002cf8        -       0x00000040   Zero   RW         2681    .bss                security_dispatcher.o
    0x20002d38        -       0x00000014   Zero   RW         2995    .bss                nrf_drv_clock.o
    0x20002d4c        -       0x0000005c   Zero   RW         3507    .bss                nrfx_gpiote.o
    0x20002da8        -       0x0000002c   Zero   RW         3846    .bss                nrfx_uart.o
    0x20002dd4        -       0x00000024   Zero   RW         4030    .bss                nrfx_uarte.o
    0x20002df8        -       0x00000024   Zero   RW         4218    .bss                nrfx_spim.o
    0x20002e1c        -       0x00000018   Zero   RW         4323    .bss                nrf_drv_spi.o
    0x20002e34        -       0x00000030   Zero   RW         4405    .bss                nrfx_saadc.o
    0x20002e64   COMPRESSED   0x00000004   PAD
    0x20002e68        -       0x00000020   Zero   RW         4549    .bss                app_button.o
    0x20002e88        -       0x00000010   Zero   RW         4550    .bss                app_button.o
    0x20002e98        -       0x00000010   Zero   RW         4809    .bss                app_timer2.o
    0x20002ea8        -       0x00000058   Zero   RW         4810    .bss                app_timer2.o
    0x20002f00        -       0x0000000c   Zero   RW         4939    .bss                app_util_platform.o
    0x20002f0c        -       0x00000010   Zero   RW         5247    .bss                fds.o
    0x20002f1c        -       0x000000e0   Zero   RW         5248    .bss                fds.o
    0x20002ffc        -       0x00000010   Zero   RW         6051    .bss                nrf_fstorage_sd.o
    0x2000300c        -       0x000000a0   Zero   RW         6052    .bss                nrf_fstorage_sd.o
    0x200030ac        -       0x0000000c   Zero   RW         6231    .bss                nrf_pwr_mgmt.o
    0x200030b8        -       0x00000040   Zero   RW         6577    .bss                nrf_log_backend_uart.o
    0x200030f8        -       0x000000c0   Zero   RW         6705    .bss                nrf_log_frontend.o
    0x200031b8        -       0x00000080   Zero   RW         6706    .bss                nrf_log_frontend.o
    0x20003238        -       0x00000018   Zero   RW         6707    .bss                nrf_log_frontend.o
    0x20003250        -       0x00000420   Zero   RW         6708    .bss                nrf_log_frontend.o
    0x20003670        -       0x00000020   Zero   RW         7494    .bss                bsp_timer.o
    0x20003690        -       0x00002000   Zero   RW         7837    STACK               arm_startup_nrf52.o


==============================================================================

Image component sizes


      Code (inc. data)   RO Data    RW Data    ZI Data      Debug   Object Name

       664         66         27         24         48      17562   app_button.o
        22          0          0          0          0       2489   app_error.o
       132         46          0          0          0      34097   app_error_weak.o
         0          0          0          0          0      37158   app_scheduler.o
       846         88         38         36        104      16361   app_timer2.o
       124         14          0          0         12      10614   app_util_platform.o
        36          8        512          0       8192        912   arm_startup_nrf52.o
      1338          0          0          0          0      53208   ble_advdata.o
      1076          6          0          0          0      10879   ble_advertising.o
       636         44          8          8         80       9183   ble_conn_params.o
       772         62          8          0        124      15405   ble_conn_state.o
       444          0          0          0          0       6244   ble_hrs.o
       456          6          0          0          0       3311   ble_srv_common.o
       160         26         48          1          0      10619   board_spi.o
       358         40          8          0          0      14187   boards.o
       990         86         44         16        108      15735   bsp.o
       252         10          8          8          0       4716   bsp_btn_ble.o
        58          0          0          0          0       5769   bsp_led.o
       112         48          4          0         32       2555   bsp_timer.o
       704         76          6         12          0      47725   drv_rtc.o
      3872        348         24         68        240      49998   fds.o
      2152        552        553         16          0      33503   gatt_cache_manager.o
       686         84        462         12          0      16427   gatts_cache_manager.o
       946         34         32          0        216      16800   id_manager.o
      1344        282         40         10       1188     197154   main.o
       342          0          0          0          0       6590   nrf_atfifo.o
       170          0          0          0          0       4732   nrf_atflags.o
       332          0          0          0          0       9946   nrf_atomic.o
       164          0          0          0          0       3576   nrf_balloc.o
       922        272        205          0          0      37007   nrf_ble_gatt.o
       276          0          0          0          0       4633   nrf_ble_qwr.o
       312         36         30          0         20      43472   nrf_drv_clock.o
       168         18         16          0         24      15463   nrf_drv_spi.o
       200         26          0         12          0      17676   nrf_drv_uart.o
        50          0          0          0          0       3473   nrf_fprintf.o
       866          4         16          0          0       6478   nrf_fprintf_format.o
       972        432        194          0          0       7896   nrf_fstorage.o
       798         82         72          8        176      15751   nrf_fstorage_sd.o
       200          0          0          0          0      11541   nrf_log_backend_serial.o
       232         44         44         24         64      15726   nrf_log_backend_uart.o
        28          4         33          8          0       3297   nrf_log_default_backends.o
      1516        128         44         20       1400      31140   nrf_log_frontend.o
       570        108        102         64          0       5568   nrf_log_str_formatter.o
       346          0          0          0          0       9439   nrf_memobj.o
       108         16         53          8         12      39970   nrf_pwr_mgmt.o
        28          0          0          0          0       2327   nrf_ringbuf.o
       560         60        104          3          0      45096   nrf_sdh.o
       672        232        468          1          0       5777   nrf_sdh_ble.o
        60          4         56          0          0       2424   nrf_sdh_soc.o
        78          0          0          0          0       2724   nrf_section_iter.o
        84          0         17          0          0       4021   nrf_sortlist.o
        76         10       1319          0          0       2683   nrf_strerror.o
       242         32         14          8          0      46892   nrfx_clock.o
      1296        104         19          0         92      65585   nrfx_gpiote.o
       112         16         12          8          0       4408   nrfx_prs.o
       380         22         14          0         48      13998   nrfx_saadc.o
       846         22         17          0         36      21150   nrfx_spim.o
      1310         42         17          0         44      30221   nrfx_uart.o
      1312         42         18          0         36      25727   nrfx_uarte.o
      1172        144        281         12          0      17974   peer_data_storage.o
      1434        260        425          8        384      19230   peer_database.o
       314         38          0          0         64       8959   peer_id.o
      1678        454        217         16         12      19591   peer_manager.o
      1824        842        832         96          0       9236   peer_manager_handler.o
       234          0          0          0          0       5355   pm_buffer.o
      1944        268        835          5         64      26611   security_dispatcher.o
      1372        122        411         21          0      54142   security_manager.o
       920         72          0          4          0      13399   system_nrf52.o

    ----------------------------------------------------------------------
     44782       5882       7812        548      12828    1373515   Object Totals
         0          0         32          0          0          0   (incl. Generated)
        82          0         73         11          8          0   (incl. Padding)

    ----------------------------------------------------------------------

      Code (inc. data)   RO Data    RW Data    ZI Data      Debug   Library Member Name

        86          0          0          0          0          0   __dczerorl2.o
         8          4        133          0          0         68   ctype_o.o
         0          0          0          0          0          0   entry.o
         0          0          0          0          0          0   entry10a.o
         0          0          0          0          0          0   entry11a.o
         8          4          0          0          0          0   entry2.o
         4          0          0          0          0          0   entry5.o
         0          0          0          0          0          0   entry7b.o
         0          0          0          0          0          0   entry8b.o
         8          4          0          0          0          0   entry9a.o
        30          0          0          0          0          0   handlers.o
        36          8          0          0          0         68   init.o
        30          0          0          0          0         68   llshl.o
        32          0          0          0          0         68   llushr.o
        26          0          0          0          0         80   memcmp.o
        64          0          0          0          0         76   memmovea.o
        36          0          0          0          0        108   memseta.o
        14          0          0          0          0         68   strlen.o
        98          0          0          0          0         92   uldiv.o

    ----------------------------------------------------------------------
       482         20        136          0          0        696   Library Totals
         2          0          3          0          0          0   (incl. Padding)

    ----------------------------------------------------------------------

      Code (inc. data)   RO Data    RW Data    ZI Data      Debug   Library Name

       480         20        133          0          0        696   mc_w.l

    ----------------------------------------------------------------------
       482         20        136          0          0        696   Library Totals

    ----------------------------------------------------------------------

==============================================================================


      Code (inc. data)   RO Data    RW Data    ZI Data      Debug   

     45264       5902       7948        548      12828    1318487   Grand Totals
     45264       5902       7948        160      12828    1318487   ELF Image Totals (compressed)
     45264       5902       7948        160          0          0   ROM Totals

==============================================================================

    Total RO  Size (Code + RO Data)                53212 (  51.96kB)
    Total RW  Size (RW Data + ZI Data)             13376 (  13.06kB)
    Total ROM Size (Code + RO Data + RW Data)      53372 (  52.12kB)

==============================================================================

