<html>
<body>
<pre>
<h1>µVision Build Log</h1>
<h2>Tool Versions:</h2>
IDE-Version: ¦ÌVision V5.31.0.0
Copyright (C) 2020 ARM Ltd and ARM Germany GmbH. All rights reserved.
License Information: CP CP, CP, LIC=LJWQD-8FB75-HR3XN-Y6X1N-BKKDN-G5BAZ
 
Tool Versions:
Toolchain:       MDK-ARM Professional  Version: 5.31.0.0
Toolchain Path:  C:\Keil_v5\ARM\ARMCC\Bin
C Compiler:      Armcc.exe V5.06 update 6 (build 750)
Assembler:       Armasm.exe V5.06 update 6 (build 750)
Linker/Locator:  ArmLink.exe V5.06 update 6 (build 750)
Library Manager: ArmAr.exe V5.06 update 6 (build 750)
Hex Converter:   FromElf.exe V5.06 update 6 (build 750)
CPU DLL:         
Dialog DLL:      
Target DLL:      Segger\JL2CM3.dll V2.99.38.0
Dialog DLL:      TCM.DLL V1.46.0.0
 
<h2>Project:</h2>
E:\NRF\nRF5_SDK_17.0.0_9d13099\examples\nfc\record_url\pca10040\blank\arm5_no_packs\nfc_url_record_pca10040.uvprojx
Project File Date:  09/11/2020

<h2>Output:</h2>
*** Using Compiler 'V5.06 update 6 (build 750)', folder: 'C:\Keil_v5\ARM\ARMCC\Bin'
Rebuild target 'nrf52832_xxaa'
compiling nrf_nvic.c...
compiling nrf_soc.c...
compiling nrfx_atomic.c...
compiling boards.c...
compiling nrfx_prs.c...
compiling nrf_drv_uart.c...
compiling nrf_drv_clock.c...
compiling nrfx_clock.c...
compiling nrfx_timer.c...
compiling main.c...
compiling nrfx_nfct.c...
compiling nrfx_uart.c...
compiling app_util_platform.c...
compiling nrfx_uarte.c...
compiling app_error.c...
compiling nrf_assert.c...
compiling hardfault_handler_keil.c...
compiling app_error_handler_keil.c...
compiling app_fifo.c...
compiling app_error_weak.c...
compiling hardfault_implementation.c...
compiling app_uart_fifo.c...
compiling nrf_log_backend_rtt.c...
compiling nrf_atomic.c...
compiling nrf_fprintf_format.c...
compiling nrf_fprintf.c...
compiling nrf_strerror.c...
compiling nrf_ringbuf.c...
compiling nrf_memobj.c...
compiling nrf_balloc.c...
compiling nrf_log_default_backends.c...
compiling nrf_log_backend_serial.c...
compiling nrf_log_backend_uart.c...
assembling arm_startup_nrf52.s...
compiling nfc_ndef_msg.c...
compiling nfc_uri_rec.c...
compiling nfc_ndef_record.c...
compiling SEGGER_RTT_Syscalls_KEIL.c...
compiling SEGGER_RTT_printf.c...
compiling nfc_uri_msg.c...
compiling nrf_log_str_formatter.c...
compiling SEGGER_RTT.c...
compiling system_nrf52.c...
compiling nfc_platform.c...
compiling nrf_log_frontend.c...
linking...
Program Size: Code=14196 RO-data=2532 RW-data=332 ZI-data=10180  
FromELF: creating hex file...
".\_build\nrf52832_xxaa.axf" - 0 Error(s), 0 Warning(s).

<h2>Software Packages used:</h2>

Package Vendor: ARM
                http://www.keil.com/pack/ARM.CMSIS.5.6.0.pack
                ARM.CMSIS.5.6.0
                CMSIS (Cortex Microcontroller Software Interface Standard)
   * Component: CORE Version: 5.3.0

Package Vendor: NordicSemiconductor
                http://developer.nordicsemi.com/nRF5_SDK/pieces/nRF_DeviceFamilyPack/NordicSemiconductor.nRF_DeviceFamilyPack.8.32.1.pack
                NordicSemiconductor.nRF_DeviceFamilyPack.8.32.1
                Nordic Semiconductor nRF ARM devices Device Family Pack with BSD license.
   * Component: Startup Version: 8.32.1

<h2>Collection of Component include folders:</h2>
  .\RTE\_nrf52832_xxaa
  C:\Users\24716\AppData\Local\Arm\Packs\ARM\CMSIS\5.6.0\CMSIS\Core\Include
  C:\Users\24716\AppData\Local\Arm\Packs\NordicSemiconductor\nRF_DeviceFamilyPack\8.32.1\Device\Include

<h2>Collection of Component Files used:</h2>

   * Component: ARM::CMSIS:CORE:5.3.0

   * Component: NordicSemiconductor::Device:Startup:8.32.1
      Source file:   Device\Source\system_nrf52.c
      Include file:  Device\Include\system_nrf52.h
      Include file:  Device\Include\system_nrf.h
      Source file:   Device\Source\arm\arm_startup_nrf52.s
Build Time Elapsed:  00:00:07
</pre>
</body>
</html>
